
===========================================================================
report_checks -unconstrained
===========================================================================
======================= max_ss_100C_1v60 Corner ===================================

Startpoint: HRESETn (input port clocked by HCLK)
Endpoint: _158_ (recovery check against rising-edge clock HCLK)
Path Group: asynchronous
Path Type: max

Fanout         Cap        Slew       Delay        Time   Description
---------------------------------------------------------------------------------------------
                                  0.000000    0.000000   clock HCLK (rise edge)
                                  0.000000    0.000000   clock network delay (propagated)
                                  2.000000    2.000000 ^ input external delay
     1    0.002986    0.033471    0.016819    2.016819 ^ HRESETn (in)
                                                         HRESETn (net)
                      0.033471    0.000000    2.016819 ^ input34/A (sky130_fd_sc_hd__buf_1)
     1    0.011454    0.227437    0.246142    2.262960 ^ input34/X (sky130_fd_sc_hd__buf_1)
                                                         net34 (net)
                      0.227444    0.001041    2.264002 ^ fanout192/A (sky130_fd_sc_hd__buf_8)
     6    0.143780    0.365224    0.424176    2.688178 ^ fanout192/X (sky130_fd_sc_hd__buf_8)
                                                         net192 (net)
                      0.377552    0.052716    2.740893 ^ fanout187/A (sky130_fd_sc_hd__buf_8)
     6    0.162700    0.411830    0.517757    3.258650 ^ fanout187/X (sky130_fd_sc_hd__buf_8)
                                                         net187 (net)
                      0.421740    0.050808    3.309458 ^ fanout185/A (sky130_fd_sc_hd__buf_8)
    11    0.138311    0.353283    0.487246    3.796704 ^ fanout185/X (sky130_fd_sc_hd__buf_8)
                                                         net185 (net)
                      0.373032    0.065199    3.861903 ^ fanout184/A (sky130_fd_sc_hd__clkbuf_4)
    10    0.043455    0.220398    0.493555    4.355457 ^ fanout184/X (sky130_fd_sc_hd__clkbuf_4)
                                                         net184 (net)
                      0.220445    0.003167    4.358624 ^ _158_/RESET_B (sky130_fd_sc_hd__dfrtp_1)
                                              4.358624   data arrival time

                                 10.000000   10.000000   clock HCLK (rise edge)
                                  0.000000   10.000000   clock source latency
     1    0.061639    0.440160    0.316772   10.316772 ^ HCLK (in)
                                                         HCLK (net)
                      0.441176    0.000000   10.316772 ^ clkbuf_0_HCLK/A (sky130_fd_sc_hd__clkbuf_16)
     5    0.139073    0.234758    0.509423   10.826195 ^ clkbuf_0_HCLK/X (sky130_fd_sc_hd__clkbuf_16)
                                                         clknet_0_HCLK (net)
                      0.237159    0.019055   10.845249 ^ clkbuf_2_1_0_HCLK/A (sky130_fd_sc_hd__clkbuf_8)
     2    0.038116    0.125670    0.347736   11.192986 ^ clkbuf_2_1_0_HCLK/X (sky130_fd_sc_hd__clkbuf_8)
                                                         clknet_2_1_0_HCLK (net)
                      0.126396    0.006861   11.199846 ^ clkbuf_3_3__f_HCLK/A (sky130_fd_sc_hd__clkbuf_16)
    10    0.027102    0.076531    0.257083   11.456930 ^ clkbuf_3_3__f_HCLK/X (sky130_fd_sc_hd__clkbuf_16)
                                                         clknet_3_3__leaf_HCLK (net)
                      0.076561    0.001348   11.458279 ^ _158_/CLK (sky130_fd_sc_hd__dfrtp_1)
                                 -0.250000   11.208278   clock uncertainty
                                  0.000000   11.208278   clock reconvergence pessimism
                                  0.409060   11.617338   library recovery time
                                             11.617338   data required time
---------------------------------------------------------------------------------------------
                                             11.617338   data required time
                                             -4.358624   data arrival time
---------------------------------------------------------------------------------------------
                                              7.258714   slack (MET)


Startpoint: _216_ (rising edge-triggered flip-flop clocked by HCLK)
Endpoint: PSEL[2] (output port clocked by HCLK)
Path Group: HCLK
Path Type: max

Fanout         Cap        Slew       Delay        Time   Description
---------------------------------------------------------------------------------------------
                                  0.000000    0.000000   clock HCLK (rise edge)
                                  0.000000    0.000000   clock source latency
     1    0.061639    0.440160    0.316772    0.316772 ^ HCLK (in)
                                                         HCLK (net)
                      0.441176    0.000000    0.316772 ^ clkbuf_0_HCLK/A (sky130_fd_sc_hd__clkbuf_16)
     5    0.139073    0.234758    0.509423    0.826194 ^ clkbuf_0_HCLK/X (sky130_fd_sc_hd__clkbuf_16)
                                                         clknet_0_HCLK (net)
                      0.236359    0.015682    0.841876 ^ clkbuf_2_3_0_HCLK/A (sky130_fd_sc_hd__clkbuf_8)
     2    0.040536    0.131142    0.353616    1.195492 ^ clkbuf_2_3_0_HCLK/X (sky130_fd_sc_hd__clkbuf_8)
                                                         clknet_2_3_0_HCLK (net)
                      0.131178    0.002216    1.197708 ^ clkbuf_3_7__f_HCLK/A (sky130_fd_sc_hd__clkbuf_16)
     7    0.051998    0.109589    0.288533    1.486242 ^ clkbuf_3_7__f_HCLK/X (sky130_fd_sc_hd__clkbuf_16)
                                                         clknet_3_7__leaf_HCLK (net)
                      0.111237    0.010408    1.496650 ^ _216_/CLK (sky130_fd_sc_hd__dfrtp_2)
     5    0.020661    0.153739    0.924550    2.421200 v _216_/Q (sky130_fd_sc_hd__dfrtp_2)
                                                         u_bridge_fsm.state[0] (net)
                      0.153739    0.001148    2.422348 v _076_/A (sky130_fd_sc_hd__xor2_2)
     6    0.017934    0.389409    0.448926    2.871274 ^ _076_/X (sky130_fd_sc_hd__xor2_2)
                                                         _070_ (net)
                      0.389539    0.000858    2.872132 ^ _079_/C (sky130_fd_sc_hd__and3b_1)
     1    0.005944    0.130114    0.451265    3.323396 ^ _079_/X (sky130_fd_sc_hd__and3b_1)
                                                         net140 (net)
                      0.130114    0.000466    3.323862 ^ output140/A (sky130_fd_sc_hd__buf_2)
     1    0.036132    0.286343    0.380625    3.704487 ^ output140/X (sky130_fd_sc_hd__buf_2)
                                                         PSEL[2] (net)
                      0.286351    0.001896    3.706383 ^ PSEL[2] (out)
                                              3.706383   data arrival time

                                 10.000000   10.000000   clock HCLK (rise edge)
                                  0.000000   10.000000   clock network delay (propagated)
                                 -0.250000    9.750000   clock uncertainty
                                  0.000000    9.750000   clock reconvergence pessimism
                                 -2.000000    7.750000   output external delay
                                              7.750000   data required time
---------------------------------------------------------------------------------------------
                                              7.750000   data required time
                                             -3.706383   data arrival time
---------------------------------------------------------------------------------------------
                                              4.043617   slack (MET)




===========================================================================
report_checks --slack_max -0.01
============================================================================
======================= max_ss_100C_1v60 Corner ===================================

No paths found.


===========================================================================
 report_check_types -max_slew -max_cap -max_fanout -violators
============================================================================
======================= max_ss_100C_1v60 Corner ===================================

max fanout

Pin                                   Limit Fanout  Slack
---------------------------------------------------------
fanout190/X                              10     13     -3 (VIOLATED)
fanout176/X                              10     12     -2 (VIOLATED)
clkbuf_3_4__f_HCLK/X                     10     11        (VIOLATED)
clkbuf_3_5__f_HCLK/X                     10     11        (VIOLATED)
fanout185/X                              10     11        (VIOLATED)



===========================================================================
report_parasitic_annotation -report_unannotated
============================================================================
Found 4 unannotated drivers.
 HTRANS[0]
 clkload0/X
 clkload1/X
 clkload2/Y
Found 0 partially unannotated drivers.

===========================================================================
max slew violation count 0
max fanout violation count 5
max cap violation count 0
============================================================================

===========================================================================
check_setup -verbose -unconstrained_endpoints -multiple_clock -no_clock -no_input_delay -loops -generated_clocks
===========================================================================
