Clock: HCLK
Sources: HCLK 
Generated: no
Virtual: yes
Propagated: no
Period: 10.000000

===========================================================================
report_clock_properties
============================================================================
Clock                   Period          Waveform
----------------------------------------------------
HCLK                 10.000000    0.000000  5.000000

===========================================================================
report_clock_latency
============================================================================
Clock HCLK
rise -> rise
    min     max
0.000000 0.000000 source latency
1.458061         network latency _205_/CLK
        1.558267 network latency _207_/CLK
---------------
1.458061 1.558267 latency
        0.100206 skew

fall -> fall
    min     max
0.000000 0.000000 source latency
1.273419         network latency _205_/CLK
        1.350991 network latency _207_/CLK
---------------
1.273419 1.350991 latency
        0.077573 skew



===========================================================================
report_clock_min_period
============================================================================
HCLK period_min = 3.28 fmax = 304.91
