
===========================================================================
 report_power
============================================================================
======================= max_ss_100C_1v60 Corner ===================================

Group                    Internal    Switching      Leakage        Total
                            Power        Power        Power        Power (Watts)
------------------------------------------------------------------------
Sequential           2.450085e-04 2.557941e-05 1.268536e-06 2.718564e-04  30.0%
Combinational        1.108871e-04 1.759852e-04 2.054824e-06 2.889271e-04  31.8%
Clock                1.674870e-04 1.786828e-04 2.628831e-07 3.464327e-04  38.2%
Macro                0.000000e+00 0.000000e+00 0.000000e+00 0.000000e+00   0.0%
Pad                  0.000000e+00 0.000000e+00 0.000000e+00 0.000000e+00   0.0%
------------------------------------------------------------------------
Total                5.233827e-04 3.802474e-04 3.586251e-06 9.072164e-04 100.0%
                            57.7%        41.9%         0.4%

