[INFO GRT-0043] No OR_DEFAULT vias defined.
Net: net5
  Pin:   _097_/A0 (sky130_fd_sc_hd__mux2_1)
    Layer: mcon
      Partial area ratio:    0.23
      Required ratio:    3.00 (Gate area) 
      Cumulative area ratio:    0.23
      Required ratio:    0.00 (Cumulative area) 

    Layer: met1
      Partial area ratio:  259.57
      Required ratio:    0.00 (Gate area) 
      Cumulative area ratio:  259.57
      Required ratio:    0.00 (Cumulative area) 
      Partial area ratio: 1296.37
      Required ratio:  400.00 (Side area) (VIOLATED)
      Cumulative area ratio: 1296.37
      Required ratio:    0.00 (Cumulative side area) 

    Layer: via
      Partial area ratio:    0.36
      Required ratio:    6.00 (Gate area) 
      Cumulative area ratio:    0.59
      Required ratio:    0.00 (Cumulative area) 

    Layer: met2
      Partial area ratio:  331.95
      Required ratio:    0.00 (Gate area) 
      Cumulative area ratio:  591.52
      Required ratio:    0.00 (Cumulative area) 
      Partial area ratio: 1658.67
      Required ratio: 2918.08 (Side area) 
      Cumulative area ratio: 2955.04
      Required ratio:    0.00 (Cumulative side area) 



Net: net176
  Pin:   _091_/S (sky130_fd_sc_hd__mux2_1)
    Layer: mcon
      Partial area ratio:    0.11
      Required ratio:    3.00 (Gate area) 
      Cumulative area ratio:    0.11
      Required ratio:    0.00 (Cumulative area) 

    Layer: met1
      Partial area ratio:  187.83
      Required ratio:    0.00 (Gate area) 
      Cumulative area ratio:  187.83
      Required ratio:    0.00 (Cumulative area) 
      Partial area ratio:  937.97
      Required ratio:  400.00 (Side area) (VIOLATED)
      Cumulative area ratio:  937.97
      Required ratio:    0.00 (Cumulative side area) 

    Layer: via
      Partial area ratio:    0.27
      Required ratio:    6.00 (Gate area) 
      Cumulative area ratio:    0.38
      Required ratio:    0.00 (Cumulative area) 

    Layer: met2
      Partial area ratio:   23.56
      Required ratio:    0.00 (Gate area) 
      Cumulative area ratio:  211.39
      Required ratio:    0.00 (Cumulative area) 
      Partial area ratio:  117.42
      Required ratio: 3312.80 (Side area) 
      Cumulative area ratio: 1055.38
      Required ratio:    0.00 (Cumulative side area) 


  Pin:   _093_/S (sky130_fd_sc_hd__mux2_1)
    Layer: mcon
      Partial area ratio:    0.11
      Required ratio:    3.00 (Gate area) 
      Cumulative area ratio:    0.11
      Required ratio:    0.00 (Cumulative area) 

    Layer: met1
      Partial area ratio:    5.09
      Required ratio:    0.00 (Gate area) 
      Cumulative area ratio:    5.09
      Required ratio:    0.00 (Cumulative area) 
      Partial area ratio:   24.36
      Required ratio:  400.00 (Side area) 
      Cumulative area ratio:   24.36
      Required ratio:    0.00 (Cumulative side area) 

    Layer: via
      Partial area ratio:    0.15
      Required ratio:    6.00 (Gate area) 
      Cumulative area ratio:    0.26
      Required ratio:    0.00 (Cumulative area) 

    Layer: met2
      Partial area ratio:   23.56
      Required ratio:    0.00 (Gate area) 
      Cumulative area ratio:   28.65
      Required ratio:    0.00 (Cumulative area) 
      Partial area ratio:  117.42
      Required ratio: 3312.80 (Side area) 
      Cumulative area ratio:  141.77
      Required ratio:    0.00 (Cumulative side area) 


  Pin:   _094_/S (sky130_fd_sc_hd__mux2_1)
    Layer: mcon
      Partial area ratio:    0.11
      Required ratio:    3.00 (Gate area) 
      Cumulative area ratio:    0.11
      Required ratio:    0.00 (Cumulative area) 

    Layer: met1
      Partial area ratio:    5.97
      Required ratio:    0.00 (Gate area) 
      Cumulative area ratio:    5.97
      Required ratio:    0.00 (Cumulative area) 
      Partial area ratio:   28.93
      Required ratio:  400.00 (Side area) 
      Cumulative area ratio:   28.93
      Required ratio:    0.00 (Cumulative side area) 

    Layer: via
      Partial area ratio:    0.18
      Required ratio:    6.00 (Gate area) 
      Cumulative area ratio:    0.29
      Required ratio:    0.00 (Cumulative area) 

    Layer: met2
      Partial area ratio:   23.56
      Required ratio:    0.00 (Gate area) 
      Cumulative area ratio:   29.54
      Required ratio:    0.00 (Cumulative area) 
      Partial area ratio:  117.42
      Required ratio: 3312.80 (Side area) 
      Cumulative area ratio:  146.35
      Required ratio:    0.00 (Cumulative side area) 


  Pin:   _107_/S (sky130_fd_sc_hd__mux2_1)
    Layer: mcon
      Partial area ratio:    0.11
      Required ratio:    3.00 (Gate area) 
      Cumulative area ratio:    0.11
      Required ratio:    0.00 (Cumulative area) 

    Layer: met1
      Partial area ratio:    7.21
      Required ratio:    0.00 (Gate area) 
      Cumulative area ratio:    7.21
      Required ratio:    0.00 (Cumulative area) 
      Partial area ratio:   35.12
      Required ratio:  400.00 (Side area) 
      Cumulative area ratio:   35.12
      Required ratio:    0.00 (Cumulative side area) 

    Layer: via
      Partial area ratio:    0.18
      Required ratio:    6.00 (Gate area) 
      Cumulative area ratio:    0.29
      Required ratio:    0.00 (Cumulative area) 

    Layer: met2
      Partial area ratio:   23.56
      Required ratio:    0.00 (Gate area) 
      Cumulative area ratio:   30.77
      Required ratio:    0.00 (Cumulative area) 
      Partial area ratio:  117.42
      Required ratio: 3312.80 (Side area) 
      Cumulative area ratio:  152.54
      Required ratio:    0.00 (Cumulative side area) 


  Pin:   _120_/S (sky130_fd_sc_hd__mux2_1)
    Layer: mcon
      Partial area ratio:    0.11
      Required ratio:    3.00 (Gate area) 
      Cumulative area ratio:    0.11
      Required ratio:    0.00 (Cumulative area) 

    Layer: met1
      Partial area ratio:    5.09
      Required ratio:    0.00 (Gate area) 
      Cumulative area ratio:    5.09
      Required ratio:    0.00 (Cumulative area) 
      Partial area ratio:   24.36
      Required ratio:  400.00 (Side area) 
      Cumulative area ratio:   24.36
      Required ratio:    0.00 (Cumulative side area) 

    Layer: via
      Partial area ratio:    0.15
      Required ratio:    6.00 (Gate area) 
      Cumulative area ratio:    0.26
      Required ratio:    0.00 (Cumulative area) 

    Layer: met2
      Partial area ratio:   23.56
      Required ratio:    0.00 (Gate area) 
      Cumulative area ratio:   28.65
      Required ratio:    0.00 (Cumulative area) 
      Partial area ratio:  117.42
      Required ratio: 3312.80 (Side area) 
      Cumulative area ratio:  141.77
      Required ratio:    0.00 (Cumulative side area) 


  Pin:   _130_/S (sky130_fd_sc_hd__mux2_1)
    Layer: mcon
      Partial area ratio:    0.11
      Required ratio:    3.00 (Gate area) 
      Cumulative area ratio:    0.11
      Required ratio:    0.00 (Cumulative area) 

    Layer: met1
      Partial area ratio:    5.26
      Required ratio:    0.00 (Gate area) 
      Cumulative area ratio:    5.26
      Required ratio:    0.00 (Cumulative area) 
      Partial area ratio:   24.70
      Required ratio: 3312.80 (Side area) 
      Cumulative area ratio:   24.70
      Required ratio:    0.00 (Cumulative side area) 

    Layer: via
      Partial area ratio:    0.27
      Required ratio:   70.15 (Gate area) 
      Cumulative area ratio:    0.38
      Required ratio:    0.00 (Cumulative area) 

    Layer: met2
      Partial area ratio:   23.56
      Required ratio:    0.00 (Gate area) 
      Cumulative area ratio:   28.82
      Required ratio:    0.00 (Cumulative area) 
      Partial area ratio:  117.42
      Required ratio: 3312.80 (Side area) 
      Cumulative area ratio:  142.12
      Required ratio:    0.00 (Cumulative side area) 


  Pin:   _135_/S (sky130_fd_sc_hd__mux2_1)
    Layer: mcon
      Partial area ratio:    0.11
      Required ratio:    3.00 (Gate area) 
      Cumulative area ratio:    0.11
      Required ratio:    0.00 (Cumulative area) 

    Layer: met1
      Partial area ratio:    5.97
      Required ratio:    0.00 (Gate area) 
      Cumulative area ratio:    5.97
      Required ratio:    0.00 (Cumulative area) 
      Partial area ratio:   28.93
      Required ratio:  400.00 (Side area) 
      Cumulative area ratio:   28.93
      Required ratio:    0.00 (Cumulative side area) 

    Layer: via
      Partial area ratio:    0.18
      Required ratio:    6.00 (Gate area) 
      Cumulative area ratio:    0.29
      Required ratio:    0.00 (Cumulative area) 

    Layer: met2
      Partial area ratio:   23.56
      Required ratio:    0.00 (Gate area) 
      Cumulative area ratio:   29.54
      Required ratio:    0.00 (Cumulative area) 
      Partial area ratio:  117.42
      Required ratio: 3312.80 (Side area) 
      Cumulative area ratio:  146.35
      Required ratio:    0.00 (Cumulative side area) 


  Pin:   _136_/S (sky130_fd_sc_hd__mux2_1)
    Layer: mcon
      Partial area ratio:    0.11
      Required ratio:    3.00 (Gate area) 
      Cumulative area ratio:    0.11
      Required ratio:    0.00 (Cumulative area) 

    Layer: met1
      Partial area ratio:    7.21
      Required ratio:    0.00 (Gate area) 
      Cumulative area ratio:    7.21
      Required ratio:    0.00 (Cumulative area) 
      Partial area ratio:   35.12
      Required ratio:  400.00 (Side area) 
      Cumulative area ratio:   35.12
      Required ratio:    0.00 (Cumulative side area) 

    Layer: via
      Partial area ratio:    0.18
      Required ratio:    6.00 (Gate area) 
      Cumulative area ratio:    0.29
      Required ratio:    0.00 (Cumulative area) 

    Layer: met2
      Partial area ratio:   23.56
      Required ratio:    0.00 (Gate area) 
      Cumulative area ratio:   30.77
      Required ratio:    0.00 (Cumulative area) 
      Partial area ratio:  117.42
      Required ratio: 3312.80 (Side area) 
      Cumulative area ratio:  152.54
      Required ratio:    0.00 (Cumulative side area) 


  Pin:   _145_/S (sky130_fd_sc_hd__mux2_1)
    Layer: mcon
      Partial area ratio:    0.11
      Required ratio:    3.00 (Gate area) 
      Cumulative area ratio:    0.11
      Required ratio:    0.00 (Cumulative area) 

    Layer: met1
      Partial area ratio:    5.09
      Required ratio:    0.00 (Gate area) 
      Cumulative area ratio:    5.09
      Required ratio:    0.00 (Cumulative area) 
      Partial area ratio:   24.36
      Required ratio:  400.00 (Side area) 
      Cumulative area ratio:   24.36
      Required ratio:    0.00 (Cumulative side area) 

    Layer: via
      Partial area ratio:    0.15
      Required ratio:    6.00 (Gate area) 
      Cumulative area ratio:    0.26
      Required ratio:    0.00 (Cumulative area) 

    Layer: met2
      Partial area ratio:   23.56
      Required ratio:    0.00 (Gate area) 
      Cumulative area ratio:   28.65
      Required ratio:    0.00 (Cumulative area) 
      Partial area ratio:  117.42
      Required ratio: 3312.80 (Side area) 
      Cumulative area ratio:  141.77
      Required ratio:    0.00 (Cumulative side area) 


  Pin:   fanout175/A (sky130_fd_sc_hd__clkbuf_4)
    Layer: mcon
      Partial area ratio:    0.14
      Required ratio:    3.00 (Gate area) 
      Cumulative area ratio:    0.14
      Required ratio:    0.00 (Cumulative area) 

    Layer: met1
      Partial area ratio:    1.58
      Required ratio:    0.00 (Gate area) 
      Cumulative area ratio:    1.58
      Required ratio:    0.00 (Cumulative area) 
      Partial area ratio:    7.28
      Required ratio:  400.00 (Side area) 
      Cumulative area ratio:    7.28
      Required ratio:    0.00 (Cumulative side area) 

    Layer: via
      Partial area ratio:    0.17
      Required ratio:    6.00 (Gate area) 
      Cumulative area ratio:    0.30
      Required ratio:    0.00 (Cumulative area) 

    Layer: met2
      Partial area ratio:   23.56
      Required ratio:    0.00 (Gate area) 
      Cumulative area ratio:   25.14
      Required ratio:    0.00 (Cumulative area) 
      Partial area ratio:  117.42
      Required ratio: 3312.80 (Side area) 
      Cumulative area ratio:  124.70
      Required ratio:    0.00 (Cumulative side area) 



Net: net185
  Pin:   _160_/RESET_B (sky130_fd_sc_hd__dfrtp_1)
    Layer: met1
      Partial area ratio:    1.37
      Required ratio:    0.00 (Gate area) 
      Cumulative area ratio:    1.37
      Required ratio:    0.00 (Cumulative area) 
      Partial area ratio:    7.12
      Required ratio:  400.00 (Side area) 
      Cumulative area ratio:    7.12
      Required ratio:    0.00 (Cumulative side area) 

    Layer: via
      Partial area ratio:    0.09
      Required ratio:    6.00 (Gate area) 
      Cumulative area ratio:    0.09
      Required ratio:    0.00 (Cumulative area) 

    Layer: met2
      Partial area ratio:    0.86
      Required ratio:    0.00 (Gate area) 
      Cumulative area ratio:    2.23
      Required ratio:    0.00 (Cumulative area) 
      Partial area ratio:    4.22
      Required ratio:  400.00 (Side area) 
      Cumulative area ratio:   11.34
      Required ratio:    0.00 (Cumulative side area) 


  Pin:   _161_/RESET_B (sky130_fd_sc_hd__dfrtp_1)
    Layer: met1
      Partial area ratio:   17.38
      Required ratio:    0.00 (Gate area) 
      Cumulative area ratio:   17.38
      Required ratio:    0.00 (Cumulative area) 
      Partial area ratio:   92.42
      Required ratio:  400.00 (Side area) 
      Cumulative area ratio:   92.42
      Required ratio:    0.00 (Cumulative side area) 

    Layer: via
      Partial area ratio:    0.02
      Required ratio:    6.00 (Gate area) 
      Cumulative area ratio:    0.02
      Required ratio:    0.00 (Cumulative area) 

    Layer: met2
      Partial area ratio:    0.86
      Required ratio:    0.00 (Gate area) 
      Cumulative area ratio:   18.24
      Required ratio:    0.00 (Cumulative area) 
      Partial area ratio:    4.22
      Required ratio:  400.00 (Side area) 
      Cumulative area ratio:   96.65
      Required ratio:    0.00 (Cumulative side area) 


  Pin:   _174_/RESET_B (sky130_fd_sc_hd__dfrtp_1)
    Layer: met1
      Partial area ratio:    6.10
      Required ratio:    0.00 (Gate area) 
      Cumulative area ratio:    6.10
      Required ratio:    0.00 (Cumulative area) 
      Partial area ratio:   33.30
      Required ratio:  400.00 (Side area) 
      Cumulative area ratio:   33.30
      Required ratio:    0.00 (Cumulative side area) 

    Layer: via
      Partial area ratio:    0.03
      Required ratio:    6.00 (Gate area) 
      Cumulative area ratio:    0.03
      Required ratio:    0.00 (Cumulative area) 

    Layer: met2
      Partial area ratio:   43.78
      Required ratio:    0.00 (Gate area) 
      Cumulative area ratio:   49.88
      Required ratio:    0.00 (Cumulative area) 
      Partial area ratio:  218.70
      Required ratio:  400.00 (Side area) 
      Cumulative area ratio:  252.00
      Required ratio:    0.00 (Cumulative side area) 


  Pin:   _187_/RESET_B (sky130_fd_sc_hd__dfrtp_1)
    Layer: met1
      Partial area ratio:    9.57
      Required ratio:    0.00 (Gate area) 
      Cumulative area ratio:    9.57
      Required ratio:    0.00 (Cumulative area) 
      Partial area ratio:   51.36
      Required ratio:  400.00 (Side area) 
      Cumulative area ratio:   51.36
      Required ratio:    0.00 (Cumulative side area) 

    Layer: via
      Partial area ratio:    0.06
      Required ratio:    6.00 (Gate area) 
      Cumulative area ratio:    0.06
      Required ratio:    0.00 (Cumulative area) 

    Layer: met2
      Partial area ratio:   43.29
      Required ratio:    0.00 (Gate area) 
      Cumulative area ratio:   52.86
      Required ratio:    0.00 (Cumulative area) 
      Partial area ratio:  216.16
      Required ratio:  400.00 (Side area) 
      Cumulative area ratio:  267.52
      Required ratio:    0.00 (Cumulative side area) 


  Pin:   _197_/RESET_B (sky130_fd_sc_hd__dfrtp_1)
    Layer: met1
      Partial area ratio:    5.41
      Required ratio:    0.00 (Gate area) 
      Cumulative area ratio:    5.41
      Required ratio:    0.00 (Cumulative area) 
      Partial area ratio:   28.44
      Required ratio:  400.00 (Side area) 
      Cumulative area ratio:   28.44
      Required ratio:    0.00 (Cumulative side area) 

    Layer: via
      Partial area ratio:    0.04
      Required ratio:    6.00 (Gate area) 
      Cumulative area ratio:    0.04
      Required ratio:    0.00 (Cumulative area) 

    Layer: met2
      Partial area ratio:    0.93
      Required ratio:    0.00 (Gate area) 
      Cumulative area ratio:    6.34
      Required ratio:    0.00 (Cumulative area) 
      Partial area ratio:    4.54
      Required ratio:  400.00 (Side area) 
      Cumulative area ratio:   32.99
      Required ratio:    0.00 (Cumulative side area) 


  Pin:   _202_/RESET_B (sky130_fd_sc_hd__dfrtp_1)
    Layer: met1
      Partial area ratio:    4.34
      Required ratio:    0.00 (Gate area) 
      Cumulative area ratio:    4.34
      Required ratio:    0.00 (Cumulative area) 
      Partial area ratio:   23.02
      Required ratio:  400.00 (Side area) 
      Cumulative area ratio:   23.02
      Required ratio:    0.00 (Cumulative side area) 

    Layer: via
      Partial area ratio:    0.02
      Required ratio:    6.00 (Gate area) 
      Cumulative area ratio:    0.02
      Required ratio:    0.00 (Cumulative area) 

    Layer: met2
      Partial area ratio:    0.86
      Required ratio:    0.00 (Gate area) 
      Cumulative area ratio:    5.20
      Required ratio:    0.00 (Cumulative area) 
      Partial area ratio:    4.22
      Required ratio:  400.00 (Side area) 
      Cumulative area ratio:   27.24
      Required ratio:    0.00 (Cumulative side area) 


  Pin:   _203_/RESET_B (sky130_fd_sc_hd__dfrtp_1)
    Layer: met1
      Partial area ratio:    0.42
      Required ratio:    0.00 (Gate area) 
      Cumulative area ratio:    0.42
      Required ratio:    0.00 (Cumulative area) 
      Partial area ratio:    2.30
      Required ratio:  400.00 (Side area) 
      Cumulative area ratio:    2.30
      Required ratio:    0.00 (Cumulative side area) 


  Pin:   _212_/RESET_B (sky130_fd_sc_hd__dfrtp_1)
    Layer: met1
      Partial area ratio:    3.78
      Required ratio:    0.00 (Gate area) 
      Cumulative area ratio:    3.78
      Required ratio:    0.00 (Cumulative area) 
      Partial area ratio:   20.67
      Required ratio:  400.00 (Side area) 
      Cumulative area ratio:   20.67
      Required ratio:    0.00 (Cumulative side area) 

    Layer: via
      Partial area ratio:    0.03
      Required ratio:    6.00 (Gate area) 
      Cumulative area ratio:    0.03
      Required ratio:    0.00 (Cumulative area) 

    Layer: met2
      Partial area ratio:   43.78
      Required ratio:    0.00 (Gate area) 
      Cumulative area ratio:   47.57
      Required ratio:    0.00 (Cumulative area) 
      Partial area ratio:  218.70
      Required ratio:  400.00 (Side area) 
      Cumulative area ratio:  239.37
      Required ratio:    0.00 (Cumulative side area) 


  Pin:   _213_/RESET_B (sky130_fd_sc_hd__dfrtp_1)
    Layer: met1
      Partial area ratio:  189.49
      Required ratio:    0.00 (Gate area) 
      Cumulative area ratio:  189.49
      Required ratio:    0.00 (Cumulative area) 
      Partial area ratio:  946.96
      Required ratio:  400.00 (Side area) (VIOLATED)
      Cumulative area ratio:  946.96
      Required ratio:    0.00 (Cumulative side area) 

    Layer: via
      Partial area ratio:    0.18
      Required ratio:    6.00 (Gate area) 
      Cumulative area ratio:    0.18
      Required ratio:    0.00 (Cumulative area) 

    Layer: met2
      Partial area ratio:   43.78
      Required ratio:    0.00 (Gate area) 
      Cumulative area ratio:  233.27
      Required ratio:    0.00 (Cumulative area) 
      Partial area ratio:  218.70
      Required ratio:  400.00 (Side area) 
      Cumulative area ratio: 1165.66
      Required ratio:    0.00 (Cumulative side area) 


  Pin:   fanout184/A (sky130_fd_sc_hd__clkbuf_4)
    Layer: mcon
      Partial area ratio:    0.14
      Required ratio:    3.00 (Gate area) 
      Cumulative area ratio:    0.14
      Required ratio:    0.00 (Cumulative area) 

    Layer: met1
      Partial area ratio:    3.40
      Required ratio:    0.00 (Gate area) 
      Cumulative area ratio:    3.40
      Required ratio:    0.00 (Cumulative area) 
      Partial area ratio:   16.15
      Required ratio:  400.00 (Side area) 
      Cumulative area ratio:   16.15
      Required ratio:    0.00 (Cumulative side area) 

    Layer: via
      Partial area ratio:    0.21
      Required ratio:    6.00 (Gate area) 
      Cumulative area ratio:    0.35
      Required ratio:    0.00 (Cumulative area) 

    Layer: met2
      Partial area ratio:   43.78
      Required ratio:    0.00 (Gate area) 
      Cumulative area ratio:   47.19
      Required ratio:    0.00 (Cumulative area) 
      Partial area ratio:  218.70
      Required ratio:  400.00 (Side area) 
      Cumulative area ratio:  234.86
      Required ratio:    0.00 (Cumulative side area) 



Net: net187
  Pin:   _182_/RESET_B (sky130_fd_sc_hd__dfrtp_1)
    Layer: met1
      Partial area ratio:    1.98
      Required ratio:    0.00 (Gate area) 
      Cumulative area ratio:    1.98
      Required ratio:    0.00 (Cumulative area) 
      Partial area ratio:   10.26
      Required ratio:  400.00 (Side area) 
      Cumulative area ratio:   10.26
      Required ratio:    0.00 (Cumulative side area) 

    Layer: via
      Partial area ratio:    0.09
      Required ratio:    6.00 (Gate area) 
      Cumulative area ratio:    0.09
      Required ratio:    0.00 (Cumulative area) 

    Layer: met2
      Partial area ratio:   40.97
      Required ratio:    0.00 (Gate area) 
      Cumulative area ratio:   42.95
      Required ratio:    0.00 (Cumulative area) 
      Partial area ratio:  204.57
      Required ratio: 3312.80 (Side area) 
      Cumulative area ratio:  214.84
      Required ratio:    0.00 (Cumulative side area) 


  Pin:   _184_/RESET_B (sky130_fd_sc_hd__dfrtp_1)
    Layer: met1
      Partial area ratio:  218.72
      Required ratio:    0.00 (Gate area) 
      Cumulative area ratio:  218.72
      Required ratio:    0.00 (Cumulative area) 
      Partial area ratio: 1093.12
      Required ratio:  400.00 (Side area) (VIOLATED)
      Cumulative area ratio: 1093.12
      Required ratio:    0.00 (Cumulative side area) 

    Layer: via
      Partial area ratio:    0.18
      Required ratio:    6.00 (Gate area) 
      Cumulative area ratio:    0.18
      Required ratio:    0.00 (Cumulative area) 

    Layer: met2
      Partial area ratio:   40.97
      Required ratio:    0.00 (Gate area) 
      Cumulative area ratio:  259.69
      Required ratio:    0.00 (Cumulative area) 
      Partial area ratio:  204.57
      Required ratio: 3312.80 (Side area) 
      Cumulative area ratio: 1297.70
      Required ratio:    0.00 (Cumulative side area) 


  Pin:   _195_/RESET_B (sky130_fd_sc_hd__dfrtp_4)
    Layer: met1
      Partial area ratio:    9.33
      Required ratio:    0.00 (Gate area) 
      Cumulative area ratio:    9.33
      Required ratio:    0.00 (Cumulative area) 
      Partial area ratio:   46.30
      Required ratio: 3312.80 (Side area) 
      Cumulative area ratio:   46.30
      Required ratio:    0.00 (Cumulative side area) 

    Layer: via
      Partial area ratio:    0.18
      Required ratio:   70.15 (Gate area) 
      Cumulative area ratio:    0.18
      Required ratio:    0.00 (Cumulative area) 

    Layer: met2
      Partial area ratio:   40.97
      Required ratio:    0.00 (Gate area) 
      Cumulative area ratio:   50.30
      Required ratio:    0.00 (Cumulative area) 
      Partial area ratio:  204.57
      Required ratio: 3312.80 (Side area) 
      Cumulative area ratio:  250.87
      Required ratio:    0.00 (Cumulative side area) 


  Pin:   fanout185/A (sky130_fd_sc_hd__buf_8)
    Layer: mcon
      Partial area ratio:    0.04
      Required ratio:    3.00 (Gate area) 
      Cumulative area ratio:    0.04
      Required ratio:    0.00 (Cumulative area) 

    Layer: met1
      Partial area ratio:    0.34
      Required ratio:    0.00 (Gate area) 
      Cumulative area ratio:    0.34
      Required ratio:    0.00 (Cumulative area) 
      Partial area ratio:    1.31
      Required ratio:  400.00 (Side area) 
      Cumulative area ratio:    1.31
      Required ratio:    0.00 (Cumulative side area) 

    Layer: via
      Partial area ratio:    0.06
      Required ratio:    6.00 (Gate area) 
      Cumulative area ratio:    0.10
      Required ratio:    0.00 (Cumulative area) 

    Layer: met2
      Partial area ratio:   40.97
      Required ratio:    0.00 (Gate area) 
      Cumulative area ratio:   41.31
      Required ratio:    0.00 (Cumulative area) 
      Partial area ratio:  204.57
      Required ratio: 3312.80 (Side area) 
      Cumulative area ratio:  205.88
      Required ratio:    0.00 (Cumulative side area) 


  Pin:   fanout186/A (sky130_fd_sc_hd__clkbuf_4)
    Layer: mcon
      Partial area ratio:    0.14
      Required ratio:    3.00 (Gate area) 
      Cumulative area ratio:    0.14
      Required ratio:    0.00 (Cumulative area) 

    Layer: met1
      Partial area ratio:    6.43
      Required ratio:    0.00 (Gate area) 
      Cumulative area ratio:    6.43
      Required ratio:    0.00 (Cumulative area) 
      Partial area ratio:   31.27
      Required ratio:  400.00 (Side area) 
      Cumulative area ratio:   31.27
      Required ratio:    0.00 (Cumulative side area) 

    Layer: via
      Partial area ratio:    0.21
      Required ratio:    6.00 (Gate area) 
      Cumulative area ratio:    0.35
      Required ratio:    0.00 (Cumulative area) 

    Layer: met2
      Partial area ratio:   40.97
      Required ratio:    0.00 (Gate area) 
      Cumulative area ratio:   47.40
      Required ratio:    0.00 (Cumulative area) 
      Partial area ratio:  204.57
      Required ratio: 3312.80 (Side area) 
      Cumulative area ratio:  235.84
      Required ratio:    0.00 (Cumulative side area) 



Net: net190
  Pin:   _154_/RESET_B (sky130_fd_sc_hd__dfrtp_1)
    Layer: met1
      Partial area ratio:    4.17
      Required ratio:    0.00 (Gate area) 
      Cumulative area ratio:    4.17
      Required ratio:    0.00 (Cumulative area) 
      Partial area ratio:   21.20
      Required ratio:  400.00 (Side area) 
      Cumulative area ratio:   21.20
      Required ratio:    0.00 (Cumulative side area) 

    Layer: via
      Partial area ratio:    0.09
      Required ratio:    6.00 (Gate area) 
      Cumulative area ratio:    0.09
      Required ratio:    0.00 (Cumulative area) 

    Layer: met2
      Partial area ratio:   20.51
      Required ratio:    0.00 (Gate area) 
      Cumulative area ratio:   24.68
      Required ratio:    0.00 (Cumulative area) 
      Partial area ratio:  102.36
      Required ratio: 3312.80 (Side area) 
      Cumulative area ratio:  123.56
      Required ratio:    0.00 (Cumulative side area) 


  Pin:   _156_/RESET_B (sky130_fd_sc_hd__dfrtp_1)
    Layer: met1
      Partial area ratio:   31.13
      Required ratio:    0.00 (Gate area) 
      Cumulative area ratio:   31.13
      Required ratio:    0.00 (Cumulative area) 
      Partial area ratio:  156.15
      Required ratio:  400.00 (Side area) 
      Cumulative area ratio:  156.15
      Required ratio:    0.00 (Cumulative side area) 

    Layer: via
      Partial area ratio:    0.01
      Required ratio:    6.00 (Gate area) 
      Cumulative area ratio:    0.01
      Required ratio:    0.00 (Cumulative area) 

    Layer: met2
      Partial area ratio:   20.51
      Required ratio:    0.00 (Gate area) 
      Cumulative area ratio:   51.63
      Required ratio:    0.00 (Cumulative area) 
      Partial area ratio:  102.36
      Required ratio: 3312.80 (Side area) 
      Cumulative area ratio:  258.51
      Required ratio:    0.00 (Cumulative side area) 


  Pin:   _162_/RESET_B (sky130_fd_sc_hd__dfrtp_1)
    Layer: met1
      Partial area ratio:    5.31
      Required ratio:    0.00 (Gate area) 
      Cumulative area ratio:    5.31
      Required ratio:    0.00 (Cumulative area) 
      Partial area ratio:   26.40
      Required ratio:  400.00 (Side area) 
      Cumulative area ratio:   26.40
      Required ratio:    0.00 (Cumulative side area) 

    Layer: via
      Partial area ratio:    0.18
      Required ratio:    6.00 (Gate area) 
      Cumulative area ratio:    0.18
      Required ratio:    0.00 (Cumulative area) 

    Layer: met2
      Partial area ratio:   20.51
      Required ratio:    0.00 (Gate area) 
      Cumulative area ratio:   25.82
      Required ratio:    0.00 (Cumulative area) 
      Partial area ratio:  102.36
      Required ratio: 3312.80 (Side area) 
      Cumulative area ratio:  128.76
      Required ratio:    0.00 (Cumulative side area) 


  Pin:   _163_/RESET_B (sky130_fd_sc_hd__dfrtp_1)
    Layer: met1
      Partial area ratio:  189.75
      Required ratio:    0.00 (Gate area) 
      Cumulative area ratio:  189.75
      Required ratio:    0.00 (Cumulative area) 
      Partial area ratio:  948.62
      Required ratio:  400.00 (Side area) (VIOLATED)
      Cumulative area ratio:  948.62
      Required ratio:    0.00 (Cumulative side area) 

    Layer: via
      Partial area ratio:    0.18
      Required ratio:    6.00 (Gate area) 
      Cumulative area ratio:    0.18
      Required ratio:    0.00 (Cumulative area) 

    Layer: met2
      Partial area ratio:   20.51
      Required ratio:    0.00 (Gate area) 
      Cumulative area ratio:  210.26
      Required ratio:    0.00 (Cumulative area) 
      Partial area ratio:  102.36
      Required ratio: 3312.80 (Side area) 
      Cumulative area ratio: 1050.98
      Required ratio:    0.00 (Cumulative side area) 


  Pin:   _171_/RESET_B (sky130_fd_sc_hd__dfrtp_1)
    Layer: met1
      Partial area ratio:    4.45
      Required ratio:    0.00 (Gate area) 
      Cumulative area ratio:    4.45
      Required ratio:    0.00 (Cumulative area) 
      Partial area ratio:   22.31
      Required ratio:  400.00 (Side area) 
      Cumulative area ratio:   22.31
      Required ratio:    0.00 (Cumulative side area) 

    Layer: via
      Partial area ratio:    0.01
      Required ratio:    6.00 (Gate area) 
      Cumulative area ratio:    0.01
      Required ratio:    0.00 (Cumulative area) 

    Layer: met2
      Partial area ratio:   20.51
      Required ratio:    0.00 (Gate area) 
      Cumulative area ratio:   24.96
      Required ratio:    0.00 (Cumulative area) 
      Partial area ratio:  102.36
      Required ratio: 3312.80 (Side area) 
      Cumulative area ratio:  124.67
      Required ratio:    0.00 (Cumulative side area) 


  Pin:   _190_/RESET_B (sky130_fd_sc_hd__dfrtp_1)
    Layer: met1
      Partial area ratio:    4.45
      Required ratio:    0.00 (Gate area) 
      Cumulative area ratio:    4.45
      Required ratio:    0.00 (Cumulative area) 
      Partial area ratio:   22.31
      Required ratio:  400.00 (Side area) 
      Cumulative area ratio:   22.31
      Required ratio:    0.00 (Cumulative side area) 

    Layer: via
      Partial area ratio:    0.01
      Required ratio:    6.00 (Gate area) 
      Cumulative area ratio:    0.01
      Required ratio:    0.00 (Cumulative area) 

    Layer: met2
      Partial area ratio:   20.51
      Required ratio:    0.00 (Gate area) 
      Cumulative area ratio:   24.96
      Required ratio:    0.00 (Cumulative area) 
      Partial area ratio:  102.36
      Required ratio: 3312.80 (Side area) 
      Cumulative area ratio:  124.67
      Required ratio:    0.00 (Cumulative side area) 


  Pin:   _199_/RESET_B (sky130_fd_sc_hd__dfrtp_1)
    Layer: met1
      Partial area ratio:    4.44
      Required ratio:    0.00 (Gate area) 
      Cumulative area ratio:    4.44
      Required ratio:    0.00 (Cumulative area) 
      Partial area ratio:   22.26
      Required ratio:  400.00 (Side area) 
      Cumulative area ratio:   22.26
      Required ratio:    0.00 (Cumulative side area) 

    Layer: via
      Partial area ratio:    0.01
      Required ratio:    6.00 (Gate area) 
      Cumulative area ratio:    0.01
      Required ratio:    0.00 (Cumulative area) 

    Layer: met2
      Partial area ratio:   20.51
      Required ratio:    0.00 (Gate area) 
      Cumulative area ratio:   24.95
      Required ratio:    0.00 (Cumulative area) 
      Partial area ratio:  102.36
      Required ratio: 3312.80 (Side area) 
      Cumulative area ratio:  124.62
      Required ratio:    0.00 (Cumulative side area) 


  Pin:   _200_/RESET_B (sky130_fd_sc_hd__dfrtp_1)
    Layer: met1
      Partial area ratio:    4.44
      Required ratio:    0.00 (Gate area) 
      Cumulative area ratio:    4.44
      Required ratio:    0.00 (Cumulative area) 
      Partial area ratio:   22.26
      Required ratio:  400.00 (Side area) 
      Cumulative area ratio:   22.26
      Required ratio:    0.00 (Cumulative side area) 

    Layer: via
      Partial area ratio:    0.01
      Required ratio:    6.00 (Gate area) 
      Cumulative area ratio:    0.01
      Required ratio:    0.00 (Cumulative area) 

    Layer: met2
      Partial area ratio:   20.51
      Required ratio:    0.00 (Gate area) 
      Cumulative area ratio:   24.95
      Required ratio:    0.00 (Cumulative area) 
      Partial area ratio:  102.36
      Required ratio: 3312.80 (Side area) 
      Cumulative area ratio:  124.62
      Required ratio:    0.00 (Cumulative side area) 


  Pin:   _206_/RESET_B (sky130_fd_sc_hd__dfrtp_1)
    Layer: met1
      Partial area ratio:    4.45
      Required ratio:    0.00 (Gate area) 
      Cumulative area ratio:    4.45
      Required ratio:    0.00 (Cumulative area) 
      Partial area ratio:   22.31
      Required ratio:  400.00 (Side area) 
      Cumulative area ratio:   22.31
      Required ratio:    0.00 (Cumulative side area) 

    Layer: via
      Partial area ratio:    0.01
      Required ratio:    6.00 (Gate area) 
      Cumulative area ratio:    0.01
      Required ratio:    0.00 (Cumulative area) 

    Layer: met2
      Partial area ratio:   20.51
      Required ratio:    0.00 (Gate area) 
      Cumulative area ratio:   24.96
      Required ratio:    0.00 (Cumulative area) 
      Partial area ratio:  102.36
      Required ratio: 3312.80 (Side area) 
      Cumulative area ratio:  124.67
      Required ratio:    0.00 (Cumulative side area) 


  Pin:   _209_/RESET_B (sky130_fd_sc_hd__dfrtp_1)
    Layer: met1
      Partial area ratio:   31.13
      Required ratio:    0.00 (Gate area) 
      Cumulative area ratio:   31.13
      Required ratio:    0.00 (Cumulative area) 
      Partial area ratio:  156.15
      Required ratio:  400.00 (Side area) 
      Cumulative area ratio:  156.15
      Required ratio:    0.00 (Cumulative side area) 

    Layer: via
      Partial area ratio:    0.01
      Required ratio:    6.00 (Gate area) 
      Cumulative area ratio:    0.01
      Required ratio:    0.00 (Cumulative area) 

    Layer: met2
      Partial area ratio:   20.51
      Required ratio:    0.00 (Gate area) 
      Cumulative area ratio:   51.63
      Required ratio:    0.00 (Cumulative area) 
      Partial area ratio:  102.36
      Required ratio: 3312.80 (Side area) 
      Cumulative area ratio:  258.51
      Required ratio:    0.00 (Cumulative side area) 



Net: clknet_0_HCLK
  Pin:   clkbuf_2_0_0_HCLK/A (sky130_fd_sc_hd__clkbuf_8)
    Layer: mcon
      Partial area ratio:    0.07
      Required ratio:    3.00 (Gate area) 
      Cumulative area ratio:    0.07
      Required ratio:    0.00 (Cumulative area) 

    Layer: met1
      Partial area ratio:    2.16
      Required ratio:    0.00 (Gate area) 
      Cumulative area ratio:    2.16
      Required ratio:    0.00 (Cumulative area) 
      Partial area ratio:   10.37
      Required ratio:  400.00 (Side area) 
      Cumulative area ratio:   10.37
      Required ratio:    0.00 (Cumulative side area) 

    Layer: via
      Partial area ratio:    0.11
      Required ratio:    6.00 (Gate area) 
      Cumulative area ratio:    0.17
      Required ratio:    0.00 (Cumulative area) 

    Layer: met2
      Partial area ratio:   29.96
      Required ratio:    0.00 (Gate area) 
      Cumulative area ratio:   32.12
      Required ratio:    0.00 (Cumulative area) 
      Partial area ratio:  149.50
      Required ratio: 3872.32 (Side area) 
      Cumulative area ratio:  159.87
      Required ratio:    0.00 (Cumulative side area) 


  Pin:   clkbuf_2_1_0_HCLK/A (sky130_fd_sc_hd__clkbuf_8)
    Layer: mcon
      Partial area ratio:    0.07
      Required ratio:    3.00 (Gate area) 
      Cumulative area ratio:    0.07
      Required ratio:    0.00 (Cumulative area) 

    Layer: met1
      Partial area ratio:   91.70
      Required ratio:    0.00 (Gate area) 
      Cumulative area ratio:   91.70
      Required ratio:    0.00 (Cumulative area) 
      Partial area ratio:  457.82
      Required ratio:  400.00 (Side area) (VIOLATED)
      Cumulative area ratio:  457.82
      Required ratio:    0.00 (Cumulative side area) 

    Layer: via
      Partial area ratio:    0.16
      Required ratio:    6.00 (Gate area) 
      Cumulative area ratio:    0.23
      Required ratio:    0.00 (Cumulative area) 

    Layer: met2
      Partial area ratio:   29.96
      Required ratio:    0.00 (Gate area) 
      Cumulative area ratio:  121.66
      Required ratio:    0.00 (Cumulative area) 
      Partial area ratio:  149.50
      Required ratio: 3872.32 (Side area) 
      Cumulative area ratio:  607.32
      Required ratio:    0.00 (Cumulative side area) 


  Pin:   clkbuf_2_2_0_HCLK/A (sky130_fd_sc_hd__clkbuf_8)
    Layer: mcon
      Partial area ratio:    0.07
      Required ratio:    3.00 (Gate area) 
      Cumulative area ratio:    0.07
      Required ratio:    0.00 (Cumulative area) 

    Layer: met1
      Partial area ratio:   43.57
      Required ratio:    0.00 (Gate area) 
      Cumulative area ratio:   43.57
      Required ratio:    0.00 (Cumulative area) 
      Partial area ratio:  217.42
      Required ratio:  400.00 (Side area) 
      Cumulative area ratio:  217.42
      Required ratio:    0.00 (Cumulative side area) 

    Layer: via
      Partial area ratio:    0.11
      Required ratio:    6.00 (Gate area) 
      Cumulative area ratio:    0.17
      Required ratio:    0.00 (Cumulative area) 

    Layer: met2
      Partial area ratio:   29.96
      Required ratio:    0.00 (Gate area) 
      Cumulative area ratio:   73.53
      Required ratio:    0.00 (Cumulative area) 
      Partial area ratio:  149.50
      Required ratio: 3872.32 (Side area) 
      Cumulative area ratio:  366.92
      Required ratio:    0.00 (Cumulative side area) 


  Pin:   clkbuf_2_3_0_HCLK/A (sky130_fd_sc_hd__clkbuf_8)
    Layer: mcon
      Partial area ratio:    0.07
      Required ratio:    3.00 (Gate area) 
      Cumulative area ratio:    0.07
      Required ratio:    0.00 (Cumulative area) 

    Layer: met1
      Partial area ratio:    2.24
      Required ratio:    0.00 (Gate area) 
      Cumulative area ratio:    2.24
      Required ratio:    0.00 (Cumulative area) 
      Partial area ratio:   10.74
      Required ratio:  400.00 (Side area) 
      Cumulative area ratio:   10.74
      Required ratio:    0.00 (Cumulative side area) 

    Layer: via
      Partial area ratio:    0.11
      Required ratio:    6.00 (Gate area) 
      Cumulative area ratio:    0.17
      Required ratio:    0.00 (Cumulative area) 

    Layer: met2
      Partial area ratio:   29.96
      Required ratio:    0.00 (Gate area) 
      Cumulative area ratio:   32.20
      Required ratio:    0.00 (Cumulative area) 
      Partial area ratio:  149.50
      Required ratio: 3872.32 (Side area) 
      Cumulative area ratio:  160.24
      Required ratio:    0.00 (Cumulative side area) 



Net: clknet_3_0__leaf_HCLK
  Pin:   _172_/CLK (sky130_fd_sc_hd__dfrtp_1)
    Layer: mcon
      Partial area ratio:    0.18
      Required ratio:    3.00 (Gate area) 
      Cumulative area ratio:    0.18
      Required ratio:    0.00 (Cumulative area) 

    Layer: met1
      Partial area ratio:    4.94
      Required ratio:    0.00 (Gate area) 
      Cumulative area ratio:    4.94
      Required ratio:    0.00 (Cumulative area) 
      Partial area ratio:   23.55
      Required ratio:  400.00 (Side area) 
      Cumulative area ratio:   23.55
      Required ratio:    0.00 (Cumulative side area) 

    Layer: via
      Partial area ratio:    0.28
      Required ratio:    6.00 (Gate area) 
      Cumulative area ratio:    0.46
      Required ratio:    0.00 (Cumulative area) 

    Layer: met2
      Partial area ratio:   39.85
      Required ratio:    0.00 (Gate area) 
      Cumulative area ratio:   44.80
      Required ratio:    0.00 (Cumulative area) 
      Partial area ratio:  198.71
      Required ratio: 3872.32 (Side area) 
      Cumulative area ratio:  222.26
      Required ratio:    0.00 (Cumulative side area) 


  Pin:   _174_/CLK (sky130_fd_sc_hd__dfrtp_1)
    Layer: mcon
      Partial area ratio:    0.18
      Required ratio:    3.00 (Gate area) 
      Cumulative area ratio:    0.18
      Required ratio:    0.00 (Cumulative area) 

    Layer: met1
      Partial area ratio:    3.27
      Required ratio:    0.00 (Gate area) 
      Cumulative area ratio:    3.27
      Required ratio:    0.00 (Cumulative area) 
      Partial area ratio:   15.21
      Required ratio:  400.00 (Side area) 
      Cumulative area ratio:   15.21
      Required ratio:    0.00 (Cumulative side area) 

    Layer: via
      Partial area ratio:    0.21
      Required ratio:    6.00 (Gate area) 
      Cumulative area ratio:    0.39
      Required ratio:    0.00 (Cumulative area) 

    Layer: met2
      Partial area ratio:   39.85
      Required ratio:    0.00 (Gate area) 
      Cumulative area ratio:   43.12
      Required ratio:    0.00 (Cumulative area) 
      Partial area ratio:  198.71
      Required ratio: 3872.32 (Side area) 
      Cumulative area ratio:  213.92
      Required ratio:    0.00 (Cumulative side area) 


  Pin:   _177_/CLK (sky130_fd_sc_hd__dfrtp_1)
    Layer: mcon
      Partial area ratio:    0.18
      Required ratio:    3.00 (Gate area) 
      Cumulative area ratio:    0.18
      Required ratio:    0.00 (Cumulative area) 

    Layer: met1
      Partial area ratio:    3.63
      Required ratio:    0.00 (Gate area) 
      Cumulative area ratio:    3.63
      Required ratio:    0.00 (Cumulative area) 
      Partial area ratio:   17.26
      Required ratio:  400.00 (Side area) 
      Cumulative area ratio:   17.26
      Required ratio:    0.00 (Cumulative side area) 

    Layer: via
      Partial area ratio:    0.28
      Required ratio:    6.00 (Gate area) 
      Cumulative area ratio:    0.46
      Required ratio:    0.00 (Cumulative area) 

    Layer: met2
      Partial area ratio:   39.85
      Required ratio:    0.00 (Gate area) 
      Cumulative area ratio:   43.49
      Required ratio:    0.00 (Cumulative area) 
      Partial area ratio:  198.71
      Required ratio: 3872.32 (Side area) 
      Cumulative area ratio:  215.97
      Required ratio:    0.00 (Cumulative side area) 


  Pin:   _203_/CLK (sky130_fd_sc_hd__dfrtp_1)
    Layer: mcon
      Partial area ratio:    0.18
      Required ratio:    3.00 (Gate area) 
      Cumulative area ratio:    0.18
      Required ratio:    0.00 (Cumulative area) 

    Layer: met1
      Partial area ratio:    3.27
      Required ratio:    0.00 (Gate area) 
      Cumulative area ratio:    3.27
      Required ratio:    0.00 (Cumulative area) 
      Partial area ratio:   15.21
      Required ratio:  400.00 (Side area) 
      Cumulative area ratio:   15.21
      Required ratio:    0.00 (Cumulative side area) 

    Layer: via
      Partial area ratio:    0.21
      Required ratio:    6.00 (Gate area) 
      Cumulative area ratio:    0.39
      Required ratio:    0.00 (Cumulative area) 

    Layer: met2
      Partial area ratio:   39.85
      Required ratio:    0.00 (Gate area) 
      Cumulative area ratio:   43.12
      Required ratio:    0.00 (Cumulative area) 
      Partial area ratio:  198.71
      Required ratio: 3872.32 (Side area) 
      Cumulative area ratio:  213.92
      Required ratio:    0.00 (Cumulative side area) 


  Pin:   _207_/CLK (sky130_fd_sc_hd__dfrtp_1)
    Layer: mcon
      Partial area ratio:    0.18
      Required ratio:    3.00 (Gate area) 
      Cumulative area ratio:    0.18
      Required ratio:    0.00 (Cumulative area) 

    Layer: met1
      Partial area ratio:    5.95
      Required ratio:    0.00 (Gate area) 
      Cumulative area ratio:    5.95
      Required ratio:    0.00 (Cumulative area) 
      Partial area ratio:   28.57
      Required ratio:  400.00 (Side area) 
      Cumulative area ratio:   28.57
      Required ratio:    0.00 (Cumulative side area) 

    Layer: via
      Partial area ratio:    0.28
      Required ratio:    6.00 (Gate area) 
      Cumulative area ratio:    0.46
      Required ratio:    0.00 (Cumulative area) 

    Layer: met2
      Partial area ratio:   39.85
      Required ratio:    0.00 (Gate area) 
      Cumulative area ratio:   45.80
      Required ratio:    0.00 (Cumulative area) 
      Partial area ratio:  198.71
      Required ratio: 3872.32 (Side area) 
      Cumulative area ratio:  227.28
      Required ratio:    0.00 (Cumulative side area) 


  Pin:   _214_/CLK (sky130_fd_sc_hd__dfrtp_1)
    Layer: mcon
      Partial area ratio:    0.18
      Required ratio:    3.00 (Gate area) 
      Cumulative area ratio:    0.18
      Required ratio:    0.00 (Cumulative area) 

    Layer: met1
      Partial area ratio:  157.14
      Required ratio:    0.00 (Gate area) 
      Cumulative area ratio:  157.14
      Required ratio:    0.00 (Cumulative area) 
      Partial area ratio:  783.87
      Required ratio:  400.00 (Side area) (VIOLATED)
      Cumulative area ratio:  783.87
      Required ratio:    0.00 (Cumulative side area) 

    Layer: via
      Partial area ratio:    0.42
      Required ratio:    6.00 (Gate area) 
      Cumulative area ratio:    0.61
      Required ratio:    0.00 (Cumulative area) 

    Layer: met2
      Partial area ratio:   39.85
      Required ratio:    0.00 (Gate area) 
      Cumulative area ratio:  197.00
      Required ratio:    0.00 (Cumulative area) 
      Partial area ratio:  198.71
      Required ratio: 3872.32 (Side area) 
      Cumulative area ratio:  982.58
      Required ratio:    0.00 (Cumulative side area) 


  Pin:   clkload0/A (sky130_fd_sc_hd__clkbuf_4)
    Layer: mcon
      Partial area ratio:    0.14
      Required ratio:    3.00 (Gate area) 
      Cumulative area ratio:    0.14
      Required ratio:    0.00 (Cumulative area) 

    Layer: met1
      Partial area ratio:  106.20
      Required ratio:    0.00 (Gate area) 
      Cumulative area ratio:  106.20
      Required ratio:    0.00 (Cumulative area) 
      Partial area ratio:  528.66
      Required ratio: 3872.32 (Side area) 
      Cumulative area ratio:  528.66
      Required ratio:    0.00 (Cumulative side area) 

    Layer: via
      Partial area ratio:    0.42
      Required ratio:  120.51 (Gate area) 
      Cumulative area ratio:    0.56
      Required ratio:    0.00 (Cumulative area) 

    Layer: met2
      Partial area ratio:   39.85
      Required ratio:    0.00 (Gate area) 
      Cumulative area ratio:  146.05
      Required ratio:    0.00 (Cumulative area) 
      Partial area ratio:  198.71
      Required ratio: 3872.32 (Side area) 
      Cumulative area ratio:  727.38
      Required ratio:    0.00 (Cumulative side area) 



Net: clknet_3_7__leaf_HCLK
  Pin:   _163_/CLK (sky130_fd_sc_hd__dfrtp_1)
    Layer: mcon
      Partial area ratio:    0.18
      Required ratio:    3.00 (Gate area) 
      Cumulative area ratio:    0.18
      Required ratio:    0.00 (Cumulative area) 

    Layer: met1
      Partial area ratio:    3.68
      Required ratio:    0.00 (Gate area) 
      Cumulative area ratio:    3.68
      Required ratio:    0.00 (Cumulative area) 
      Partial area ratio:   17.26
      Required ratio:  400.00 (Side area) 
      Cumulative area ratio:   17.26
      Required ratio:    0.00 (Cumulative side area) 

    Layer: via
      Partial area ratio:    0.28
      Required ratio:    6.00 (Gate area) 
      Cumulative area ratio:    0.46
      Required ratio:    0.00 (Cumulative area) 

    Layer: met2
      Partial area ratio:   14.05
      Required ratio:    0.00 (Gate area) 
      Cumulative area ratio:   17.73
      Required ratio:    0.00 (Cumulative area) 
      Partial area ratio:   69.85
      Required ratio: 3872.32 (Side area) 
      Cumulative area ratio:   87.10
      Required ratio:    0.00 (Cumulative side area) 


  Pin:   _164_/CLK (sky130_fd_sc_hd__dfrtp_4)
    Layer: mcon
      Partial area ratio:    0.18
      Required ratio:    3.00 (Gate area) 
      Cumulative area ratio:    0.18
      Required ratio:    0.00 (Cumulative area) 

    Layer: met1
      Partial area ratio:   84.22
      Required ratio:    0.00 (Gate area) 
      Cumulative area ratio:   84.22
      Required ratio:    0.00 (Cumulative area) 
      Partial area ratio:  419.25
      Required ratio:  400.00 (Side area) (VIOLATED)
      Cumulative area ratio:  419.25
      Required ratio:    0.00 (Cumulative side area) 

    Layer: via
      Partial area ratio:    0.42
      Required ratio:    6.00 (Gate area) 
      Cumulative area ratio:    0.61
      Required ratio:    0.00 (Cumulative area) 

    Layer: met2
      Partial area ratio:   14.05
      Required ratio:    0.00 (Gate area) 
      Cumulative area ratio:   98.27
      Required ratio:    0.00 (Cumulative area) 
      Partial area ratio:   69.85
      Required ratio: 3872.32 (Side area) 
      Cumulative area ratio:  489.10
      Required ratio:    0.00 (Cumulative side area) 


  Pin:   _215_/CLK (sky130_fd_sc_hd__dfrtp_1)
    Layer: mcon
      Partial area ratio:    0.18
      Required ratio:    3.00 (Gate area) 
      Cumulative area ratio:    0.18
      Required ratio:    0.00 (Cumulative area) 

    Layer: met1
      Partial area ratio:    2.05
      Required ratio:    0.00 (Gate area) 
      Cumulative area ratio:    2.05
      Required ratio:    0.00 (Cumulative area) 
      Partial area ratio:    9.07
      Required ratio:  400.00 (Side area) 
      Cumulative area ratio:    9.07
      Required ratio:    0.00 (Cumulative side area) 

    Layer: via
      Partial area ratio:    0.28
      Required ratio:    6.00 (Gate area) 
      Cumulative area ratio:    0.46
      Required ratio:    0.00 (Cumulative area) 

    Layer: met2
      Partial area ratio:   14.05
      Required ratio:    0.00 (Gate area) 
      Cumulative area ratio:   16.09
      Required ratio:    0.00 (Cumulative area) 
      Partial area ratio:   69.85
      Required ratio: 3872.32 (Side area) 
      Cumulative area ratio:   78.92
      Required ratio:    0.00 (Cumulative side area) 


  Pin:   _216_/CLK (sky130_fd_sc_hd__dfrtp_2)
    Layer: mcon
      Partial area ratio:    0.18
      Required ratio:    3.00 (Gate area) 
      Cumulative area ratio:    0.18
      Required ratio:    0.00 (Cumulative area) 

    Layer: met1
      Partial area ratio:    7.95
      Required ratio:    0.00 (Gate area) 
      Cumulative area ratio:    7.95
      Required ratio:    0.00 (Cumulative area) 
      Partial area ratio:   38.63
      Required ratio:  400.00 (Side area) 
      Cumulative area ratio:   38.63
      Required ratio:    0.00 (Cumulative side area) 

    Layer: via
      Partial area ratio:    0.21
      Required ratio:    6.00 (Gate area) 
      Cumulative area ratio:    0.39
      Required ratio:    0.00 (Cumulative area) 

    Layer: met2
      Partial area ratio:   14.05
      Required ratio:    0.00 (Gate area) 
      Cumulative area ratio:   22.00
      Required ratio:    0.00 (Cumulative area) 
      Partial area ratio:   69.85
      Required ratio: 3872.32 (Side area) 
      Cumulative area ratio:  108.48
      Required ratio:    0.00 (Cumulative side area) 


  Pin:   _217_/CLK (sky130_fd_sc_hd__dfrtp_2)
    Layer: mcon
      Partial area ratio:    0.18
      Required ratio:    3.00 (Gate area) 
      Cumulative area ratio:    0.18
      Required ratio:    0.00 (Cumulative area) 

    Layer: met1
      Partial area ratio:    7.95
      Required ratio:    0.00 (Gate area) 
      Cumulative area ratio:    7.95
      Required ratio:    0.00 (Cumulative area) 
      Partial area ratio:   38.63
      Required ratio:  400.00 (Side area) 
      Cumulative area ratio:   38.63
      Required ratio:    0.00 (Cumulative side area) 

    Layer: via
      Partial area ratio:    0.21
      Required ratio:    6.00 (Gate area) 
      Cumulative area ratio:    0.39
      Required ratio:    0.00 (Cumulative area) 

    Layer: met2
      Partial area ratio:   14.05
      Required ratio:    0.00 (Gate area) 
      Cumulative area ratio:   22.00
      Required ratio:    0.00 (Cumulative area) 
      Partial area ratio:   69.85
      Required ratio: 3872.32 (Side area) 
      Cumulative area ratio:  108.48
      Required ratio:    0.00 (Cumulative side area) 


  Pin:   clkload2/A (sky130_fd_sc_hd__clkinv_2)
    Layer: mcon
      Partial area ratio:    0.05
      Required ratio:    3.00 (Gate area) 
      Cumulative area ratio:    0.05
      Required ratio:    0.00 (Cumulative area) 

    Layer: met1
      Partial area ratio:   19.68
      Required ratio:    0.00 (Gate area) 
      Cumulative area ratio:   19.68
      Required ratio:    0.00 (Cumulative area) 
      Partial area ratio:   97.76
      Required ratio: 3872.32 (Side area) 
      Cumulative area ratio:   97.76
      Required ratio:    0.00 (Cumulative side area) 

    Layer: via
      Partial area ratio:    0.12
      Required ratio:  120.51 (Gate area) 
      Cumulative area ratio:    0.17
      Required ratio:    0.00 (Cumulative area) 

    Layer: met2
      Partial area ratio:   14.05
      Required ratio:    0.00 (Gate area) 
      Cumulative area ratio:   33.72
      Required ratio:    0.00 (Cumulative area) 
      Partial area ratio:   69.85
      Required ratio: 3872.32 (Side area) 
      Cumulative area ratio:  167.60
      Required ratio:    0.00 (Cumulative side area) 



[INFO ANT-0002] Found 8 net violations.
[INFO ANT-0001] Found 8 pin violations.
