
===========================================================================
report_checks -unconstrained
===========================================================================
======================= nom_ff_n40C_1v95 Corner ===================================

Startpoint: HRESETn (input port clocked by HCLK)
Endpoint: _158_ (recovery check against rising-edge clock HCLK)
Path Group: asynchronous
Path Type: max

Fanout         Cap        Slew       Delay        Time   Description
---------------------------------------------------------------------------------------------
                                  0.000000    0.000000   clock HCLK (rise edge)
                                  0.000000    0.000000   clock network delay (propagated)
                                  2.000000    2.000000 ^ input external delay
     1    0.003025    0.014720    0.007830    2.007830 ^ HRESETn (in)
                                                         HRESETn (net)
                      0.014725    0.000000    2.007830 ^ input34/A (sky130_fd_sc_hd__buf_1)
     1    0.011183    0.102625    0.096864    2.104694 ^ input34/X (sky130_fd_sc_hd__buf_1)
                                                         net34 (net)
                      0.102628    0.000503    2.105197 ^ fanout192/A (sky130_fd_sc_hd__buf_8)
     6    0.134527    0.162201    0.147786    2.252983 ^ fanout192/X (sky130_fd_sc_hd__buf_8)
                                                         net192 (net)
                      0.176363    0.035785    2.288768 ^ fanout187/A (sky130_fd_sc_hd__buf_8)
     6    0.151222    0.185463    0.173946    2.462715 ^ fanout187/X (sky130_fd_sc_hd__buf_8)
                                                         net187 (net)
                      0.195771    0.034041    2.496756 ^ fanout185/A (sky130_fd_sc_hd__buf_8)
    11    0.136028    0.166400    0.160778    2.657534 ^ fanout185/X (sky130_fd_sc_hd__buf_8)
                                                         net185 (net)
                      0.186870    0.044702    2.702236 ^ fanout184/A (sky130_fd_sc_hd__clkbuf_4)
    10    0.045887    0.109955    0.179627    2.881862 ^ fanout184/X (sky130_fd_sc_hd__clkbuf_4)
                                                         net184 (net)
                      0.110053    0.001992    2.883854 ^ _158_/RESET_B (sky130_fd_sc_hd__dfrtp_1)
                                              2.883854   data arrival time

                                 10.000000   10.000000   clock HCLK (rise edge)
                                  0.000000   10.000000   clock source latency
     1    0.059439    0.203180    0.147359   10.147359 ^ HCLK (in)
                                                         HCLK (net)
                      0.204534    0.000000   10.147359 ^ clkbuf_0_HCLK/A (sky130_fd_sc_hd__clkbuf_16)
     5    0.134022    0.114650    0.179325   10.326684 ^ clkbuf_0_HCLK/X (sky130_fd_sc_hd__clkbuf_16)
                                                         clknet_0_HCLK (net)
                      0.117120    0.013264   10.339948 ^ clkbuf_2_1_0_HCLK/A (sky130_fd_sc_hd__clkbuf_8)
     2    0.036936    0.058213    0.125711   10.465659 ^ clkbuf_2_1_0_HCLK/X (sky130_fd_sc_hd__clkbuf_8)
                                                         clknet_2_1_0_HCLK (net)
                      0.058723    0.004261   10.469920 ^ clkbuf_3_3__f_HCLK/A (sky130_fd_sc_hd__clkbuf_16)
    10    0.027954    0.036768    0.097675   10.567595 ^ clkbuf_3_3__f_HCLK/X (sky130_fd_sc_hd__clkbuf_16)
                                                         clknet_3_3__leaf_HCLK (net)
                      0.036781    0.000621   10.568216 ^ _158_/CLK (sky130_fd_sc_hd__dfrtp_1)
                                 -0.250000   10.318216   clock uncertainty
                                  0.000000   10.318216   clock reconvergence pessimism
                                  0.129759   10.447975   library recovery time
                                             10.447975   data required time
---------------------------------------------------------------------------------------------
                                             10.447975   data required time
                                             -2.883854   data arrival time
---------------------------------------------------------------------------------------------
                                              7.564121   slack (MET)


Startpoint: PREADY (input port clocked by HCLK)
Endpoint: HREADYOUT (output port clocked by HCLK)
Path Group: HCLK
Path Type: max

Fanout         Cap        Slew       Delay        Time   Description
---------------------------------------------------------------------------------------------
                                  0.000000    0.000000   clock HCLK (rise edge)
                                  0.000000    0.000000   clock network delay (propagated)
                                  2.000000    2.000000 ^ input external delay
     1    0.003041    0.014776    0.007871    2.007871 ^ PREADY (in)
                                                         PREADY (net)
                      0.014781    0.000000    2.007871 ^ input69/A (sky130_fd_sc_hd__clkbuf_1)
     1    0.005304    0.052936    0.062655    2.070525 ^ input69/X (sky130_fd_sc_hd__clkbuf_1)
                                                         net69 (net)
                      0.052954    0.000163    2.070688 ^ _072_/A (sky130_fd_sc_hd__inv_2)
     2    0.007779    0.021617    0.024855    2.095544 v _072_/Y (sky130_fd_sc_hd__inv_2)
                                                         _067_ (net)
                      0.021624    0.000296    2.095840 v _081_/A1 (sky130_fd_sc_hd__o21ai_1)
     1    0.002031    0.061378    0.073348    2.169188 ^ _081_/Y (sky130_fd_sc_hd__o21ai_1)
                                                         net103 (net)
                      0.061378    0.000039    2.169227 ^ output103/A (sky130_fd_sc_hd__buf_2)
     1    0.035658    0.133088    0.149205    2.318432 ^ output103/X (sky130_fd_sc_hd__buf_2)
                                                         HREADYOUT (net)
                      0.133094    0.000727    2.319159 ^ HREADYOUT (out)
                                              2.319159   data arrival time

                                 10.000000   10.000000   clock HCLK (rise edge)
                                  0.000000   10.000000   clock network delay (propagated)
                                 -0.250000    9.750000   clock uncertainty
                                  0.000000    9.750000   clock reconvergence pessimism
                                 -2.000000    7.750000   output external delay
                                              7.750000   data required time
---------------------------------------------------------------------------------------------
                                              7.750000   data required time
                                             -2.319159   data arrival time
---------------------------------------------------------------------------------------------
                                              5.430841   slack (MET)




===========================================================================
report_checks --slack_max -0.01
============================================================================
======================= nom_ff_n40C_1v95 Corner ===================================

No paths found.


===========================================================================
 report_check_types -max_slew -max_cap -max_fanout -violators
============================================================================
======================= nom_ff_n40C_1v95 Corner ===================================

max fanout

Pin                                   Limit Fanout  Slack
---------------------------------------------------------
fanout190/X                              10     13     -3 (VIOLATED)
fanout176/X                              10     12     -2 (VIOLATED)
clkbuf_3_4__f_HCLK/X                     10     11        (VIOLATED)
clkbuf_3_5__f_HCLK/X                     10     11        (VIOLATED)
fanout185/X                              10     11        (VIOLATED)



===========================================================================
report_parasitic_annotation -report_unannotated
============================================================================
Found 4 unannotated drivers.
 HTRANS[0]
 clkload0/X
 clkload1/X
 clkload2/Y
Found 0 partially unannotated drivers.

===========================================================================
max slew violation count 0
max fanout violation count 5
max cap violation count 0
============================================================================

===========================================================================
check_setup -verbose -unconstrained_endpoints -multiple_clock -no_clock -no_input_delay -loops -generated_clocks
===========================================================================
