Clock: HCLK
Sources: HCLK 
Generated: no
Virtual: yes
Propagated: no
Period: 10.000000

===========================================================================
report_clock_properties
============================================================================
Clock                   Period          Waveform
----------------------------------------------------
HCLK                 10.000000    0.000000  5.000000

===========================================================================
report_clock_latency
============================================================================
Clock HCLK
rise -> rise
    min     max
0.000000 0.000000 source latency
0.568039         network latency _205_/CLK
        0.614910 network latency _207_/CLK
---------------
0.568039 0.614910 latency
        0.046871 skew

fall -> fall
    min     max
0.000000 0.000000 source latency
0.484402         network latency _205_/CLK
        0.518914 network latency _207_/CLK
---------------
0.484402 0.518914 latency
        0.034512 skew



===========================================================================
report_clock_min_period
============================================================================
HCLK period_min = 1.12 fmax = 889.11
