                                                                     Buffers by Cell Master                                                                     
┏━━━━━━━━━━━━━━━━━━━━━━━━━━━━━━━━━━━━━━━━━━━━━━━━━━━━━━━━━━━━━━━━━━━━━━━━━━━━━━━━━━━━━━━━━━━━━━━━━━━━━━━━━━━━━━━━━━━━━━━━━━━━━━━━━┳━━━━━━━━━━━━━━━━━━━━━━━━━━━━┓
┃ Buffer                                                                                                                          ┃ Count                      ┃
┡━━━━━━━━━━━━━━━━━━━━━━━━━━━━━━━━━━━━━━━━━━━━━━━━━━━━━━━━━━━━━━━━━━━━━━━━━━━━━━━━━━━━━━━━━━━━━━━━━━━━━━━━━━━━━━━━━━━━━━━━━━━━━━━━━╇━━━━━━━━━━━━━━━━━━━━━━━━━━━━┩
│ sky130_fd_sc_hd__buf_1                                                                                                          │ 8                          │
│ sky130_fd_sc_hd__buf_2                                                                                                          │ 106                        │
│ sky130_fd_sc_hd__buf_8                                                                                                          │ 8                          │
│ sky130_fd_sc_hd__clkbuf_1                                                                                                       │ 92                         │
│ sky130_fd_sc_hd__clkbuf_16                                                                                                      │ 9                          │
│ sky130_fd_sc_hd__clkbuf_4                                                                                                       │ 12                         │
│ sky130_fd_sc_hd__clkbuf_8                                                                                                       │ 4                          │
│ sky130_fd_sc_hd__dlygate4sd3_1                                                                                                  │ 62                         │
└─────────────────────────────────────────────────────────────────────────────────────────────────────────────────────────────────┴────────────────────────────┘
