                                                                       Cells by Function                                                                        
┏━━━━━━━━━━━━━━━━━━━━━━━━━━━━━━━━━━━━━━━━━━━━━━━━━━━━━━━━━━━━━━━━━━━━━━━━━━━━━━━━━━━━━━━━━━━━━━━━━━━━━━━━━━━━━━━━━━━━━━━━━━━━━━━━┳━━━━━━━━━━━━━━━━━━━━━━━━━━━━━┓
┃ Cell Function                                                                                                                  ┃ Count                       ┃
┡━━━━━━━━━━━━━━━━━━━━━━━━━━━━━━━━━━━━━━━━━━━━━━━━━━━━━━━━━━━━━━━━━━━━━━━━━━━━━━━━━━━━━━━━━━━━━━━━━━━━━━━━━━━━━━━━━━━━━━━━━━━━━━━━╇━━━━━━━━━━━━━━━━━━━━━━━━━━━━━┩
│ sky130_ef_sc_hd__decap                                                                                                         │ 34547                       │
│ sky130_fd_sc_hd__a32o                                                                                                          │ 1                           │
│ sky130_fd_sc_hd__and2                                                                                                          │ 1                           │
│ sky130_fd_sc_hd__and2b                                                                                                         │ 1                           │
│ sky130_fd_sc_hd__and3                                                                                                          │ 1                           │
│ sky130_fd_sc_hd__and3b                                                                                                         │ 2                           │
│ sky130_fd_sc_hd__buf                                                                                                           │ 122                         │
│ sky130_fd_sc_hd__clkbuf                                                                                                        │ 117                         │
│ sky130_fd_sc_hd__clkinv                                                                                                        │ 1                           │
│ sky130_fd_sc_hd__decap                                                                                                         │ 9545                        │
│ sky130_fd_sc_hd__dfrtp                                                                                                         │ 67                          │
│ sky130_fd_sc_hd__diode                                                                                                         │ 13                          │
│ sky130_fd_sc_hd__dlygate4sd3                                                                                                   │ 62                          │
│ sky130_fd_sc_hd__fill                                                                                                          │ 8796                        │
│ sky130_fd_sc_hd__inv                                                                                                           │ 2                           │
│ sky130_fd_sc_hd__mux2                                                                                                          │ 65                          │
│ sky130_fd_sc_hd__nand2                                                                                                         │ 1                           │
│ sky130_fd_sc_hd__nor2                                                                                                          │ 1                           │
│ sky130_fd_sc_hd__nor3b                                                                                                         │ 1                           │
│ sky130_fd_sc_hd__o21ai                                                                                                         │ 1                           │
│ sky130_fd_sc_hd__o31a                                                                                                          │ 1                           │
│ sky130_fd_sc_hd__tapvpwrvgnd                                                                                                   │ 8784                        │
│ sky130_fd_sc_hd__xor2                                                                                                          │ 1                           │
└────────────────────────────────────────────────────────────────────────────────────────────────────────────────────────────────┴─────────────────────────────┘
