[WARNING ORD-0039] .openroad ignored with -python
                                Cells by Master                                 
┏━━━━━━━━━━━━━━━━━━━━━━━━━━━━━━━━━━━━━━━━━━━━━━━━━━━━━━━━━━━━━━━━┳━━━━━━━━━━━━━┓
┃ Cell                                                           ┃ Count       ┃
┡━━━━━━━━━━━━━━━━━━━━━━━━━━━━━━━━━━━━━━━━━━━━━━━━━━━━━━━━━━━━━━━━╇━━━━━━━━━━━━━┩
│ sky130_ef_sc_hd__decap_12                                      │ 34547       │
│ sky130_fd_sc_hd__a32o_1                                        │ 1           │
│ sky130_fd_sc_hd__and2_1                                        │ 1           │
│ sky130_fd_sc_hd__and2b_1                                       │ 1           │
│ sky130_fd_sc_hd__and3_1                                        │ 1           │
│ sky130_fd_sc_hd__and3b_1                                       │ 2           │
│ sky130_fd_sc_hd__buf_1                                         │ 8           │
│ sky130_fd_sc_hd__buf_2                                         │ 106         │
│ sky130_fd_sc_hd__buf_8                                         │ 8           │
│ sky130_fd_sc_hd__clkbuf_1                                      │ 92          │
│ sky130_fd_sc_hd__clkbuf_16                                     │ 9           │
│ sky130_fd_sc_hd__clkbuf_4                                      │ 12          │
│ sky130_fd_sc_hd__clkbuf_8                                      │ 4           │
│ sky130_fd_sc_hd__clkinv_2                                      │ 1           │
│ sky130_fd_sc_hd__decap_3                                       │ 864         │
│ sky130_fd_sc_hd__decap_4                                       │ 149         │
│ sky130_fd_sc_hd__decap_6                                       │ 8426        │
│ sky130_fd_sc_hd__decap_8                                       │ 106         │
│ sky130_fd_sc_hd__dfrtp_1                                       │ 63          │
│ sky130_fd_sc_hd__dfrtp_2                                       │ 2           │
│ sky130_fd_sc_hd__dfrtp_4                                       │ 2           │
│ sky130_fd_sc_hd__diode_2                                       │ 13          │
│ sky130_fd_sc_hd__dlygate4sd3_1                                 │ 62          │
│ sky130_fd_sc_hd__fill_1                                        │ 8697        │
│ sky130_fd_sc_hd__fill_2                                        │ 99          │
│ sky130_fd_sc_hd__inv_2                                         │ 2           │
│ sky130_fd_sc_hd__mux2_1                                        │ 65          │
│ sky130_fd_sc_hd__nand2_1                                       │ 1           │
│ sky130_fd_sc_hd__nor2_1                                        │ 1           │
│ sky130_fd_sc_hd__nor3b_1                                       │ 1           │
│ sky130_fd_sc_hd__o21ai_1                                       │ 1           │
│ sky130_fd_sc_hd__o31a_1                                        │ 1           │
│ sky130_fd_sc_hd__tapvpwrvgnd_1                                 │ 8784        │
│ sky130_fd_sc_hd__xor2_2                                        │ 1           │
└────────────────────────────────────────────────────────────────┴─────────────┘
                               Cells by Function                                
┏━━━━━━━━━━━━━━━━━━━━━━━━━━━━━━━━━━━━━━━━━━━━━━━━━━━━━━━━━━━━━━━┳━━━━━━━━━━━━━━┓
┃ Cell Function                                                 ┃ Count        ┃
┡━━━━━━━━━━━━━━━━━━━━━━━━━━━━━━━━━━━━━━━━━━━━━━━━━━━━━━━━━━━━━━━╇━━━━━━━━━━━━━━┩
│ sky130_ef_sc_hd__decap                                        │ 34547        │
│ sky130_fd_sc_hd__a32o                                         │ 1            │
│ sky130_fd_sc_hd__and2                                         │ 1            │
│ sky130_fd_sc_hd__and2b                                        │ 1            │
│ sky130_fd_sc_hd__and3                                         │ 1            │
│ sky130_fd_sc_hd__and3b                                        │ 2            │
│ sky130_fd_sc_hd__buf                                          │ 122          │
│ sky130_fd_sc_hd__clkbuf                                       │ 117          │
│ sky130_fd_sc_hd__clkinv                                       │ 1            │
│ sky130_fd_sc_hd__decap                                        │ 9545         │
│ sky130_fd_sc_hd__dfrtp                                        │ 67           │
│ sky130_fd_sc_hd__diode                                        │ 13           │
│ sky130_fd_sc_hd__dlygate4sd3                                  │ 62           │
│ sky130_fd_sc_hd__fill                                         │ 8796         │
│ sky130_fd_sc_hd__inv                                          │ 2            │
│ sky130_fd_sc_hd__mux2                                         │ 65           │
│ sky130_fd_sc_hd__nand2                                        │ 1            │
│ sky130_fd_sc_hd__nor2                                         │ 1            │
│ sky130_fd_sc_hd__nor3b                                        │ 1            │
│ sky130_fd_sc_hd__o21ai                                        │ 1            │
│ sky130_fd_sc_hd__o31a                                         │ 1            │
│ sky130_fd_sc_hd__tapvpwrvgnd                                  │ 8784         │
│ sky130_fd_sc_hd__xor2                                         │ 1            │
└───────────────────────────────────────────────────────────────┴──────────────┘
                                  Cells by SCL                                  
┏━━━━━━━━━━━━━━━━━━━━━━━━━━━━━━━━━━━━━━━━━━━━━━━━━━━━━━━┳━━━━━━━━━━━━━━━━━━━━━━┓
┃ SCL                                                   ┃ Count                ┃
┡━━━━━━━━━━━━━━━━━━━━━━━━━━━━━━━━━━━━━━━━━━━━━━━━━━━━━━━╇━━━━━━━━━━━━━━━━━━━━━━┩
│ sky130_ef_sc_hd                                       │ 34547                │
│ sky130_fd_sc_hd                                       │ 27586                │
└───────────────────────────────────────────────────────┴──────────────────────┘
                             Buffers by Cell Master                             
┏━━━━━━━━━━━━━━━━━━━━━━━━━━━━━━━━━━━━━━━━━━━━━━━━━━━━━━━━━━━━━━━━┳━━━━━━━━━━━━━┓
┃ Buffer                                                         ┃ Count       ┃
┡━━━━━━━━━━━━━━━━━━━━━━━━━━━━━━━━━━━━━━━━━━━━━━━━━━━━━━━━━━━━━━━━╇━━━━━━━━━━━━━┩
│ sky130_fd_sc_hd__buf_1                                         │ 8           │
│ sky130_fd_sc_hd__buf_2                                         │ 106         │
│ sky130_fd_sc_hd__buf_8                                         │ 8           │
│ sky130_fd_sc_hd__clkbuf_1                                      │ 92          │
│ sky130_fd_sc_hd__clkbuf_16                                     │ 9           │
│ sky130_fd_sc_hd__clkbuf_4                                      │ 12          │
│ sky130_fd_sc_hd__clkbuf_8                                      │ 4           │
│ sky130_fd_sc_hd__dlygate4sd3_1                                 │ 62          │
└────────────────────────────────────────────────────────────────┴─────────────┘
