Clock: HCLK
Sources: HCLK 
Generated: no
Virtual: yes
Propagated: no
Period: 10.000000

===========================================================================
report_clock_properties
============================================================================
Clock                   Period          Waveform
----------------------------------------------------
HCLK                 10.000000    0.000000  5.000000

===========================================================================
report_clock_latency
============================================================================
Clock HCLK
rise -> rise
    min     max
0.000000 0.000000 source latency
0.694406         network latency _205_/CLK
        0.734291 network latency _207_/CLK
---------------
0.694406 0.734291 latency
        0.039885 skew

fall -> fall
    min     max
0.000000 0.000000 source latency
0.608616         network latency _205_/CLK
        0.639415 network latency _207_/CLK
---------------
0.608616 0.639415 latency
        0.030798 skew



===========================================================================
report_clock_min_period
============================================================================
HCLK period_min = 1.19 fmax = 843.77
