
===========================================================================
 report_power
============================================================================
======================= nom_tt_025C_1v80 Corner ===================================

Group                    Internal    Switching      Leakage        Total
                            Power        Power        Power        Power (Watts)
------------------------------------------------------------------------
Sequential           3.174743e-04 2.575100e-05 7.794276e-10 3.432261e-04  34.2%
Combinational        9.039723e-05 1.978996e-04 9.657075e-10 2.882978e-04  28.7%
Clock                2.036116e-04 1.694969e-04 2.006088e-09 3.731105e-04  37.1%
Macro                0.000000e+00 0.000000e+00 0.000000e+00 0.000000e+00   0.0%
Pad                  0.000000e+00 0.000000e+00 0.000000e+00 0.000000e+00   0.0%
------------------------------------------------------------------------
Total                6.114834e-04 3.931474e-04 3.751240e-09 1.004634e-03 100.0%
                            60.9%        39.1%         0.0%
Writing metric power__internal__total: 0.0006114833522588015
Writing metric power__switching__total: 0.00039314740570262074
Writing metric power__leakage__total: 3.751239763261083e-9
Writing metric power__total: 0.0010046344250440598

