Clock: HCLK
Sources: HCLK 
Generated: no
Virtual: no
Propagated: no
Period: 10.000000

===========================================================================
report_clock_properties
============================================================================
Clock                   Period          Waveform
----------------------------------------------------
HCLK                 10.000000    0.000000  5.000000

===========================================================================
report_clock_latency
============================================================================
Clock HCLK
rise -> rise
    min     max
0.000000 0.000000 source latency
0.304169         network latency _151_/CLK
        0.304169 network latency _151_/CLK
---------------
0.304169 0.304169 latency
        0.000000 skew

fall -> fall
    min     max
0.000000 0.000000 source latency
0.134492         network latency _151_/CLK
        0.134492 network latency _151_/CLK
---------------
0.134492 0.134492 latency
        0.000000 skew



===========================================================================
report_clock_min_period
============================================================================
HCLK period_min = 0.89 fmax = 1119.27
