
===========================================================================
report_checks -unconstrained
===========================================================================
======================= nom_ff_n40C_1v95 Corner ===================================

Startpoint: HRESETn (input port clocked by HCLK)
Endpoint: _151_ (recovery check against rising-edge clock HCLK)
Path Group: asynchronous
Path Type: max

Fanout         Cap        Slew       Delay        Time   Description
---------------------------------------------------------------------------------------------
                      0.150000    0.000000    0.000000   clock HCLK (rise edge)
                                  0.000000    0.000000   clock network delay (ideal)
                                  2.000000    2.000000 ^ input external delay
    67    0.242339    0.816141    0.565423    2.565423 ^ HRESETn (in)
                                                         HRESETn (net)
                      0.816141    0.000000    2.565423 ^ _151_/RESET_B (sky130_fd_sc_hd__dfrtp_2)
                                              2.565423   data arrival time

                      0.150000   10.000000   10.000000   clock HCLK (rise edge)
                                  0.000000   10.000000   clock network delay (ideal)
                                 -0.250000    9.750000   clock uncertainty
                                  0.000000    9.750000   clock reconvergence pessimism
                                              9.750000 ^ _151_/CLK (sky130_fd_sc_hd__dfrtp_2)
                                 -0.056131    9.693869   library recovery time
                                              9.693869   data required time
---------------------------------------------------------------------------------------------
                                              9.693869   data required time
                                             -2.565423   data arrival time
---------------------------------------------------------------------------------------------
                                              7.128447   slack (MET)


Startpoint: PREADY (input port clocked by HCLK)
Endpoint: HREADYOUT (output port clocked by HCLK)
Path Group: HCLK
Path Type: max

Fanout         Cap        Slew       Delay        Time   Description
---------------------------------------------------------------------------------------------
                      0.150000    0.000000    0.000000   clock HCLK (rise edge)
                                  0.000000    0.000000   clock network delay (ideal)
                                  2.000000    2.000000 ^ input external delay
     1    0.004652    0.021251    0.012058    2.012058 ^ PREADY (in)
                                                         PREADY (net)
                      0.021251    0.000000    2.012058 ^ _072_/A (sky130_fd_sc_hd__inv_2)
     2    0.006803    0.014209    0.018906    2.030964 v _072_/Y (sky130_fd_sc_hd__inv_2)
                                                         _067_ (net)
                      0.014209    0.000000    2.030964 v _081_/A1 (sky130_fd_sc_hd__o21ai_2)
     1    0.033442    0.287815    0.235609    2.266573 ^ _081_/Y (sky130_fd_sc_hd__o21ai_2)
                                                         HREADYOUT (net)
                      0.287815    0.000000    2.266573 ^ HREADYOUT (out)
                                              2.266573   data arrival time

                      0.150000   10.000000   10.000000   clock HCLK (rise edge)
                                  0.000000   10.000000   clock network delay (ideal)
                                 -0.250000    9.750000   clock uncertainty
                                  0.000000    9.750000   clock reconvergence pessimism
                                 -2.000000    7.750000   output external delay
                                              7.750000   data required time
---------------------------------------------------------------------------------------------
                                              7.750000   data required time
                                             -2.266573   data arrival time
---------------------------------------------------------------------------------------------
                                              5.483427   slack (MET)




===========================================================================
report_checks --slack_max -0.01
============================================================================
======================= nom_ff_n40C_1v95 Corner ===================================

No paths found.


===========================================================================
 report_check_types -max_slew -max_cap -max_fanout -violators
============================================================================
======================= nom_ff_n40C_1v95 Corner ===================================

max slew

Pin                                        Limit        Slew       Slack
------------------------------------------------------------------------
_083_/Y                                 0.750000    0.904626   -0.154626 (VIOLATED)
_084_/S                                 0.750000    0.904626   -0.154626 (VIOLATED)
_085_/S                                 0.750000    0.904626   -0.154626 (VIOLATED)
_086_/S                                 0.750000    0.904626   -0.154626 (VIOLATED)
_087_/S                                 0.750000    0.904626   -0.154626 (VIOLATED)
_088_/S                                 0.750000    0.904626   -0.154626 (VIOLATED)
_089_/S                                 0.750000    0.904626   -0.154626 (VIOLATED)
_090_/S                                 0.750000    0.904626   -0.154626 (VIOLATED)
_091_/S                                 0.750000    0.904626   -0.154626 (VIOLATED)
_092_/S                                 0.750000    0.904626   -0.154626 (VIOLATED)
_093_/S                                 0.750000    0.904626   -0.154626 (VIOLATED)
_094_/S                                 0.750000    0.904626   -0.154626 (VIOLATED)
_095_/S                                 0.750000    0.904626   -0.154626 (VIOLATED)
_096_/S                                 0.750000    0.904626   -0.154626 (VIOLATED)
_097_/S                                 0.750000    0.904626   -0.154626 (VIOLATED)
_098_/S                                 0.750000    0.904626   -0.154626 (VIOLATED)
_099_/S                                 0.750000    0.904626   -0.154626 (VIOLATED)
_100_/S                                 0.750000    0.904626   -0.154626 (VIOLATED)
_101_/S                                 0.750000    0.904626   -0.154626 (VIOLATED)
_102_/S                                 0.750000    0.904626   -0.154626 (VIOLATED)
_103_/S                                 0.750000    0.904626   -0.154626 (VIOLATED)
_104_/S                                 0.750000    0.904626   -0.154626 (VIOLATED)
_105_/S                                 0.750000    0.904626   -0.154626 (VIOLATED)
_106_/S                                 0.750000    0.904626   -0.154626 (VIOLATED)
_107_/S                                 0.750000    0.904626   -0.154626 (VIOLATED)
_108_/S                                 0.750000    0.904626   -0.154626 (VIOLATED)
_109_/S                                 0.750000    0.904626   -0.154626 (VIOLATED)
_110_/S                                 0.750000    0.904626   -0.154626 (VIOLATED)
_111_/S                                 0.750000    0.904626   -0.154626 (VIOLATED)
_112_/S                                 0.750000    0.904626   -0.154626 (VIOLATED)
_113_/S                                 0.750000    0.904626   -0.154626 (VIOLATED)
_114_/S                                 0.750000    0.904626   -0.154626 (VIOLATED)
_115_/S                                 0.750000    0.904626   -0.154626 (VIOLATED)
_116_/S                                 0.750000    0.904626   -0.154626 (VIOLATED)
_117_/S                                 0.750000    0.904626   -0.154626 (VIOLATED)
_118_/S                                 0.750000    0.904626   -0.154626 (VIOLATED)
_119_/S                                 0.750000    0.904626   -0.154626 (VIOLATED)
_120_/S                                 0.750000    0.904626   -0.154626 (VIOLATED)
_121_/S                                 0.750000    0.904626   -0.154626 (VIOLATED)
_122_/S                                 0.750000    0.904626   -0.154626 (VIOLATED)
_123_/S                                 0.750000    0.904626   -0.154626 (VIOLATED)
_124_/S                                 0.750000    0.904626   -0.154626 (VIOLATED)
_125_/S                                 0.750000    0.904626   -0.154626 (VIOLATED)
_126_/S                                 0.750000    0.904626   -0.154626 (VIOLATED)
_127_/S                                 0.750000    0.904626   -0.154626 (VIOLATED)
_128_/S                                 0.750000    0.904626   -0.154626 (VIOLATED)
_129_/S                                 0.750000    0.904626   -0.154626 (VIOLATED)
_130_/S                                 0.750000    0.904626   -0.154626 (VIOLATED)
_131_/S                                 0.750000    0.904626   -0.154626 (VIOLATED)
_132_/S                                 0.750000    0.904626   -0.154626 (VIOLATED)
_133_/S                                 0.750000    0.904626   -0.154626 (VIOLATED)
_134_/S                                 0.750000    0.904626   -0.154626 (VIOLATED)
_135_/S                                 0.750000    0.904626   -0.154626 (VIOLATED)
_136_/S                                 0.750000    0.904626   -0.154626 (VIOLATED)
_137_/S                                 0.750000    0.904626   -0.154626 (VIOLATED)
_138_/S                                 0.750000    0.904626   -0.154626 (VIOLATED)
_139_/S                                 0.750000    0.904626   -0.154626 (VIOLATED)
_140_/S                                 0.750000    0.904626   -0.154626 (VIOLATED)
_141_/S                                 0.750000    0.904626   -0.154626 (VIOLATED)
_142_/S                                 0.750000    0.904626   -0.154626 (VIOLATED)
_143_/S                                 0.750000    0.904626   -0.154626 (VIOLATED)
_144_/S                                 0.750000    0.904626   -0.154626 (VIOLATED)
_145_/S                                 0.750000    0.904626   -0.154626 (VIOLATED)
_146_/S                                 0.750000    0.904626   -0.154626 (VIOLATED)
_147_/S                                 0.750000    0.904626   -0.154626 (VIOLATED)
_148_/S                                 0.750000    0.904626   -0.154626 (VIOLATED)
HRESETn                                 0.750000    0.816141   -0.066141 (VIOLATED)
_151_/RESET_B                           0.750000    0.816141   -0.066141 (VIOLATED)
_152_/RESET_B                           0.750000    0.816141   -0.066141 (VIOLATED)
_153_/RESET_B                           0.750000    0.816141   -0.066141 (VIOLATED)
_154_/RESET_B                           0.750000    0.816141   -0.066141 (VIOLATED)
_155_/RESET_B                           0.750000    0.816141   -0.066141 (VIOLATED)
_156_/RESET_B                           0.750000    0.816141   -0.066141 (VIOLATED)
_157_/RESET_B                           0.750000    0.816141   -0.066141 (VIOLATED)
_158_/RESET_B                           0.750000    0.816141   -0.066141 (VIOLATED)
_159_/RESET_B                           0.750000    0.816141   -0.066141 (VIOLATED)
_160_/RESET_B                           0.750000    0.816141   -0.066141 (VIOLATED)
_161_/RESET_B                           0.750000    0.816141   -0.066141 (VIOLATED)
_162_/RESET_B                           0.750000    0.816141   -0.066141 (VIOLATED)
_163_/RESET_B                           0.750000    0.816141   -0.066141 (VIOLATED)
_164_/RESET_B                           0.750000    0.816141   -0.066141 (VIOLATED)
_165_/RESET_B                           0.750000    0.816141   -0.066141 (VIOLATED)
_166_/RESET_B                           0.750000    0.816141   -0.066141 (VIOLATED)
_167_/RESET_B                           0.750000    0.816141   -0.066141 (VIOLATED)
_168_/RESET_B                           0.750000    0.816141   -0.066141 (VIOLATED)
_169_/RESET_B                           0.750000    0.816141   -0.066141 (VIOLATED)
_170_/RESET_B                           0.750000    0.816141   -0.066141 (VIOLATED)
_171_/RESET_B                           0.750000    0.816141   -0.066141 (VIOLATED)
_172_/RESET_B                           0.750000    0.816141   -0.066141 (VIOLATED)
_173_/RESET_B                           0.750000    0.816141   -0.066141 (VIOLATED)
_174_/RESET_B                           0.750000    0.816141   -0.066141 (VIOLATED)
_175_/RESET_B                           0.750000    0.816141   -0.066141 (VIOLATED)
_176_/RESET_B                           0.750000    0.816141   -0.066141 (VIOLATED)
_177_/RESET_B                           0.750000    0.816141   -0.066141 (VIOLATED)
_178_/RESET_B                           0.750000    0.816141   -0.066141 (VIOLATED)
_179_/RESET_B                           0.750000    0.816141   -0.066141 (VIOLATED)
_180_/RESET_B                           0.750000    0.816141   -0.066141 (VIOLATED)
_181_/RESET_B                           0.750000    0.816141   -0.066141 (VIOLATED)
_182_/RESET_B                           0.750000    0.816141   -0.066141 (VIOLATED)
_183_/RESET_B                           0.750000    0.816141   -0.066141 (VIOLATED)
_184_/RESET_B                           0.750000    0.816141   -0.066141 (VIOLATED)
_185_/RESET_B                           0.750000    0.816141   -0.066141 (VIOLATED)
_186_/RESET_B                           0.750000    0.816141   -0.066141 (VIOLATED)
_187_/RESET_B                           0.750000    0.816141   -0.066141 (VIOLATED)
_188_/RESET_B                           0.750000    0.816141   -0.066141 (VIOLATED)
_189_/RESET_B                           0.750000    0.816141   -0.066141 (VIOLATED)
_190_/RESET_B                           0.750000    0.816141   -0.066141 (VIOLATED)
_191_/RESET_B                           0.750000    0.816141   -0.066141 (VIOLATED)
_192_/RESET_B                           0.750000    0.816141   -0.066141 (VIOLATED)
_193_/RESET_B                           0.750000    0.816141   -0.066141 (VIOLATED)
_194_/RESET_B                           0.750000    0.816141   -0.066141 (VIOLATED)
_195_/RESET_B                           0.750000    0.816141   -0.066141 (VIOLATED)
_196_/RESET_B                           0.750000    0.816141   -0.066141 (VIOLATED)
_197_/RESET_B                           0.750000    0.816141   -0.066141 (VIOLATED)
_198_/RESET_B                           0.750000    0.816141   -0.066141 (VIOLATED)
_199_/RESET_B                           0.750000    0.816141   -0.066141 (VIOLATED)
_200_/RESET_B                           0.750000    0.816141   -0.066141 (VIOLATED)
_201_/RESET_B                           0.750000    0.816141   -0.066141 (VIOLATED)
_202_/RESET_B                           0.750000    0.816141   -0.066141 (VIOLATED)
_203_/RESET_B                           0.750000    0.816141   -0.066141 (VIOLATED)
_204_/RESET_B                           0.750000    0.816141   -0.066141 (VIOLATED)
_205_/RESET_B                           0.750000    0.816141   -0.066141 (VIOLATED)
_206_/RESET_B                           0.750000    0.816141   -0.066141 (VIOLATED)
_207_/RESET_B                           0.750000    0.816141   -0.066141 (VIOLATED)
_208_/RESET_B                           0.750000    0.816141   -0.066141 (VIOLATED)
_209_/RESET_B                           0.750000    0.816141   -0.066141 (VIOLATED)
_210_/RESET_B                           0.750000    0.816141   -0.066141 (VIOLATED)
_211_/RESET_B                           0.750000    0.816141   -0.066141 (VIOLATED)
_212_/RESET_B                           0.750000    0.816141   -0.066141 (VIOLATED)
_213_/RESET_B                           0.750000    0.816141   -0.066141 (VIOLATED)
_214_/RESET_B                           0.750000    0.816141   -0.066141 (VIOLATED)
_215_/RESET_B                           0.750000    0.816141   -0.066141 (VIOLATED)
_216_/RESET_B                           0.750000    0.816141   -0.066141 (VIOLATED)
_217_/RESET_B                           0.750000    0.816141   -0.066141 (VIOLATED)

max fanout

Pin                                   Limit Fanout  Slack
---------------------------------------------------------
HRESETn                                  10     67    -57 (VIOLATED)
_083_/Y                                  10     65    -55 (VIOLATED)

max capacitance

Pin                                        Limit         Cap       Slack
------------------------------------------------------------------------
HRESETn                                 0.200000    0.242339   -0.042339 (VIOLATED)
_083_/Y                                 0.200000    0.239590   -0.039590 (VIOLATED)



===========================================================================
report_parasitic_annotation -report_unannotated
============================================================================
Found 282 unannotated drivers.
 HADDR[0]
 HADDR[10]
 HADDR[11]
 HADDR[12]
 HADDR[13]
 HADDR[14]
 HADDR[15]
 HADDR[16]
 HADDR[17]
 HADDR[18]
 HADDR[19]
 HADDR[1]
 HADDR[20]
 HADDR[21]
 HADDR[22]
 HADDR[23]
 HADDR[24]
 HADDR[25]
 HADDR[26]
 HADDR[27]
 HADDR[28]
 HADDR[29]
 HADDR[2]
 HADDR[30]
 HADDR[31]
 HADDR[3]
 HADDR[4]
 HADDR[5]
 HADDR[6]
 HADDR[7]
 HADDR[8]
 HADDR[9]
 HCLK
 HREADY
 HRESETn
 HTRANS[0]
 HTRANS[1]
 HWDATA[0]
 HWDATA[10]
 HWDATA[11]
 HWDATA[12]
 HWDATA[13]
 HWDATA[14]
 HWDATA[15]
 HWDATA[16]
 HWDATA[17]
 HWDATA[18]
 HWDATA[19]
 HWDATA[1]
 HWDATA[20]
 HWDATA[21]
 HWDATA[22]
 HWDATA[23]
 HWDATA[24]
 HWDATA[25]
 HWDATA[26]
 HWDATA[27]
 HWDATA[28]
 HWDATA[29]
 HWDATA[2]
 HWDATA[30]
 HWDATA[31]
 HWDATA[3]
 HWDATA[4]
 HWDATA[5]
 HWDATA[6]
 HWDATA[7]
 HWDATA[8]
 HWDATA[9]
 HWRITE
 PRDATA[0]
 PRDATA[10]
 PRDATA[11]
 PRDATA[12]
 PRDATA[13]
 PRDATA[14]
 PRDATA[15]
 PRDATA[16]
 PRDATA[17]
 PRDATA[18]
 PRDATA[19]
 PRDATA[1]
 PRDATA[20]
 PRDATA[21]
 PRDATA[22]
 PRDATA[23]
 PRDATA[24]
 PRDATA[25]
 PRDATA[26]
 PRDATA[27]
 PRDATA[28]
 PRDATA[29]
 PRDATA[2]
 PRDATA[30]
 PRDATA[31]
 PRDATA[3]
 PRDATA[4]
 PRDATA[5]
 PRDATA[6]
 PRDATA[7]
 PRDATA[8]
 PRDATA[9]
 PREADY
 PSLVERR
 _072_/Y
 _073_/Y
 _074_/X
 _075_/Y
 _076_/X
 _077_/Y
 _078_/X
 _079_/X
 _080_/X
 _081_/Y
 _082_/X
 _083_/Y
 _084_/X
 _085_/X
 _086_/X
 _087_/X
 _088_/X
 _089_/X
 _090_/X
 _091_/X
 _092_/X
 _093_/X
 _094_/X
 _095_/X
 _096_/X
 _097_/X
 _098_/X
 _099_/X
 _100_/X
 _101_/X
 _102_/X
 _103_/X
 _104_/X
 _105_/X
 _106_/X
 _107_/X
 _108_/X
 _109_/X
 _110_/X
 _111_/X
 _112_/X
 _113_/X
 _114_/X
 _115_/X
 _116_/X
 _117_/X
 _118_/X
 _119_/X
 _120_/X
 _121_/X
 _122_/X
 _123_/X
 _124_/X
 _125_/X
 _126_/X
 _127_/X
 _128_/X
 _129_/X
 _130_/X
 _131_/X
 _132_/X
 _133_/X
 _134_/X
 _135_/X
 _136_/X
 _137_/X
 _138_/X
 _139_/X
 _140_/X
 _141_/X
 _142_/X
 _143_/X
 _144_/X
 _145_/X
 _146_/X
 _147_/X
 _148_/X
 _149_/X
 _150_/X
 _151_/Q
 _152_/Q
 _153_/Q
 _154_/Q
 _155_/Q
 _156_/Q
 _157_/Q
 _158_/Q
 _159_/Q
 _160_/Q
 _161_/Q
 _162_/Q
 _163_/Q
 _164_/Q
 _165_/Q
 _166_/Q
 _167_/Q
 _168_/Q
 _169_/Q
 _170_/Q
 _171_/Q
 _172_/Q
 _173_/Q
 _174_/Q
 _175_/Q
 _176_/Q
 _177_/Q
 _178_/Q
 _179_/Q
 _180_/Q
 _181_/Q
 _182_/Q
 _183_/Q
 _184_/Q
 _185_/Q
 _186_/Q
 _187_/Q
 _188_/Q
 _189_/Q
 _190_/Q
 _191_/Q
 _192_/Q
 _193_/Q
 _194_/Q
 _195_/Q
 _196_/Q
 _197_/Q
 _198_/Q
 _199_/Q
 _200_/Q
 _201_/Q
 _202_/Q
 _203_/Q
 _204_/Q
 _205_/Q
 _206_/Q
 _207_/Q
 _208_/Q
 _209_/Q
 _210_/Q
 _211_/Q
 _212_/Q
 _213_/Q
 _214_/Q
 _215_/Q
 _216_/Q
 _217_/Q
 _218_/X
 _219_/X
 _220_/X
 _221_/X
 _222_/X
 _223_/X
 _224_/X
 _225_/X
 _226_/X
 _227_/X
 _228_/X
 _229_/X
 _230_/X
 _231_/X
 _232_/X
 _233_/X
 _234_/X
 _235_/X
 _236_/X
 _237_/X
 _238_/X
 _239_/X
 _240_/X
 _241_/X
 _242_/X
 _243_/X
 _244_/X
 _245_/X
 _246_/X
 _247_/X
 _248_/X
 _249_/X
Found 0 partially unannotated drivers.

===========================================================================
max slew violation count 134
max fanout violation count 2
max cap violation count 2
============================================================================

===========================================================================
check_setup -verbose -unconstrained_endpoints -multiple_clock -no_clock -no_input_delay -loops -generated_clocks
===========================================================================
