Reading OpenROAD database at '/home/azmuth/ASIC_PROJECTS/ahb-lite-apb4-bridge-ip/runs/RUN_2026-07-24_22-11-59/31-openroad-repairdesignpostgpl/ahb_apb_bridge_top.odb'…
Reading library file at '/home/azmuth/.volare/volare/volare/sky130/versions/0fe599b2afb6708d281543108caf8310912f54af/sky130A/libs.ref/sky130_fd_sc_hd/lib/sky130_fd_sc_hd__tt_025C_1v80.lib'…
Reading design constraints file at '/nix/store/h0ldzjka94yryiq8yxbxmwargpnmwhx6-python3-3.11.9-env/lib/python3.11/site-packages/openlane/scripts/base.sdc'…
[INFO] Using clock HCLK…
[INFO] Setting output delay to: 2
[INFO] Setting input delay to: 2
[INFO] Setting load to: 0.033442
[INFO] Setting clock uncertainty to: 0.25
[INFO] Setting clock transition to: 0.1499999999999999944488848768742172978818416595458984375
[INFO] Setting timing derate to: 5%
Placement Analysis
---------------------------------
total displacement          0.0 u
average displacement        0.0 u
max displacement            0.0 u
original HPWL           16860.8 u
legalized HPWL          17026.2 u
delta HPWL                    1 %

[INFO DPL-0020] Mirrored 120 instances
[INFO DPL-0021] HPWL before           17026.2 u
[INFO DPL-0022] HPWL after            16860.8 u
[INFO DPL-0023] HPWL delta               -1.0 %
Setting global connections for newly added cells…
[INFO] Setting global connections...
Updating metrics…
Cell type report:                       Count       Area
  Fill cell                               572    2147.06
  Tap cell                               8784   10990.54
  Buffer                                   32     120.12
  Timing Repair Buffer                    192     980.94
  Inverter                                  2       7.51
  Sequential cell                          67    1686.62
  Multi-Input combinational cell           77     824.54
  Total                                  9726   16757.32
Writing OpenROAD database to '/home/azmuth/ASIC_PROJECTS/ahb-lite-apb4-bridge-ip/runs/RUN_2026-07-24_22-11-59/33-openroad-detailedplacement/ahb_apb_bridge_top.odb'…
Writing netlist to '/home/azmuth/ASIC_PROJECTS/ahb-lite-apb4-bridge-ip/runs/RUN_2026-07-24_22-11-59/33-openroad-detailedplacement/ahb_apb_bridge_top.nl.v'…
Writing powered netlist to '/home/azmuth/ASIC_PROJECTS/ahb-lite-apb4-bridge-ip/runs/RUN_2026-07-24_22-11-59/33-openroad-detailedplacement/ahb_apb_bridge_top.pnl.v'…
Writing layout to '/home/azmuth/ASIC_PROJECTS/ahb-lite-apb4-bridge-ip/runs/RUN_2026-07-24_22-11-59/33-openroad-detailedplacement/ahb_apb_bridge_top.def'…
Writing timing constraints to '/home/azmuth/ASIC_PROJECTS/ahb-lite-apb4-bridge-ip/runs/RUN_2026-07-24_22-11-59/33-openroad-detailedplacement/ahb_apb_bridge_top.sdc'…
