
===========================================================================
report_checks -unconstrained
===========================================================================
======================= min_ff_n40C_1v95 Corner ===================================

Startpoint: HRESETn (input port clocked by HCLK)
Endpoint: _158_ (recovery check against rising-edge clock HCLK)
Path Group: asynchronous
Path Type: max

Fanout         Cap        Slew       Delay        Time   Description
---------------------------------------------------------------------------------------------
                                  0.000000    0.000000   clock HCLK (rise edge)
                                  0.000000    0.000000   clock network delay (propagated)
                                  2.000000    2.000000 ^ input external delay
     1    0.002959    0.014484    0.007637    2.007637 ^ HRESETn (in)
                                                         HRESETn (net)
                      0.014484    0.000000    2.007637 ^ input34/A (sky130_fd_sc_hd__buf_1)
     1    0.010831    0.099617    0.094873    2.102510 ^ input34/X (sky130_fd_sc_hd__buf_1)
                                                         net34 (net)
                      0.099618    0.000275    2.102786 ^ fanout192/A (sky130_fd_sc_hd__buf_8)
     6    0.126081    0.154012    0.147687    2.250473 ^ fanout192/X (sky130_fd_sc_hd__buf_8)
                                                         net192 (net)
                      0.162100    0.026859    2.277332 ^ fanout187/A (sky130_fd_sc_hd__buf_8)
     6    0.140986    0.173558    0.169910    2.447242 ^ fanout187/X (sky130_fd_sc_hd__buf_8)
                                                         net187 (net)
                      0.179484    0.025222    2.472465 ^ fanout185/A (sky130_fd_sc_hd__buf_8)
    11    0.126658    0.156091    0.158483    2.630948 ^ fanout185/X (sky130_fd_sc_hd__buf_8)
                                                         net185 (net)
                      0.167680    0.032973    2.663920 ^ fanout184/A (sky130_fd_sc_hd__clkbuf_4)
    10    0.045083    0.108313    0.175558    2.839478 ^ fanout184/X (sky130_fd_sc_hd__clkbuf_4)
                                                         net184 (net)
                      0.108327    0.001281    2.840760 ^ _158_/RESET_B (sky130_fd_sc_hd__dfrtp_1)
                                              2.840760   data arrival time

                                 10.000000   10.000000   clock HCLK (rise edge)
                                  0.000000   10.000000   clock source latency
     1    0.055995    0.191291    0.137855   10.137856 ^ HCLK (in)
                                                         HCLK (net)
                      0.192114    0.000000   10.137856 ^ clkbuf_0_HCLK/A (sky130_fd_sc_hd__clkbuf_16)
     5    0.123293    0.107273    0.173709   10.311564 ^ clkbuf_0_HCLK/X (sky130_fd_sc_hd__clkbuf_16)
                                                         clknet_0_HCLK (net)
                      0.108547    0.009308   10.320872 ^ clkbuf_2_1_0_HCLK/A (sky130_fd_sc_hd__clkbuf_8)
     2    0.035398    0.056328    0.122621   10.443494 ^ clkbuf_2_1_0_HCLK/X (sky130_fd_sc_hd__clkbuf_8)
                                                         clknet_2_1_0_HCLK (net)
                      0.056586    0.002984   10.446478 ^ clkbuf_3_3__f_HCLK/A (sky130_fd_sc_hd__clkbuf_16)
    10    0.027240    0.036222    0.096776   10.543254 ^ clkbuf_3_3__f_HCLK/X (sky130_fd_sc_hd__clkbuf_16)
                                                         clknet_3_3__leaf_HCLK (net)
                      0.036223    0.000270   10.543524 ^ _158_/CLK (sky130_fd_sc_hd__dfrtp_1)
                                 -0.250000   10.293524   clock uncertainty
                                  0.000000   10.293524   clock reconvergence pessimism
                                  0.129997   10.423520   library recovery time
                                             10.423520   data required time
---------------------------------------------------------------------------------------------
                                             10.423520   data required time
                                             -2.840760   data arrival time
---------------------------------------------------------------------------------------------
                                              7.582760   slack (MET)


Startpoint: PREADY (input port clocked by HCLK)
Endpoint: HREADYOUT (output port clocked by HCLK)
Path Group: HCLK
Path Type: max

Fanout         Cap        Slew       Delay        Time   Description
---------------------------------------------------------------------------------------------
                                  0.000000    0.000000   clock HCLK (rise edge)
                                  0.000000    0.000000   clock network delay (propagated)
                                  2.000000    2.000000 ^ input external delay
     1    0.002972    0.014530    0.007670    2.007670 ^ PREADY (in)
                                                         PREADY (net)
                      0.014530    0.000000    2.007670 ^ input69/A (sky130_fd_sc_hd__clkbuf_1)
     1    0.005244    0.052425    0.062295    2.069965 ^ input69/X (sky130_fd_sc_hd__clkbuf_1)
                                                         net69 (net)
                      0.052425    0.000054    2.070019 ^ _072_/A (sky130_fd_sc_hd__inv_2)
     2    0.007440    0.021025    0.024303    2.094323 v _072_/Y (sky130_fd_sc_hd__inv_2)
                                                         _067_ (net)
                      0.021026    0.000145    2.094468 v _081_/A1 (sky130_fd_sc_hd__o21ai_1)
     1    0.002017    0.062063    0.073012    2.167480 ^ _081_/Y (sky130_fd_sc_hd__o21ai_1)
                                                         net103 (net)
                      0.062063    0.000008    2.167488 ^ output103/A (sky130_fd_sc_hd__buf_2)
     1    0.035435    0.132210    0.149138    2.316626 ^ output103/X (sky130_fd_sc_hd__buf_2)
                                                         HREADYOUT (net)
                      0.132210    0.000249    2.316875 ^ HREADYOUT (out)
                                              2.316875   data arrival time

                                 10.000000   10.000000   clock HCLK (rise edge)
                                  0.000000   10.000000   clock network delay (propagated)
                                 -0.250000    9.750000   clock uncertainty
                                  0.000000    9.750000   clock reconvergence pessimism
                                 -2.000000    7.750000   output external delay
                                              7.750000   data required time
---------------------------------------------------------------------------------------------
                                              7.750000   data required time
                                             -2.316875   data arrival time
---------------------------------------------------------------------------------------------
                                              5.433125   slack (MET)




===========================================================================
report_checks --slack_max -0.01
============================================================================
======================= min_ff_n40C_1v95 Corner ===================================

No paths found.


===========================================================================
 report_check_types -max_slew -max_cap -max_fanout -violators
============================================================================
======================= min_ff_n40C_1v95 Corner ===================================

max fanout

Pin                                   Limit Fanout  Slack
---------------------------------------------------------
fanout190/X                              10     13     -3 (VIOLATED)
fanout176/X                              10     12     -2 (VIOLATED)
clkbuf_3_4__f_HCLK/X                     10     11        (VIOLATED)
clkbuf_3_5__f_HCLK/X                     10     11        (VIOLATED)
fanout185/X                              10     11        (VIOLATED)



===========================================================================
report_parasitic_annotation -report_unannotated
============================================================================
Found 4 unannotated drivers.
 HTRANS[0]
 clkload0/X
 clkload1/X
 clkload2/Y
Found 0 partially unannotated drivers.

===========================================================================
max slew violation count 0
max fanout violation count 5
max cap violation count 0
============================================================================

===========================================================================
check_setup -verbose -unconstrained_endpoints -multiple_clock -no_clock -no_input_delay -loops -generated_clocks
===========================================================================
