Clock: HCLK
Sources: HCLK 
Generated: no
Virtual: yes
Propagated: no
Period: 10.000000

===========================================================================
report_clock_properties
============================================================================
Clock                   Period          Waveform
----------------------------------------------------
HCLK                 10.000000    0.000000  5.000000

===========================================================================
report_clock_latency
============================================================================
Clock HCLK
rise -> rise
    min     max
0.000000 0.000000 source latency
0.543384         network latency _205_/CLK
        0.585312 network latency _207_/CLK
---------------
0.543384 0.585312 latency
        0.041928 skew

fall -> fall
    min     max
0.000000 0.000000 source latency
0.466320         network latency _205_/CLK
        0.497412 network latency _207_/CLK
---------------
0.466320 0.497412 latency
        0.031092 skew



===========================================================================
report_clock_min_period
============================================================================
HCLK period_min = 1.12 fmax = 893.76
