
===========================================================================
 report_power
============================================================================
======================= min_ff_n40C_1v95 Corner ===================================

Group                    Internal    Switching      Leakage        Total
                            Power        Power        Power        Power (Watts)
------------------------------------------------------------------------
Sequential           3.684439e-04 3.621383e-05 9.742224e-10 4.046587e-04  31.3%
Combinational        1.544763e-04 2.563497e-04 3.267044e-09 4.108292e-04  31.8%
Clock                2.333960e-04 2.443257e-04 3.703765e-08 4.777587e-04  36.9%
Macro                0.000000e+00 0.000000e+00 0.000000e+00 0.000000e+00   0.0%
Pad                  0.000000e+00 0.000000e+00 0.000000e+00 0.000000e+00   0.0%
------------------------------------------------------------------------
Total                7.563156e-04 5.368891e-04 4.127919e-08 1.293246e-03 100.0%
                            58.5%        41.5%         0.0%

