
===========================================================================
report_checks -unconstrained
===========================================================================
======================= max_ff_n40C_1v95 Corner ===================================

Startpoint: HRESETn (input port clocked by HCLK)
Endpoint: _158_ (recovery check against rising-edge clock HCLK)
Path Group: asynchronous
Path Type: max

Fanout         Cap        Slew       Delay        Time   Description
---------------------------------------------------------------------------------------------
                                  0.000000    0.000000   clock HCLK (rise edge)
                                  0.000000    0.000000   clock network delay (propagated)
                                  2.000000    2.000000 ^ input external delay
     1    0.003119    0.015059    0.008119    2.008119 ^ HRESETn (in)
                                                         HRESETn (net)
                      0.015061    0.000000    2.008119 ^ input34/A (sky130_fd_sc_hd__buf_1)
     1    0.011674    0.106852    0.099483    2.107602 ^ input34/X (sky130_fd_sc_hd__buf_1)
                                                         net34 (net)
                      0.106868    0.001064    2.108665 ^ fanout192/A (sky130_fd_sc_hd__buf_8)
     6    0.144450    0.170451    0.143765    2.252430 ^ fanout192/X (sky130_fd_sc_hd__buf_8)
                                                         net192 (net)
                      0.198380    0.050529    2.302959 ^ fanout187/A (sky130_fd_sc_hd__buf_8)
     6    0.163820    0.200047    0.175164    2.478123 ^ fanout187/X (sky130_fd_sc_hd__buf_8)
                                                         net187 (net)
                      0.220586    0.049020    2.527143 ^ fanout185/A (sky130_fd_sc_hd__buf_8)
    11    0.141351    0.170448    0.155469    2.682613 ^ fanout185/X (sky130_fd_sc_hd__buf_8)
                                                         net185 (net)
                      0.209450    0.062493    2.745106 ^ fanout184/A (sky130_fd_sc_hd__clkbuf_4)
    10    0.047015    0.113107    0.184230    2.929336 ^ fanout184/X (sky130_fd_sc_hd__clkbuf_4)
                                                         net184 (net)
                      0.113313    0.003423    2.932759 ^ _158_/RESET_B (sky130_fd_sc_hd__dfrtp_1)
                                              2.932759   data arrival time

                                 10.000000   10.000000   clock HCLK (rise edge)
                                  0.000000   10.000000   clock source latency
     1    0.061708    0.210978    0.154478   10.154478 ^ HCLK (in)
                                                         HCLK (net)
                      0.213181    0.000000   10.154478 ^ clkbuf_0_HCLK/A (sky130_fd_sc_hd__clkbuf_16)
     5    0.139027    0.118636    0.180204   10.334682 ^ clkbuf_0_HCLK/X (sky130_fd_sc_hd__clkbuf_16)
                                                         clknet_0_HCLK (net)
                      0.123458    0.018725   10.353408 ^ clkbuf_2_1_0_HCLK/A (sky130_fd_sc_hd__clkbuf_8)
     2    0.038254    0.060204    0.127098   10.480507 ^ clkbuf_2_1_0_HCLK/X (sky130_fd_sc_hd__clkbuf_8)
                                                         clknet_2_1_0_HCLK (net)
                      0.061480    0.006827   10.487333 ^ clkbuf_3_3__f_HCLK/A (sky130_fd_sc_hd__clkbuf_16)
    10    0.028952    0.037659    0.098701   10.586035 ^ clkbuf_3_3__f_HCLK/X (sky130_fd_sc_hd__clkbuf_16)
                                                         clknet_3_3__leaf_HCLK (net)
                      0.037735    0.001438   10.587473 ^ _158_/CLK (sky130_fd_sc_hd__dfrtp_1)
                                 -0.250000   10.337473   clock uncertainty
                                  0.000000   10.337473   clock reconvergence pessimism
                                  0.129296   10.466768   library recovery time
                                             10.466768   data required time
---------------------------------------------------------------------------------------------
                                             10.466768   data required time
                                             -2.932759   data arrival time
---------------------------------------------------------------------------------------------
                                              7.534009   slack (MET)


Startpoint: PREADY (input port clocked by HCLK)
Endpoint: HREADYOUT (output port clocked by HCLK)
Path Group: HCLK
Path Type: max

Fanout         Cap        Slew       Delay        Time   Description
---------------------------------------------------------------------------------------------
                                  0.000000    0.000000   clock HCLK (rise edge)
                                  0.000000    0.000000   clock network delay (propagated)
                                  2.000000    2.000000 ^ input external delay
     1    0.003142    0.015142    0.008179    2.008179 ^ PREADY (in)
                                                         PREADY (net)
                      0.015144    0.000000    2.008179 ^ input69/A (sky130_fd_sc_hd__clkbuf_1)
     1    0.005391    0.053697    0.063142    2.071321 ^ input69/X (sky130_fd_sc_hd__clkbuf_1)
                                                         net69 (net)
                      0.053702    0.000399    2.071720 ^ _072_/A (sky130_fd_sc_hd__inv_2)
     2    0.008212    0.022489    0.025373    2.097093 v _072_/Y (sky130_fd_sc_hd__inv_2)
                                                         _067_ (net)
                      0.022525    0.000724    2.097817 v _081_/A1 (sky130_fd_sc_hd__o21ai_1)
     1    0.002046    0.061639    0.073801    2.171618 ^ _081_/Y (sky130_fd_sc_hd__o21ai_1)
                                                         net103 (net)
                      0.061640    0.000094    2.171712 ^ output103/A (sky130_fd_sc_hd__buf_2)
     1    0.035945    0.134220    0.149211    2.320923 ^ output103/X (sky130_fd_sc_hd__buf_2)
                                                         HREADYOUT (net)
                      0.134255    0.001802    2.322725 ^ HREADYOUT (out)
                                              2.322725   data arrival time

                                 10.000000   10.000000   clock HCLK (rise edge)
                                  0.000000   10.000000   clock network delay (propagated)
                                 -0.250000    9.750000   clock uncertainty
                                  0.000000    9.750000   clock reconvergence pessimism
                                 -2.000000    7.750000   output external delay
                                              7.750000   data required time
---------------------------------------------------------------------------------------------
                                              7.750000   data required time
                                             -2.322725   data arrival time
---------------------------------------------------------------------------------------------
                                              5.427275   slack (MET)




===========================================================================
report_checks --slack_max -0.01
============================================================================
======================= max_ff_n40C_1v95 Corner ===================================

No paths found.


===========================================================================
 report_check_types -max_slew -max_cap -max_fanout -violators
============================================================================
======================= max_ff_n40C_1v95 Corner ===================================

max fanout

Pin                                   Limit Fanout  Slack
---------------------------------------------------------
fanout190/X                              10     13     -3 (VIOLATED)
fanout176/X                              10     12     -2 (VIOLATED)
clkbuf_3_4__f_HCLK/X                     10     11        (VIOLATED)
clkbuf_3_5__f_HCLK/X                     10     11        (VIOLATED)
fanout185/X                              10     11        (VIOLATED)



===========================================================================
report_parasitic_annotation -report_unannotated
============================================================================
Found 4 unannotated drivers.
 HTRANS[0]
 clkload0/X
 clkload1/X
 clkload2/Y
Found 0 partially unannotated drivers.

===========================================================================
max slew violation count 0
max fanout violation count 5
max cap violation count 0
============================================================================

===========================================================================
check_setup -verbose -unconstrained_endpoints -multiple_clock -no_clock -no_input_delay -loops -generated_clocks
===========================================================================
