Clock: HCLK
Sources: HCLK 
Generated: no
Virtual: yes
Propagated: no
Period: 10.000000

===========================================================================
report_clock_properties
============================================================================
Clock                   Period          Waveform
----------------------------------------------------
HCLK                 10.000000    0.000000  5.000000

===========================================================================
report_clock_latency
============================================================================
Clock HCLK
rise -> rise
    min     max
0.000000 0.000000 source latency
0.586633         network latency _192_/CLK
        0.636699 network latency _207_/CLK
---------------
0.586633 0.636699 latency
        0.050065 skew

fall -> fall
    min     max
0.000000 0.000000 source latency
0.499211         network latency _192_/CLK
        0.536620 network latency _207_/CLK
---------------
0.499211 0.536620 latency
        0.037409 skew



===========================================================================
report_clock_min_period
============================================================================
HCLK period_min = 1.13 fmax = 883.67
