
===========================================================================
 report_power
============================================================================
======================= max_ff_n40C_1v95 Corner ===================================

Group                    Internal    Switching      Leakage        Total
                            Power        Power        Power        Power (Watts)
------------------------------------------------------------------------
Sequential           3.683106e-04 3.940548e-05 9.742224e-10 4.077170e-04  30.6%
Combinational        1.546039e-04 2.645951e-04 3.267044e-09 4.192023e-04  31.5%
Clock                2.336921e-04 2.701292e-04 3.703765e-08 5.038583e-04  37.9%
Macro                0.000000e+00 0.000000e+00 0.000000e+00 0.000000e+00   0.0%
Pad                  0.000000e+00 0.000000e+00 0.000000e+00 0.000000e+00   0.0%
------------------------------------------------------------------------
Total                7.566069e-04 5.741297e-04 4.127919e-08 1.330778e-03 100.0%
                            56.9%        43.1%         0.0%

