
===========================================================================
report_checks -unconstrained
===========================================================================
======================= nom_tt_025C_1v80 Corner ===================================

Startpoint: HRESETn (input port clocked by HCLK)
Endpoint: _214_ (recovery check against rising-edge clock HCLK)
Path Group: asynchronous
Path Type: max

Fanout         Cap        Slew       Delay        Time   Description
---------------------------------------------------------------------------------------------
                                  0.000000    0.000000   clock HCLK (rise edge)
                                  0.000000    0.000000   clock network delay (propagated)
                                  2.000000    2.000000 ^ input external delay
    67    0.412626    1.831028    1.299924    3.299924 ^ HRESETn (in)
                                                         HRESETn (net)
                      1.834248    0.000000    3.299924 ^ _214_/RESET_B (sky130_fd_sc_hd__dfrtp_2)
                                              3.299924   data arrival time

                                 10.000000   10.000000   clock HCLK (rise edge)
                                  0.000000   10.000000   clock source latency
    67    0.294938    1.319905    0.873895   10.873895 ^ HCLK (in)
                                                         HCLK (net)
                      1.319905    0.000000   10.873895 ^ _214_/CLK (sky130_fd_sc_hd__dfrtp_2)
                                 -0.250000   10.623895   clock uncertainty
                                  0.000000   10.623895   clock reconvergence pessimism
                                 -0.045093   10.578801   library recovery time
                                             10.578801   data required time
---------------------------------------------------------------------------------------------
                                             10.578801   data required time
                                             -3.299924   data arrival time
---------------------------------------------------------------------------------------------
                                              7.278877   slack (MET)


Startpoint: PREADY (input port clocked by HCLK)
Endpoint: HREADYOUT (output port clocked by HCLK)
Path Group: HCLK
Path Type: max

Fanout         Cap        Slew       Delay        Time   Description
---------------------------------------------------------------------------------------------
                                  0.000000    0.000000   clock HCLK (rise edge)
                                  0.000000    0.000000   clock network delay (propagated)
                                  2.000000    2.000000 ^ input external delay
     1    0.005587    0.031862    0.019719    2.019719 ^ PREADY (in)
                                                         PREADY (net)
                      0.031862    0.000000    2.019719 ^ _072_/A (sky130_fd_sc_hd__inv_2)
     2    0.008221    0.022366    0.032671    2.052389 v _072_/Y (sky130_fd_sc_hd__inv_2)
                                                         _067_ (net)
                      0.022366    0.000067    2.052456 v _081_/A1 (sky130_fd_sc_hd__o21ai_2)
     1    0.034391    0.408224    0.346136    2.398592 ^ _081_/Y (sky130_fd_sc_hd__o21ai_2)
                                                         HREADYOUT (net)
                      0.408224    0.000148    2.398740 ^ HREADYOUT (out)
                                              2.398740   data arrival time

                                 10.000000   10.000000   clock HCLK (rise edge)
                                  0.000000   10.000000   clock network delay (propagated)
                                 -0.250000    9.750000   clock uncertainty
                                  0.000000    9.750000   clock reconvergence pessimism
                                 -2.000000    7.750000   output external delay
                                              7.750000   data required time
---------------------------------------------------------------------------------------------
                                              7.750000   data required time
                                             -2.398740   data arrival time
---------------------------------------------------------------------------------------------
                                              5.351260   slack (MET)




===========================================================================
report_checks --slack_max -0.01
============================================================================
======================= nom_tt_025C_1v80 Corner ===================================

No paths found.


===========================================================================
 report_check_types -max_slew -max_cap -max_fanout -violators
============================================================================
======================= nom_tt_025C_1v80 Corner ===================================

max slew

Pin                                        Limit        Slew       Slack
------------------------------------------------------------------------
_147_/S                                 0.750000    1.958768   -1.208768 (VIOLATED)
_110_/S                                 0.750000    1.958767   -1.208767 (VIOLATED)
_105_/S                                 0.750000    1.958764   -1.208764 (VIOLATED)
_140_/S                                 0.750000    1.958759   -1.208759 (VIOLATED)
_091_/S                                 0.750000    1.958751   -1.208751 (VIOLATED)
_134_/S                                 0.750000    1.958739   -1.208739 (VIOLATED)
_112_/S                                 0.750000    1.958733   -1.208733 (VIOLATED)
_146_/S                                 0.750000    1.958723   -1.208724 (VIOLATED)
_143_/S                                 0.750000    1.958712   -1.208712 (VIOLATED)
_138_/S                                 0.750000    1.958700   -1.208700 (VIOLATED)
_084_/S                                 0.750000    1.958687   -1.208687 (VIOLATED)
_137_/S                                 0.750000    1.958678   -1.208678 (VIOLATED)
_099_/S                                 0.750000    1.958650   -1.208650 (VIOLATED)
_144_/S                                 0.750000    1.958631   -1.208631 (VIOLATED)
_122_/S                                 0.750000    1.958605   -1.208605 (VIOLATED)
_111_/S                                 0.750000    1.958592   -1.208592 (VIOLATED)
_090_/S                                 0.750000    1.958565   -1.208565 (VIOLATED)
_092_/S                                 0.750000    1.958542   -1.208542 (VIOLATED)
_117_/S                                 0.750000    1.958519   -1.208519 (VIOLATED)
_115_/S                                 0.750000    1.958512   -1.208512 (VIOLATED)
_101_/S                                 0.750000    1.958504   -1.208504 (VIOLATED)
_108_/S                                 0.750000    1.958499   -1.208499 (VIOLATED)
_113_/S                                 0.750000    1.958496   -1.208496 (VIOLATED)
_107_/S                                 0.750000    1.958265   -1.208265 (VIOLATED)
_136_/S                                 0.750000    1.958264   -1.208264 (VIOLATED)
_145_/S                                 0.750000    1.958262   -1.208262 (VIOLATED)
_120_/S                                 0.750000    1.958260   -1.208260 (VIOLATED)
_093_/S                                 0.750000    1.958255   -1.208255 (VIOLATED)
_135_/S                                 0.750000    1.958251   -1.208251 (VIOLATED)
_094_/S                                 0.750000    1.958246   -1.208246 (VIOLATED)
_130_/S                                 0.750000    1.958240   -1.208240 (VIOLATED)
_098_/S                                 0.750000    1.958236   -1.208236 (VIOLATED)
_142_/S                                 0.750000    1.957487   -1.207487 (VIOLATED)
_132_/S                                 0.750000    1.957485   -1.207485 (VIOLATED)
_123_/S                                 0.750000    1.957483   -1.207483 (VIOLATED)
_089_/S                                 0.750000    1.957481   -1.207481 (VIOLATED)
_139_/S                                 0.750000    1.957477   -1.207477 (VIOLATED)
_133_/S                                 0.750000    1.957474   -1.207474 (VIOLATED)
_104_/S                                 0.750000    1.957466   -1.207466 (VIOLATED)
_128_/S                                 0.750000    1.957259   -1.207259 (VIOLATED)
_097_/S                                 0.750000    1.955883   -1.205883 (VIOLATED)
_085_/S                                 0.750000    1.955767   -1.205767 (VIOLATED)
_102_/S                                 0.750000    1.955767   -1.205767 (VIOLATED)
_119_/S                                 0.750000    1.955767   -1.205767 (VIOLATED)
_086_/S                                 0.750000    1.955765   -1.205765 (VIOLATED)
_129_/S                                 0.750000    1.955766   -1.205766 (VIOLATED)
_106_/S                                 0.750000    1.955765   -1.205765 (VIOLATED)
_121_/S                                 0.750000    1.955764   -1.205764 (VIOLATED)
_125_/S                                 0.750000    1.955762   -1.205762 (VIOLATED)
_141_/S                                 0.750000    1.955763   -1.205763 (VIOLATED)
_103_/S                                 0.750000    1.955759   -1.205759 (VIOLATED)
_116_/S                                 0.750000    1.955760   -1.205760 (VIOLATED)
_118_/S                                 0.750000    1.955761   -1.205761 (VIOLATED)
_114_/S                                 0.750000    1.955757   -1.205757 (VIOLATED)
_124_/S                                 0.750000    1.955758   -1.205758 (VIOLATED)
_109_/S                                 0.750000    1.955756   -1.205756 (VIOLATED)
_088_/S                                 0.750000    1.955754   -1.205754 (VIOLATED)
_127_/S                                 0.750000    1.955755   -1.205755 (VIOLATED)
_131_/S                                 0.750000    1.955753   -1.205753 (VIOLATED)
_087_/S                                 0.750000    1.955752   -1.205752 (VIOLATED)
_083_/Y                                 0.750000    1.955749   -1.205749 (VIOLATED)
_095_/S                                 0.750000    1.955749   -1.205749 (VIOLATED)
_096_/S                                 0.750000    1.955749   -1.205749 (VIOLATED)
_100_/S                                 0.750000    1.955749   -1.205749 (VIOLATED)
_126_/S                                 0.750000    1.955749   -1.205749 (VIOLATED)
_148_/S                                 0.750000    1.955749   -1.205749 (VIOLATED)
_214_/RESET_B                           0.750000    1.834248   -1.084248 (VIOLATED)
_177_/RESET_B                           0.750000    1.834246   -1.084246 (VIOLATED)
_172_/RESET_B                           0.750000    1.834243   -1.084243 (VIOLATED)
_207_/RESET_B                           0.750000    1.834237   -1.084237 (VIOLATED)
_158_/RESET_B                           0.750000    1.834228   -1.084228 (VIOLATED)
_201_/RESET_B                           0.750000    1.834216   -1.084216 (VIOLATED)
_179_/RESET_B                           0.750000    1.834207   -1.084207 (VIOLATED)
_213_/RESET_B                           0.750000    1.834193   -1.084193 (VIOLATED)
_210_/RESET_B                           0.750000    1.834187   -1.084187 (VIOLATED)
_205_/RESET_B                           0.750000    1.834174   -1.084174 (VIOLATED)
_151_/RESET_B                           0.750000    1.834157   -1.084157 (VIOLATED)
_204_/RESET_B                           0.750000    1.834146   -1.084146 (VIOLATED)
_166_/RESET_B                           0.750000    1.834120   -1.084120 (VIOLATED)
_211_/RESET_B                           0.750000    1.834088   -1.084088 (VIOLATED)
_189_/RESET_B                           0.750000    1.834069   -1.084069 (VIOLATED)
_178_/RESET_B                           0.750000    1.834047   -1.084047 (VIOLATED)
_157_/RESET_B                           0.750000    1.834024   -1.084024 (VIOLATED)
_159_/RESET_B                           0.750000    1.833999   -1.083999 (VIOLATED)
_184_/RESET_B                           0.750000    1.833973   -1.083973 (VIOLATED)
_182_/RESET_B                           0.750000    1.833964   -1.083964 (VIOLATED)
_168_/RESET_B                           0.750000    1.833956   -1.083956 (VIOLATED)
_175_/RESET_B                           0.750000    1.833951   -1.083951 (VIOLATED)
_180_/RESET_B                           0.750000    1.833946   -1.083946 (VIOLATED)
_174_/RESET_B                           0.750000    1.833683   -1.083683 (VIOLATED)
_203_/RESET_B                           0.750000    1.833683   -1.083683 (VIOLATED)
_212_/RESET_B                           0.750000    1.833681   -1.083681 (VIOLATED)
_187_/RESET_B                           0.750000    1.833677   -1.083677 (VIOLATED)
_160_/RESET_B                           0.750000    1.833673   -1.083673 (VIOLATED)
_202_/RESET_B                           0.750000    1.833666   -1.083666 (VIOLATED)
_161_/RESET_B                           0.750000    1.833661   -1.083661 (VIOLATED)
_197_/RESET_B                           0.750000    1.833654   -1.083654 (VIOLATED)
_165_/RESET_B                           0.750000    1.833649   -1.083649 (VIOLATED)
_209_/RESET_B                           0.750000    1.832853   -1.082853 (VIOLATED)
_199_/RESET_B                           0.750000    1.832852   -1.082852 (VIOLATED)
_190_/RESET_B                           0.750000    1.832849   -1.082849 (VIOLATED)
_156_/RESET_B                           0.750000    1.832847   -1.082847 (VIOLATED)
_206_/RESET_B                           0.750000    1.832843   -1.082843 (VIOLATED)
_200_/RESET_B                           0.750000    1.832839   -1.082839 (VIOLATED)
_171_/RESET_B                           0.750000    1.832831   -1.082831 (VIOLATED)
_195_/RESET_B                           0.750000    1.832600   -1.082600 (VIOLATED)
_164_/RESET_B                           0.750000    1.831148   -1.081148 (VIOLATED)
_152_/RESET_B                           0.750000    1.831098   -1.081098 (VIOLATED)
_169_/RESET_B                           0.750000    1.831099   -1.081099 (VIOLATED)
_186_/RESET_B                           0.750000    1.831099   -1.081099 (VIOLATED)
_196_/RESET_B                           0.750000    1.831096   -1.081096 (VIOLATED)
_153_/RESET_B                           0.750000    1.831095   -1.081095 (VIOLATED)
_173_/RESET_B                           0.750000    1.831093   -1.081093 (VIOLATED)
_188_/RESET_B                           0.750000    1.831092   -1.081092 (VIOLATED)
_208_/RESET_B                           0.750000    1.831090   -1.081090 (VIOLATED)
_192_/RESET_B                           0.750000    1.831088   -1.081088 (VIOLATED)
_185_/RESET_B                           0.750000    1.831086   -1.081086 (VIOLATED)
_183_/RESET_B                           0.750000    1.831084   -1.081084 (VIOLATED)
_170_/RESET_B                           0.750000    1.831081   -1.081081 (VIOLATED)
_191_/RESET_B                           0.750000    1.831079   -1.081079 (VIOLATED)
_181_/RESET_B                           0.750000    1.831077   -1.081077 (VIOLATED)
_176_/RESET_B                           0.750000    1.831074   -1.081074 (VIOLATED)
_194_/RESET_B                           0.750000    1.831070   -1.081070 (VIOLATED)
_155_/RESET_B                           0.750000    1.831067   -1.081067 (VIOLATED)
_198_/RESET_B                           0.750000    1.831064   -1.081064 (VIOLATED)
_154_/RESET_B                           0.750000    1.831061   -1.081061 (VIOLATED)
_162_/RESET_B                           0.750000    1.831057   -1.081057 (VIOLATED)
_193_/RESET_B                           0.750000    1.831055   -1.081055 (VIOLATED)
_167_/RESET_B                           0.750000    1.831051   -1.081051 (VIOLATED)
_215_/RESET_B                           0.750000    1.831048   -1.081048 (VIOLATED)
_216_/RESET_B                           0.750000    1.831041   -1.081041 (VIOLATED)
_217_/RESET_B                           0.750000    1.831041   -1.081041 (VIOLATED)
_163_/RESET_B                           0.750000    1.831037   -1.081037 (VIOLATED)
HRESETn                                 0.750000    1.831028   -1.081028 (VIOLATED)
_169_/CLK                               0.750000    1.324555   -0.574555 (VIOLATED)
_186_/CLK                               0.750000    1.324553   -0.574553 (VIOLATED)
_152_/CLK                               0.750000    1.324549   -0.574549 (VIOLATED)
_196_/CLK                               0.750000    1.324539   -0.574539 (VIOLATED)
_153_/CLK                               0.750000    1.324529   -0.574529 (VIOLATED)
_173_/CLK                               0.750000    1.324521   -0.574521 (VIOLATED)
_188_/CLK                               0.750000    1.324509   -0.574509 (VIOLATED)
_208_/CLK                               0.750000    1.324498   -0.574498 (VIOLATED)
_192_/CLK                               0.750000    1.324483   -0.574483 (VIOLATED)
_185_/CLK                               0.750000    1.324473   -0.574473 (VIOLATED)
_183_/CLK                               0.750000    1.324459   -0.574459 (VIOLATED)
_170_/CLK                               0.750000    1.324442   -0.574442 (VIOLATED)
_191_/CLK                               0.750000    1.324425   -0.574425 (VIOLATED)
_181_/CLK                               0.750000    1.324410   -0.574410 (VIOLATED)
_176_/CLK                               0.750000    1.324388   -0.574388 (VIOLATED)
_194_/CLK                               0.750000    1.324361   -0.574361 (VIOLATED)
_155_/CLK                               0.750000    1.324340   -0.574340 (VIOLATED)
_198_/CLK                               0.750000    1.324316   -0.574316 (VIOLATED)
_154_/CLK                               0.750000    1.324289   -0.574289 (VIOLATED)
_162_/CLK                               0.750000    1.324255   -0.574255 (VIOLATED)
_193_/CLK                               0.750000    1.324232   -0.574232 (VIOLATED)
_167_/CLK                               0.750000    1.324199   -0.574199 (VIOLATED)
_215_/CLK                               0.750000    1.324165   -0.574165 (VIOLATED)
_216_/CLK                               0.750000    1.324083   -0.574083 (VIOLATED)
_217_/CLK                               0.750000    1.324083   -0.574083 (VIOLATED)
_163_/CLK                               0.750000    1.324030   -0.574030 (VIOLATED)
_164_/CLK                               0.750000    1.323647   -0.573647 (VIOLATED)
_174_/CLK                               0.750000    1.323327   -0.573327 (VIOLATED)
_203_/CLK                               0.750000    1.323327   -0.573327 (VIOLATED)
_212_/CLK                               0.750000    1.323325   -0.573325 (VIOLATED)
_187_/CLK                               0.750000    1.323323   -0.573323 (VIOLATED)
_160_/CLK                               0.750000    1.323319   -0.573319 (VIOLATED)
_202_/CLK                               0.750000    1.323314   -0.573314 (VIOLATED)
_161_/CLK                               0.750000    1.323310   -0.573310 (VIOLATED)
_197_/CLK                               0.750000    1.323304   -0.573304 (VIOLATED)
_165_/CLK                               0.750000    1.323300   -0.573301 (VIOLATED)
_209_/CLK                               0.750000    1.323045   -0.573045 (VIOLATED)
_199_/CLK                               0.750000    1.323044   -0.573044 (VIOLATED)
_190_/CLK                               0.750000    1.323042   -0.573042 (VIOLATED)
_156_/CLK                               0.750000    1.323040   -0.573040 (VIOLATED)
_206_/CLK                               0.750000    1.323036   -0.573036 (VIOLATED)
_200_/CLK                               0.750000    1.323032   -0.573032 (VIOLATED)
_171_/CLK                               0.750000    1.323025   -0.573025 (VIOLATED)
_195_/CLK                               0.750000    1.322253   -0.572253 (VIOLATED)
_182_/CLK                               0.750000    1.320175   -0.570175 (VIOLATED)
_168_/CLK                               0.750000    1.320173   -0.570173 (VIOLATED)
_175_/CLK                               0.750000    1.320172   -0.570172 (VIOLATED)
_180_/CLK                               0.750000    1.320171   -0.570171 (VIOLATED)
_184_/CLK                               0.750000    1.320143   -0.570143 (VIOLATED)
_159_/CLK                               0.750000    1.320116   -0.570116 (VIOLATED)
_157_/CLK                               0.750000    1.320090   -0.570090 (VIOLATED)
_178_/CLK                               0.750000    1.320066   -0.570066 (VIOLATED)
_189_/CLK                               0.750000    1.320044   -0.570044 (VIOLATED)
_211_/CLK                               0.750000    1.320024   -0.570024 (VIOLATED)
_166_/CLK                               0.750000    1.319992   -0.569992 (VIOLATED)
_204_/CLK                               0.750000    1.319968   -0.569968 (VIOLATED)
_151_/CLK                               0.750000    1.319959   -0.569959 (VIOLATED)
_205_/CLK                               0.750000    1.319943   -0.569943 (VIOLATED)
_210_/CLK                               0.750000    1.319933   -0.569933 (VIOLATED)
_213_/CLK                               0.750000    1.319928   -0.569928 (VIOLATED)
_179_/CLK                               0.750000    1.319917   -0.569917 (VIOLATED)
_201_/CLK                               0.750000    1.319911   -0.569911 (VIOLATED)
HCLK                                    0.750000    1.319905   -0.569905 (VIOLATED)
_158_/CLK                               0.750000    1.319905   -0.569905 (VIOLATED)
_172_/CLK                               0.750000    1.319905   -0.569905 (VIOLATED)
_177_/CLK                               0.750000    1.319905   -0.569905 (VIOLATED)
_207_/CLK                               0.750000    1.319905   -0.569905 (VIOLATED)
_214_/CLK                               0.750000    1.319905   -0.569905 (VIOLATED)

max fanout

Pin                                   Limit Fanout  Slack
---------------------------------------------------------
HCLK                                     10     67    -57 (VIOLATED)
HRESETn                                  10     67    -57 (VIOLATED)
_083_/Y                                  10     65    -55 (VIOLATED)

max capacitance

Pin                                        Limit         Cap       Slack
------------------------------------------------------------------------
HRESETn                                 0.200000    0.412626   -0.212626 (VIOLATED)
_083_/Y                                 0.200000    0.397067   -0.197067 (VIOLATED)
HCLK                                    0.200000    0.294938   -0.094938 (VIOLATED)



===========================================================================
report_parasitic_annotation -report_unannotated
============================================================================
Found 1 unannotated drivers.
 HTRANS[0]
Found 0 partially unannotated drivers.

===========================================================================
max slew violation count 202
Writing metric design__max_slew_violation__count__corner:nom_tt_025C_1v80: 202
max fanout violation count 3
Writing metric design__max_fanout_violation__count__corner:nom_tt_025C_1v80: 3
max cap violation count 3
Writing metric design__max_cap_violation__count__corner:nom_tt_025C_1v80: 3
============================================================================

===========================================================================
check_setup -verbose -unconstrained_endpoints -multiple_clock -no_clock -no_input_delay -loops -generated_clocks
===========================================================================
