Clock: HCLK
Sources: HCLK 
Generated: no
Virtual: yes
Propagated: no
Period: 10.000000

===========================================================================
report_clock_properties
============================================================================
Clock                   Period          Waveform
----------------------------------------------------
HCLK                 10.000000    0.000000  5.000000

===========================================================================
report_clock_latency
============================================================================
Clock HCLK
rise -> rise
    min     max
0.000000 0.000000 source latency
0.873835         network latency _207_/CLK
        0.937498 network latency _169_/CLK
---------------
0.873835 0.937498 latency
        0.063663 skew

fall -> fall
    min     max
0.000000 0.000000 source latency
0.423770         network latency _207_/CLK
        0.484500 network latency _169_/CLK
---------------
0.423770 0.484500 latency
        0.060730 skew



===========================================================================
report_clock_min_period
============================================================================
HCLK period_min = 1.37 fmax = 728.24
