Net: net190
  Pin:   _154_/RESET_B (sky130_fd_sc_hd__dfrtp_1)
    Layer: met1
      Partial area ratio:    4.17
      Required ratio:    0.00 (Gate area) 
      Cumulative area ratio:    4.17
      Required ratio:    0.00 (Cumulative area) 
      Partial area ratio:   21.20
      Required ratio:  400.00 (Side area) 
      Cumulative area ratio:   21.20
      Required ratio:    0.00 (Cumulative side area) 

    Layer: via
      Partial area ratio:    0.09
      Required ratio:    6.00 (Gate area) 
      Cumulative area ratio:    0.09
      Required ratio:    0.00 (Cumulative area) 

    Layer: met2
      Partial area ratio:   13.58
      Required ratio:    0.00 (Gate area) 
      Cumulative area ratio:   17.75
      Required ratio:    0.00 (Cumulative area) 
      Partial area ratio:   67.71
      Required ratio: 3834.44 (Side area) 
      Cumulative area ratio:   88.91
      Required ratio:    0.00 (Cumulative side area) 


  Pin:   _156_/RESET_B (sky130_fd_sc_hd__dfrtp_1)
    Layer: met1
      Partial area ratio:  214.53
      Required ratio:    0.00 (Gate area) 
      Cumulative area ratio:  214.53
      Required ratio:    0.00 (Cumulative area) 
      Partial area ratio: 1073.15
      Required ratio:  400.00 (Side area) (VIOLATED)
      Cumulative area ratio: 1073.15
      Required ratio:    0.00 (Cumulative side area) 

    Layer: via
      Partial area ratio:    0.01
      Required ratio:    6.00 (Gate area) 
      Cumulative area ratio:    0.01
      Required ratio:    0.00 (Cumulative area) 

    Layer: met2
      Partial area ratio:   13.58
      Required ratio:    0.00 (Gate area) 
      Cumulative area ratio:  228.10
      Required ratio:    0.00 (Cumulative area) 
      Partial area ratio:   67.71
      Required ratio: 3834.44 (Side area) 
      Cumulative area ratio: 1140.86
      Required ratio:    0.00 (Cumulative side area) 


  Pin:   _162_/RESET_B (sky130_fd_sc_hd__dfrtp_1)
    Layer: met1
      Partial area ratio:    5.31
      Required ratio:    0.00 (Gate area) 
      Cumulative area ratio:    5.31
      Required ratio:    0.00 (Cumulative area) 
      Partial area ratio:   26.40
      Required ratio:  400.00 (Side area) 
      Cumulative area ratio:   26.40
      Required ratio:    0.00 (Cumulative side area) 

    Layer: via
      Partial area ratio:    0.18
      Required ratio:    6.00 (Gate area) 
      Cumulative area ratio:    0.18
      Required ratio:    0.00 (Cumulative area) 

    Layer: met2
      Partial area ratio:   13.58
      Required ratio:    0.00 (Gate area) 
      Cumulative area ratio:   18.89
      Required ratio:    0.00 (Cumulative area) 
      Partial area ratio:   67.71
      Required ratio: 3834.44 (Side area) 
      Cumulative area ratio:   94.11
      Required ratio:    0.00 (Cumulative side area) 


  Pin:   _163_/RESET_B (sky130_fd_sc_hd__dfrtp_1)
    Layer: met1
      Partial area ratio:   11.10
      Required ratio:    0.00 (Gate area) 
      Cumulative area ratio:   11.10
      Required ratio:    0.00 (Cumulative area) 
      Partial area ratio:   53.13
      Required ratio:  400.00 (Side area) 
      Cumulative area ratio:   53.13
      Required ratio:    0.00 (Cumulative side area) 

    Layer: via
      Partial area ratio:    0.07
      Required ratio:   52.95 (Gate area) 
      Cumulative area ratio:    0.07
      Required ratio:    0.00 (Cumulative area) 

    Layer: met2
      Partial area ratio:   13.58
      Required ratio:    0.00 (Gate area) 
      Cumulative area ratio:   24.67
      Required ratio:    0.00 (Cumulative area) 
      Partial area ratio:   67.71
      Required ratio: 3834.44 (Side area) 
      Cumulative area ratio:  120.84
      Required ratio:    0.00 (Cumulative side area) 


  Pin:   _171_/RESET_B (sky130_fd_sc_hd__dfrtp_1)
    Layer: met1
      Partial area ratio:   30.65
      Required ratio:    0.00 (Gate area) 
      Cumulative area ratio:   30.65
      Required ratio:    0.00 (Cumulative area) 
      Partial area ratio:  153.31
      Required ratio:  400.00 (Side area) 
      Cumulative area ratio:  153.31
      Required ratio:    0.00 (Cumulative side area) 

    Layer: via
      Partial area ratio:    0.01
      Required ratio:    6.00 (Gate area) 
      Cumulative area ratio:    0.01
      Required ratio:    0.00 (Cumulative area) 

    Layer: met2
      Partial area ratio:   13.58
      Required ratio:    0.00 (Gate area) 
      Cumulative area ratio:   44.22
      Required ratio:    0.00 (Cumulative area) 
      Partial area ratio:   67.71
      Required ratio: 3834.44 (Side area) 
      Cumulative area ratio:  221.01
      Required ratio:    0.00 (Cumulative side area) 


  Pin:   _190_/RESET_B (sky130_fd_sc_hd__dfrtp_1)
    Layer: met1
      Partial area ratio:   30.65
      Required ratio:    0.00 (Gate area) 
      Cumulative area ratio:   30.65
      Required ratio:    0.00 (Cumulative area) 
      Partial area ratio:  153.31
      Required ratio:  400.00 (Side area) 
      Cumulative area ratio:  153.31
      Required ratio:    0.00 (Cumulative side area) 

    Layer: via
      Partial area ratio:    0.01
      Required ratio:    6.00 (Gate area) 
      Cumulative area ratio:    0.01
      Required ratio:    0.00 (Cumulative area) 

    Layer: met2
      Partial area ratio:   13.58
      Required ratio:    0.00 (Gate area) 
      Cumulative area ratio:   44.22
      Required ratio:    0.00 (Cumulative area) 
      Partial area ratio:   67.71
      Required ratio: 3834.44 (Side area) 
      Cumulative area ratio:  221.01
      Required ratio:    0.00 (Cumulative side area) 


  Pin:   _199_/RESET_B (sky130_fd_sc_hd__dfrtp_1)
    Layer: met1
      Partial area ratio:   30.64
      Required ratio:    0.00 (Gate area) 
      Cumulative area ratio:   30.64
      Required ratio:    0.00 (Cumulative area) 
      Partial area ratio:  153.26
      Required ratio:  400.00 (Side area) 
      Cumulative area ratio:  153.26
      Required ratio:    0.00 (Cumulative side area) 

    Layer: via
      Partial area ratio:    0.01
      Required ratio:    6.00 (Gate area) 
      Cumulative area ratio:    0.01
      Required ratio:    0.00 (Cumulative area) 

    Layer: met2
      Partial area ratio:   13.58
      Required ratio:    0.00 (Gate area) 
      Cumulative area ratio:   44.22
      Required ratio:    0.00 (Cumulative area) 
      Partial area ratio:   67.71
      Required ratio: 3834.44 (Side area) 
      Cumulative area ratio:  220.97
      Required ratio:    0.00 (Cumulative side area) 


  Pin:   _200_/RESET_B (sky130_fd_sc_hd__dfrtp_1)
    Layer: met1
      Partial area ratio:   30.64
      Required ratio:    0.00 (Gate area) 
      Cumulative area ratio:   30.64
      Required ratio:    0.00 (Cumulative area) 
      Partial area ratio:  153.26
      Required ratio:  400.00 (Side area) 
      Cumulative area ratio:  153.26
      Required ratio:    0.00 (Cumulative side area) 

    Layer: via
      Partial area ratio:    0.01
      Required ratio:    6.00 (Gate area) 
      Cumulative area ratio:    0.01
      Required ratio:    0.00 (Cumulative area) 

    Layer: met2
      Partial area ratio:   13.58
      Required ratio:    0.00 (Gate area) 
      Cumulative area ratio:   44.22
      Required ratio:    0.00 (Cumulative area) 
      Partial area ratio:   67.71
      Required ratio: 3834.44 (Side area) 
      Cumulative area ratio:  220.97
      Required ratio:    0.00 (Cumulative side area) 


  Pin:   _206_/RESET_B (sky130_fd_sc_hd__dfrtp_1)
    Layer: met1
      Partial area ratio:   30.65
      Required ratio:    0.00 (Gate area) 
      Cumulative area ratio:   30.65
      Required ratio:    0.00 (Cumulative area) 
      Partial area ratio:  153.31
      Required ratio:  400.00 (Side area) 
      Cumulative area ratio:  153.31
      Required ratio:    0.00 (Cumulative side area) 

    Layer: via
      Partial area ratio:    0.01
      Required ratio:    6.00 (Gate area) 
      Cumulative area ratio:    0.01
      Required ratio:    0.00 (Cumulative area) 

    Layer: met2
      Partial area ratio:   13.58
      Required ratio:    0.00 (Gate area) 
      Cumulative area ratio:   44.22
      Required ratio:    0.00 (Cumulative area) 
      Partial area ratio:   67.71
      Required ratio: 3834.44 (Side area) 
      Cumulative area ratio:  221.01
      Required ratio:    0.00 (Cumulative side area) 


  Pin:   _209_/RESET_B (sky130_fd_sc_hd__dfrtp_1)
    Layer: met1
      Partial area ratio:  214.53
      Required ratio:    0.00 (Gate area) 
      Cumulative area ratio:  214.53
      Required ratio:    0.00 (Cumulative area) 
      Partial area ratio: 1073.15
      Required ratio:  400.00 (Side area) (VIOLATED)
      Cumulative area ratio: 1073.15
      Required ratio:    0.00 (Cumulative side area) 

    Layer: via
      Partial area ratio:    0.01
      Required ratio:    6.00 (Gate area) 
      Cumulative area ratio:    0.01
      Required ratio:    0.00 (Cumulative area) 

    Layer: met2
      Partial area ratio:   13.58
      Required ratio:    0.00 (Gate area) 
      Cumulative area ratio:  228.10
      Required ratio:    0.00 (Cumulative area) 
      Partial area ratio:   67.71
      Required ratio: 3834.44 (Side area) 
      Cumulative area ratio: 1140.86
      Required ratio:    0.00 (Cumulative side area) 


  Pin:   ANTENNA_5/DIODE (sky130_fd_sc_hd__diode_2)
    Layer: mcon
      Partial area ratio:    0.07
      Required ratio:   10.82 (Gate area) 
      Cumulative area ratio:    0.07
      Required ratio:    0.00 (Cumulative area) 

    Layer: met1
      Partial area ratio:    1.79
      Required ratio:    0.00 (Gate area) 
      Cumulative area ratio:    1.79
      Required ratio:    0.00 (Cumulative area) 
      Partial area ratio:    8.55
      Required ratio: 3121.64 (Side area) 
      Cumulative area ratio:    8.55
      Required ratio:    0.00 (Cumulative side area) 

    Layer: via
      Partial area ratio:    0.07
      Required ratio:   52.95 (Gate area) 
      Cumulative area ratio:    0.14
      Required ratio:    0.00 (Cumulative area) 

    Layer: met2
      Partial area ratio:   13.58
      Required ratio:    0.00 (Gate area) 
      Cumulative area ratio:   15.37
      Required ratio:    0.00 (Cumulative area) 
      Partial area ratio:   67.71
      Required ratio: 3834.44 (Side area) 
      Cumulative area ratio:   76.26
      Required ratio:    0.00 (Cumulative side area) 


  Pin:   ANTENNA_11/DIODE (sky130_fd_sc_hd__diode_2)
    Layer: mcon
      Partial area ratio:    0.07
      Required ratio:   10.82 (Gate area) 
      Cumulative area ratio:    0.07
      Required ratio:    0.00 (Cumulative area) 

    Layer: met1
      Partial area ratio:    1.79
      Required ratio:    0.00 (Gate area) 
      Cumulative area ratio:    1.79
      Required ratio:    0.00 (Cumulative area) 
      Partial area ratio:    8.55
      Required ratio: 3121.64 (Side area) 
      Cumulative area ratio:    8.55
      Required ratio:    0.00 (Cumulative side area) 

    Layer: via
      Partial area ratio:    0.07
      Required ratio:   52.95 (Gate area) 
      Cumulative area ratio:    0.14
      Required ratio:    0.00 (Cumulative area) 

    Layer: met2
      Partial area ratio:   13.58
      Required ratio:    0.00 (Gate area) 
      Cumulative area ratio:   15.37
      Required ratio:    0.00 (Cumulative area) 
      Partial area ratio:   67.71
      Required ratio: 3834.44 (Side area) 
      Cumulative area ratio:   76.26
      Required ratio:    0.00 (Cumulative side area) 


  Pin:   ANTENNA_13/DIODE (sky130_fd_sc_hd__diode_2)
    Layer: mcon
      Partial area ratio:    0.07
      Required ratio:   10.82 (Gate area) 
      Cumulative area ratio:    0.07
      Required ratio:    0.00 (Cumulative area) 

    Layer: met1
      Partial area ratio:    1.79
      Required ratio:    0.00 (Gate area) 
      Cumulative area ratio:    1.79
      Required ratio:    0.00 (Cumulative area) 
      Partial area ratio:    8.55
      Required ratio: 3121.64 (Side area) 
      Cumulative area ratio:    8.55
      Required ratio:    0.00 (Cumulative side area) 

    Layer: via
      Partial area ratio:    0.07
      Required ratio:   52.95 (Gate area) 
      Cumulative area ratio:    0.14
      Required ratio:    0.00 (Cumulative area) 

    Layer: met2
      Partial area ratio:   13.58
      Required ratio:    0.00 (Gate area) 
      Cumulative area ratio:   15.37
      Required ratio:    0.00 (Cumulative area) 
      Partial area ratio:   67.71
      Required ratio: 3834.44 (Side area) 
      Cumulative area ratio:   76.26
      Required ratio:    0.00 (Cumulative side area) 



Net: clknet_3_7__leaf_HCLK
  Pin:   _163_/CLK (sky130_fd_sc_hd__dfrtp_1)
    Layer: mcon
      Partial area ratio:    0.18
      Required ratio:    3.00 (Gate area) 
      Cumulative area ratio:    0.18
      Required ratio:    0.00 (Cumulative area) 

    Layer: met1
      Partial area ratio:   82.91
      Required ratio:    0.00 (Gate area) 
      Cumulative area ratio:   82.91
      Required ratio:    0.00 (Cumulative area) 
      Partial area ratio:  412.69
      Required ratio:  400.00 (Side area) (VIOLATED)
      Cumulative area ratio:  412.69
      Required ratio:    0.00 (Cumulative side area) 

    Layer: via
      Partial area ratio:    0.42
      Required ratio:    6.00 (Gate area) 
      Cumulative area ratio:    0.61
      Required ratio:    0.00 (Cumulative area) 

    Layer: met2
      Partial area ratio:   10.71
      Required ratio:    0.00 (Gate area) 
      Cumulative area ratio:   93.62
      Required ratio:    0.00 (Cumulative area) 
      Partial area ratio:   53.26
      Required ratio: 4046.20 (Side area) 
      Cumulative area ratio:  465.95
      Required ratio:    0.00 (Cumulative side area) 


  Pin:   _164_/CLK (sky130_fd_sc_hd__dfrtp_4)
    Layer: mcon
      Partial area ratio:    0.18
      Required ratio:    3.00 (Gate area) 
      Cumulative area ratio:    0.18
      Required ratio:    0.00 (Cumulative area) 

    Layer: met1
      Partial area ratio:    2.05
      Required ratio:    0.00 (Gate area) 
      Cumulative area ratio:    2.05
      Required ratio:    0.00 (Cumulative area) 
      Partial area ratio:    9.64
      Required ratio: 2773.88 (Side area) 
      Cumulative area ratio:    9.64
      Required ratio:    0.00 (Cumulative side area) 

    Layer: via
      Partial area ratio:    0.11
      Required ratio:   21.65 (Gate area) 
      Cumulative area ratio:    0.30
      Required ratio:    0.00 (Cumulative area) 

    Layer: met2
      Partial area ratio:   10.71
      Required ratio:    0.00 (Gate area) 
      Cumulative area ratio:   12.76
      Required ratio:    0.00 (Cumulative area) 
      Partial area ratio:   53.26
      Required ratio: 4046.20 (Side area) 
      Cumulative area ratio:   62.90
      Required ratio:    0.00 (Cumulative side area) 


  Pin:   _215_/CLK (sky130_fd_sc_hd__dfrtp_1)
    Layer: mcon
      Partial area ratio:    0.18
      Required ratio:    3.00 (Gate area) 
      Cumulative area ratio:    0.18
      Required ratio:    0.00 (Cumulative area) 

    Layer: met1
      Partial area ratio:    2.05
      Required ratio:    0.00 (Gate area) 
      Cumulative area ratio:    2.05
      Required ratio:    0.00 (Cumulative area) 
      Partial area ratio:    9.07
      Required ratio:  400.00 (Side area) 
      Cumulative area ratio:    9.07
      Required ratio:    0.00 (Cumulative side area) 

    Layer: via
      Partial area ratio:    0.28
      Required ratio:    6.00 (Gate area) 
      Cumulative area ratio:    0.46
      Required ratio:    0.00 (Cumulative area) 

    Layer: met2
      Partial area ratio:   10.71
      Required ratio:    0.00 (Gate area) 
      Cumulative area ratio:   12.76
      Required ratio:    0.00 (Cumulative area) 
      Partial area ratio:   53.26
      Required ratio: 4046.20 (Side area) 
      Cumulative area ratio:   62.33
      Required ratio:    0.00 (Cumulative side area) 


  Pin:   _216_/CLK (sky130_fd_sc_hd__dfrtp_2)
    Layer: mcon
      Partial area ratio:    0.18
      Required ratio:    3.00 (Gate area) 
      Cumulative area ratio:    0.18
      Required ratio:    0.00 (Cumulative area) 

    Layer: met1
      Partial area ratio:    7.95
      Required ratio:    0.00 (Gate area) 
      Cumulative area ratio:    7.95
      Required ratio:    0.00 (Cumulative area) 
      Partial area ratio:   38.63
      Required ratio:  400.00 (Side area) 
      Cumulative area ratio:   38.63
      Required ratio:    0.00 (Cumulative side area) 

    Layer: via
      Partial area ratio:    0.21
      Required ratio:    6.00 (Gate area) 
      Cumulative area ratio:    0.39
      Required ratio:    0.00 (Cumulative area) 

    Layer: met2
      Partial area ratio:   10.71
      Required ratio:    0.00 (Gate area) 
      Cumulative area ratio:   18.66
      Required ratio:    0.00 (Cumulative area) 
      Partial area ratio:   53.26
      Required ratio: 4046.20 (Side area) 
      Cumulative area ratio:   91.89
      Required ratio:    0.00 (Cumulative side area) 


  Pin:   _217_/CLK (sky130_fd_sc_hd__dfrtp_2)
    Layer: mcon
      Partial area ratio:    0.18
      Required ratio:    3.00 (Gate area) 
      Cumulative area ratio:    0.18
      Required ratio:    0.00 (Cumulative area) 

    Layer: met1
      Partial area ratio:    7.95
      Required ratio:    0.00 (Gate area) 
      Cumulative area ratio:    7.95
      Required ratio:    0.00 (Cumulative area) 
      Partial area ratio:   38.63
      Required ratio:  400.00 (Side area) 
      Cumulative area ratio:   38.63
      Required ratio:    0.00 (Cumulative side area) 

    Layer: via
      Partial area ratio:    0.21
      Required ratio:    6.00 (Gate area) 
      Cumulative area ratio:    0.39
      Required ratio:    0.00 (Cumulative area) 

    Layer: met2
      Partial area ratio:   10.71
      Required ratio:    0.00 (Gate area) 
      Cumulative area ratio:   18.66
      Required ratio:    0.00 (Cumulative area) 
      Partial area ratio:   53.26
      Required ratio: 4046.20 (Side area) 
      Cumulative area ratio:   91.89
      Required ratio:    0.00 (Cumulative side area) 


  Pin:   clkload2/A (sky130_fd_sc_hd__clkinv_2)
    Layer: mcon
      Partial area ratio:    0.05
      Required ratio:    3.00 (Gate area) 
      Cumulative area ratio:    0.05
      Required ratio:    0.00 (Cumulative area) 

    Layer: met1
      Partial area ratio:   19.68
      Required ratio:    0.00 (Gate area) 
      Cumulative area ratio:   19.68
      Required ratio:    0.00 (Cumulative area) 
      Partial area ratio:   97.76
      Required ratio: 3872.32 (Side area) 
      Cumulative area ratio:   97.76
      Required ratio:    0.00 (Cumulative side area) 

    Layer: via
      Partial area ratio:    0.12
      Required ratio:  120.51 (Gate area) 
      Cumulative area ratio:    0.17
      Required ratio:    0.00 (Cumulative area) 

    Layer: met2
      Partial area ratio:   10.71
      Required ratio:    0.00 (Gate area) 
      Cumulative area ratio:   30.39
      Required ratio:    0.00 (Cumulative area) 
      Partial area ratio:   53.26
      Required ratio: 4046.20 (Side area) 
      Cumulative area ratio:  151.02
      Required ratio:    0.00 (Cumulative side area) 


  Pin:   ANTENNA_8/DIODE (sky130_fd_sc_hd__diode_2)
    Layer: mcon
      Partial area ratio:    0.07
      Required ratio:   10.82 (Gate area) 
      Cumulative area ratio:    0.07
      Required ratio:    0.00 (Cumulative area) 

    Layer: met1
      Partial area ratio:    2.05
      Required ratio:    0.00 (Gate area) 
      Cumulative area ratio:    2.05
      Required ratio:    0.00 (Cumulative area) 
      Partial area ratio:    9.64
      Required ratio: 2773.88 (Side area) 
      Cumulative area ratio:    9.64
      Required ratio:    0.00 (Cumulative side area) 

    Layer: via
      Partial area ratio:    0.11
      Required ratio:   21.65 (Gate area) 
      Cumulative area ratio:    0.18
      Required ratio:    0.00 (Cumulative area) 

    Layer: met2
      Partial area ratio:   10.71
      Required ratio:    0.00 (Gate area) 
      Cumulative area ratio:   12.76
      Required ratio:    0.00 (Cumulative area) 
      Partial area ratio:   53.26
      Required ratio: 4046.20 (Side area) 
      Cumulative area ratio:   62.90
      Required ratio:    0.00 (Cumulative side area) 



[INFO ANT-0002] Found 2 net violations.
[INFO ANT-0001] Found 3 pin violations.
