Reading OpenROAD database at '/home/azmuth/ASIC_PROJECTS/ahb-lite-apb4-bridge-ip/runs/RUN_2026-07-24_22-07-55/18-openroad-tapendcapinsertion/ahb_apb_bridge_top.odb'…
Reading library file at '/home/azmuth/.volare/volare/volare/sky130/versions/0fe599b2afb6708d281543108caf8310912f54af/sky130A/libs.ref/sky130_fd_sc_hd/lib/sky130_fd_sc_hd__tt_025C_1v80.lib'…
Reading design constraints file at '/nix/store/h0ldzjka94yryiq8yxbxmwargpnmwhx6-python3-3.11.9-env/lib/python3.11/site-packages/openlane/scripts/base.sdc'…
[INFO] Using clock HCLK…
[INFO] Setting output delay to: 2
[INFO] Setting input delay to: 2
[INFO] Setting load to: 0.033442
[INFO] Setting clock uncertainty to: 0.25
[INFO] Setting clock transition to: 0.1499999999999999944488848768742172978818416595458984375
[INFO] Setting timing derate to: 5%
[INFO] Setting global connections...
[INFO PDN-0001] Inserting grid: stdcell_grid
Setting global connections for newly added cells…
[INFO] Setting global connections...
Updating metrics…
Cell type report:                       Count       Area
  Fill cell                                60     225.22
  Tap cell                                 96     120.12
  Buffer                                   32     160.15
  Inverter                                  2       7.51
  Sequential cell                          67    1760.44
  Multi-Input combinational cell           77     847.06
  Total                                   334    3120.49
Writing OpenROAD database to '/home/azmuth/ASIC_PROJECTS/ahb-lite-apb4-bridge-ip/runs/RUN_2026-07-24_22-07-55/20-openroad-generatepdn/ahb_apb_bridge_top.odb'…
Writing netlist to '/home/azmuth/ASIC_PROJECTS/ahb-lite-apb4-bridge-ip/runs/RUN_2026-07-24_22-07-55/20-openroad-generatepdn/ahb_apb_bridge_top.nl.v'…
Writing powered netlist to '/home/azmuth/ASIC_PROJECTS/ahb-lite-apb4-bridge-ip/runs/RUN_2026-07-24_22-07-55/20-openroad-generatepdn/ahb_apb_bridge_top.pnl.v'…
Writing layout to '/home/azmuth/ASIC_PROJECTS/ahb-lite-apb4-bridge-ip/runs/RUN_2026-07-24_22-07-55/20-openroad-generatepdn/ahb_apb_bridge_top.def'…
Writing timing constraints to '/home/azmuth/ASIC_PROJECTS/ahb-lite-apb4-bridge-ip/runs/RUN_2026-07-24_22-07-55/20-openroad-generatepdn/ahb_apb_bridge_top.sdc'…
[INFO PSM-0040] All shapes on net VPWR are connected.
[INFO PSM-0040] All shapes on net VGND are connected.
