Clock: HCLK
Sources: HCLK 
Generated: no
Virtual: yes
Propagated: no
Period: 10.000000

===========================================================================
report_clock_properties
============================================================================
Clock                   Period          Waveform
----------------------------------------------------
HCLK                 10.000000    0.000000  5.000000

===========================================================================
report_clock_latency
============================================================================
Clock HCLK
rise -> rise
    min     max
0.000000 0.000000 source latency
0.824096         network latency _205_/CLK
        0.886015 network latency _207_/CLK
---------------
0.824096 0.886015 latency
        0.061919 skew

fall -> fall
    min     max
0.000000 0.000000 source latency
0.698513         network latency _205_/CLK
        0.745332 network latency _207_/CLK
---------------
0.698513 0.745332 latency
        0.046819 skew



===========================================================================
report_clock_min_period
============================================================================
HCLK period_min = 1.66 fmax = 602.79
