Clock: HCLK
Sources: HCLK 
Generated: no
Virtual: yes
Propagated: no
Period: 10.000000

===========================================================================
report_clock_properties
============================================================================
Clock                   Period          Waveform
----------------------------------------------------
HCLK                 10.000000    0.000000  5.000000

===========================================================================
report_clock_latency
============================================================================
Clock HCLK
rise -> rise
    min     max
0.000000 0.000000 source latency
0.711006         network latency _210_/CLK
        0.752043 network latency _207_/CLK
---------------
0.711006 0.752043 latency
        0.041037 skew

fall -> fall
    min     max
0.000000 0.000000 source latency
0.624312         network latency _210_/CLK
        0.655759 network latency _207_/CLK
---------------
0.624312 0.655759 latency
        0.031448 skew



===========================================================================
report_clock_min_period
============================================================================
HCLK period_min = 1.63 fmax = 614.02
