
===========================================================================
 report_power
============================================================================
======================= nom_tt_025C_1v80 Corner ===================================

Group                    Internal    Switching      Leakage        Total
                            Power        Power        Power        Power (Watts)
------------------------------------------------------------------------
Sequential           3.173341e-04 2.798756e-05 7.794276e-10 3.453224e-04  32.0%
Combinational        1.373145e-04 2.138436e-04 1.225968e-09 3.511593e-04  32.5%
Clock                2.040157e-04 1.791153e-04 2.006176e-09 3.831330e-04  35.5%
Macro                0.000000e+00 0.000000e+00 0.000000e+00 0.000000e+00   0.0%
Pad                  0.000000e+00 0.000000e+00 0.000000e+00 0.000000e+00   0.0%
------------------------------------------------------------------------
Total                6.586643e-04 4.209464e-04 4.011573e-09 1.079615e-03 100.0%
                            61.0%        39.0%         0.0%
Writing metric power__internal__total: 0.0006586642703041434
Writing metric power__switching__total: 0.0004209464241284877
Writing metric power__leakage__total: 4.011572851680967e-9
Writing metric power__total: 0.0010796146234497428

