127. Printing statistics.

=== ahb_apb_bridge_top ===

   Number of wires:                104
   Number of wire bits:            296
   Number of public wires:          21
   Number of public wire bits:     213
   Number of ports:                 18
   Number of port bits:            208
   Number of memories:               0
   Number of memory bits:            0
   Number of processes:              0
   Number of cells:                160
     $_ANDNOT_                      11
     $_AND_                          2
     $_MUX_                         68
     $_NAND_                         1
     $_NOR_                          3
     $_ORNOT_                        3
     $_OR_                           5
     sky130_fd_sc_hd__dfrtp_2       67

   Area for cell type $_AND_ is unknown!
   Area for cell type $_NAND_ is unknown!
   Area for cell type $_OR_ is unknown!
   Area for cell type $_NOR_ is unknown!
   Area for cell type $_ANDNOT_ is unknown!
   Area for cell type $_ORNOT_ is unknown!
   Area for cell type $_MUX_ is unknown!

   Chip area for module '\ahb_apb_bridge_top': 1760.438400
     of which used for sequential elements: 1760.438400 (100.00%)

