
===========================================================================
report_checks -unconstrained
===========================================================================
======================= min_tt_025C_1v80 Corner ===================================

Startpoint: HRESETn (input port clocked by HCLK)
Endpoint: _158_ (recovery check against rising-edge clock HCLK)
Path Group: asynchronous
Path Type: max

Fanout         Cap        Slew       Delay        Time   Description
---------------------------------------------------------------------------------------------
                                  0.000000    0.000000   clock HCLK (rise edge)
                                  0.000000    0.000000   clock network delay (propagated)
                                  2.000000    2.000000 ^ input external delay
     1    0.002892    0.020129    0.010621    2.010621 ^ HRESETn (in)
                                                         HRESETn (net)
                      0.020129    0.000000    2.010621 ^ input34/A (sky130_fd_sc_hd__buf_1)
     1    0.010792    0.133642    0.135266    2.145887 ^ input34/X (sky130_fd_sc_hd__buf_1)
                                                         net34 (net)
                      0.133642    0.000274    2.146161 ^ fanout192/A (sky130_fd_sc_hd__buf_8)
     6    0.126047    0.204656    0.222845    2.369006 ^ fanout192/X (sky130_fd_sc_hd__buf_8)
                                                         net192 (net)
                      0.210539    0.027160    2.396167 ^ fanout187/A (sky130_fd_sc_hd__buf_8)
     6    0.141053    0.229063    0.264605    2.660772 ^ fanout187/X (sky130_fd_sc_hd__buf_8)
                                                         net187 (net)
                      0.233516    0.025409    2.686182 ^ fanout185/A (sky130_fd_sc_hd__buf_8)
    11    0.126821    0.207085    0.252630    2.938812 ^ fanout185/X (sky130_fd_sc_hd__buf_8)
                                                         net185 (net)
                      0.215897    0.033489    2.972301 ^ fanout184/A (sky130_fd_sc_hd__clkbuf_4)
    10    0.045193    0.143616    0.267567    3.239868 ^ fanout184/X (sky130_fd_sc_hd__clkbuf_4)
                                                         net184 (net)
                      0.143625    0.001285    3.241152 ^ _158_/RESET_B (sky130_fd_sc_hd__dfrtp_1)
                                              3.241152   data arrival time

                                 10.000000   10.000000   clock HCLK (rise edge)
                                  0.000000   10.000000   clock source latency
     1    0.055926    0.254549    0.182384   10.182384 ^ HCLK (in)
                                                         HCLK (net)
                      0.255159    0.000000   10.182384 ^ clkbuf_0_HCLK/A (sky130_fd_sc_hd__clkbuf_16)
     5    0.123256    0.137605    0.268377   10.450762 ^ clkbuf_0_HCLK/X (sky130_fd_sc_hd__clkbuf_16)
                                                         clknet_0_HCLK (net)
                      0.138610    0.009351   10.460113 ^ clkbuf_2_1_0_HCLK/A (sky130_fd_sc_hd__clkbuf_8)
     2    0.035260    0.074951    0.183474   10.643586 ^ clkbuf_2_1_0_HCLK/X (sky130_fd_sc_hd__clkbuf_8)
                                                         clknet_2_1_0_HCLK (net)
                      0.075196    0.002975   10.646561 ^ clkbuf_3_3__f_HCLK/A (sky130_fd_sc_hd__clkbuf_16)
    10    0.026440    0.047605    0.142639   10.789199 ^ clkbuf_3_3__f_HCLK/X (sky130_fd_sc_hd__clkbuf_16)
                                                         clknet_3_3__leaf_HCLK (net)
                      0.047605    0.000262   10.789461 ^ _158_/CLK (sky130_fd_sc_hd__dfrtp_1)
                                 -0.250000   10.539461   clock uncertainty
                                  0.000000   10.539461   clock reconvergence pessimism
                                  0.205608   10.745070   library recovery time
                                             10.745070   data required time
---------------------------------------------------------------------------------------------
                                             10.745070   data required time
                                             -3.241152   data arrival time
---------------------------------------------------------------------------------------------
                                              7.503917   slack (MET)


Startpoint: PREADY (input port clocked by HCLK)
Endpoint: HREADYOUT (output port clocked by HCLK)
Path Group: HCLK
Path Type: max

Fanout         Cap        Slew       Delay        Time   Description
---------------------------------------------------------------------------------------------
                                  0.000000    0.000000   clock HCLK (rise edge)
                                  0.000000    0.000000   clock network delay (propagated)
                                  2.000000    2.000000 ^ input external delay
     1    0.002907    0.020193    0.010673    2.010673 ^ PREADY (in)
                                                         PREADY (net)
                      0.020193    0.000000    2.010673 ^ input69/A (sky130_fd_sc_hd__clkbuf_1)
     1    0.005234    0.070988    0.091426    2.102099 ^ input69/X (sky130_fd_sc_hd__clkbuf_1)
                                                         net69 (net)
                      0.070988    0.000054    2.102153 ^ _072_/A (sky130_fd_sc_hd__inv_2)
     2    0.007427    0.027434    0.041999    2.144152 v _072_/Y (sky130_fd_sc_hd__inv_2)
                                                         _067_ (net)
                      0.027434    0.000145    2.144297 v _081_/A1 (sky130_fd_sc_hd__o21ai_1)
     1    0.001946    0.086099    0.105479    2.249776 ^ _081_/Y (sky130_fd_sc_hd__o21ai_1)
                                                         net103 (net)
                      0.086099    0.000008    2.249784 ^ output103/A (sky130_fd_sc_hd__buf_2)
     1    0.035435    0.175748    0.217398    2.467181 ^ output103/X (sky130_fd_sc_hd__buf_2)
                                                         HREADYOUT (net)
                      0.175748    0.000249    2.467430 ^ HREADYOUT (out)
                                              2.467430   data arrival time

                                 10.000000   10.000000   clock HCLK (rise edge)
                                  0.000000   10.000000   clock network delay (propagated)
                                 -0.250000    9.750000   clock uncertainty
                                  0.000000    9.750000   clock reconvergence pessimism
                                 -2.000000    7.750000   output external delay
                                              7.750000   data required time
---------------------------------------------------------------------------------------------
                                              7.750000   data required time
                                             -2.467430   data arrival time
---------------------------------------------------------------------------------------------
                                              5.282569   slack (MET)




===========================================================================
report_checks --slack_max -0.01
============================================================================
======================= min_tt_025C_1v80 Corner ===================================

No paths found.


===========================================================================
 report_check_types -max_slew -max_cap -max_fanout -violators
============================================================================
======================= min_tt_025C_1v80 Corner ===================================

max fanout

Pin                                   Limit Fanout  Slack
---------------------------------------------------------
fanout190/X                              10     13     -3 (VIOLATED)
fanout176/X                              10     12     -2 (VIOLATED)
clkbuf_3_4__f_HCLK/X                     10     11        (VIOLATED)
clkbuf_3_5__f_HCLK/X                     10     11        (VIOLATED)
fanout185/X                              10     11        (VIOLATED)



===========================================================================
report_parasitic_annotation -report_unannotated
============================================================================
Found 4 unannotated drivers.
 HTRANS[0]
 clkload0/X
 clkload1/X
 clkload2/Y
Found 0 partially unannotated drivers.

===========================================================================
max slew violation count 0
max fanout violation count 5
max cap violation count 0
============================================================================

===========================================================================
check_setup -verbose -unconstrained_endpoints -multiple_clock -no_clock -no_input_delay -loops -generated_clocks
===========================================================================
