Clock: HCLK
Sources: HCLK 
Generated: no
Virtual: yes
Propagated: no
Period: 10.000000

===========================================================================
report_clock_properties
============================================================================
Clock                   Period          Waveform
----------------------------------------------------
HCLK                 10.000000    0.000000  5.000000

===========================================================================
report_clock_latency
============================================================================
Clock HCLK
rise -> rise
    min     max
0.000000 0.000000 source latency
0.789326         network latency _205_/CLK
        0.844856 network latency _207_/CLK
---------------
0.789326 0.844856 latency
        0.055530 skew

fall -> fall
    min     max
0.000000 0.000000 source latency
0.673881         network latency _205_/CLK
        0.716082 network latency _207_/CLK
---------------
0.673881 0.716082 latency
        0.042201 skew



===========================================================================
report_clock_min_period
============================================================================
HCLK period_min = 1.65 fmax = 606.01
