
===========================================================================
 report_power
============================================================================
======================= min_tt_025C_1v80 Corner ===================================

Group                    Internal    Switching      Leakage        Total
                            Power        Power        Power        Power (Watts)
------------------------------------------------------------------------
Sequential           3.173174e-04 3.020452e-05 7.794276e-10 3.475227e-04  31.2%
Combinational        1.369716e-04 2.172895e-04 1.225972e-09 3.542623e-04  31.8%
Clock                2.045108e-04 2.063114e-04 3.107939e-08 4.108533e-04  36.9%
Macro                0.000000e+00 0.000000e+00 0.000000e+00 0.000000e+00   0.0%
Pad                  0.000000e+00 0.000000e+00 0.000000e+00 0.000000e+00   0.0%
------------------------------------------------------------------------
Total                6.587995e-04 4.538054e-04 3.308467e-08 1.112638e-03 100.0%
                            59.2%        40.8%         0.0%

