┏━━━━━━━┳━━━━━━━━━┳━━━━━━━━━━┳━━━━━━━━━━━━━━━━━━━━━━━┳━━━━━━━━━━━━━━━━━━━━━┳━━━━━━━┓
┃ P / R ┃ Partial ┃ Required ┃ Net                   ┃ Pin                 ┃ Layer ┃
┡━━━━━━━╇━━━━━━━━━╇━━━━━━━━━━╇━━━━━━━━━━━━━━━━━━━━━━━╇━━━━━━━━━━━━━━━━━━━━━╇━━━━━━━┩
│ 3.24  │ 1296.37 │ 400.00   │ net5                  │ _097_/A0            │ met1  │
│ 2.73  │ 1093.12 │ 400.00   │ net187                │ _184_/RESET_B       │ met1  │
│ 2.37  │ 948.62  │ 400.00   │ net190                │ _163_/RESET_B       │ met1  │
│ 2.37  │ 946.96  │ 400.00   │ net185                │ _213_/RESET_B       │ met1  │
│ 2.34  │ 937.97  │ 400.00   │ net176                │ _091_/S             │ met1  │
│ 1.96  │ 783.87  │ 400.00   │ clknet_3_0__leaf_HCLK │ _214_/CLK           │ met1  │
│ 1.14  │ 457.82  │ 400.00   │ clknet_0_HCLK         │ clkbuf_2_1_0_HCLK/A │ met1  │
│ 1.05  │ 419.25  │ 400.00   │ clknet_3_7__leaf_HCLK │ _164_/CLK           │ met1  │
└───────┴─────────┴──────────┴───────────────────────┴─────────────────────┴───────┘
