
===========================================================================
 report_power
============================================================================
======================= nom_tt_025C_1v80 Corner ===================================

Group                    Internal    Switching      Leakage        Total
                            Power        Power        Power        Power (Watts)
------------------------------------------------------------------------
Sequential           3.173884e-04 2.498046e-05 7.794276e-10 3.423696e-04  32.3%
Combinational        1.369205e-04 2.056092e-04 1.225968e-09 3.425310e-04  32.3%
Clock                2.036606e-04 1.704538e-04 2.006088e-09 3.741165e-04  35.3%
Macro                0.000000e+00 0.000000e+00 0.000000e+00 0.000000e+00   0.0%
Pad                  0.000000e+00 0.000000e+00 0.000000e+00 0.000000e+00   0.0%
------------------------------------------------------------------------
Total                6.579691e-04 4.010433e-04 4.011487e-09 1.059016e-03 100.0%
                            62.1%        37.9%         0.0%
Writing metric power__internal__total: 0.0006579690962098539
Writing metric power__switching__total: 0.0004010432749055326
Writing metric power__leakage__total: 4.011486698374256e-9
Writing metric power__total: 0.0010590163292363286

