Reading technology LEF file at '/home/azmuth/.volare/volare/volare/sky130/versions/0fe599b2afb6708d281543108caf8310912f54af/sky130A/libs.ref/sky130_fd_sc_hd/techlef/sky130_fd_sc_hd__nom.tlef'…
[INFO ODB-0227] LEF file: /home/azmuth/.volare/volare/volare/sky130/versions/0fe599b2afb6708d281543108caf8310912f54af/sky130A/libs.ref/sky130_fd_sc_hd/techlef/sky130_fd_sc_hd__nom.tlef, created 14 layers, 25 vias
Reading cell LEF file at '/home/azmuth/.volare/volare/volare/sky130/versions/0fe599b2afb6708d281543108caf8310912f54af/sky130A/libs.ref/sky130_fd_sc_hd/lef/sky130_fd_sc_hd.lef'…
[WARNING ODB-0220] WARNING (LEFPARS-2008): NOWIREEXTENSIONATPIN statement is obsolete in version 5.6 or later.
The NOWIREEXTENSIONATPIN statement will be ignored. See file /home/azmuth/.volare/volare/volare/sky130/versions/0fe599b2afb6708d281543108caf8310912f54af/sky130A/libs.ref/sky130_fd_sc_hd/lef/sky130_fd_sc_hd.lef at line 2.

[INFO ODB-0227] LEF file: /home/azmuth/.volare/volare/volare/sky130/versions/0fe599b2afb6708d281543108caf8310912f54af/sky130A/libs.ref/sky130_fd_sc_hd/lef/sky130_fd_sc_hd.lef, created 437 library cells
Reading cell LEF file at '/home/azmuth/.volare/volare/volare/sky130/versions/0fe599b2afb6708d281543108caf8310912f54af/sky130A/libs.ref/sky130_fd_sc_hd/lef/sky130_ef_sc_hd.lef'…
[WARNING ODB-0220] WARNING (LEFPARS-2008): NOWIREEXTENSIONATPIN statement is obsolete in version 5.6 or later.
The NOWIREEXTENSIONATPIN statement will be ignored. See file /home/azmuth/.volare/volare/volare/sky130/versions/0fe599b2afb6708d281543108caf8310912f54af/sky130A/libs.ref/sky130_fd_sc_hd/lef/sky130_ef_sc_hd.lef at line 2.

[INFO ODB-0227] LEF file: /home/azmuth/.volare/volare/volare/sky130/versions/0fe599b2afb6708d281543108caf8310912f54af/sky130A/libs.ref/sky130_fd_sc_hd/lef/sky130_ef_sc_hd.lef, created 4 library cells
[INFO ODB-0127] Reading DEF file: /home/azmuth/ASIC_PROJECTS/ahb-lite-apb4-bridge-ip/runs/RUN_2026-07-24_22-11-59/52-odb-cellfrequencytables/ahb_apb_bridge_top.def
[INFO ODB-0128] Design: ahb_apb_bridge_top
[INFO ODB-0130]     Created 210 pins.
[INFO ODB-0131]     Created 62133 components and 232159 component-terminals.
[INFO ODB-0132]     Created 2 special nets and 230964 connections.
[INFO ODB-0133]     Created 549 nets and 1192 connections.
[INFO ODB-0134] Finished DEF file: /home/azmuth/ASIC_PROJECTS/ahb-lite-apb4-bridge-ip/runs/RUN_2026-07-24_22-11-59/52-odb-cellfrequencytables/ahb_apb_bridge_top.def
Using RCX ruleset '/home/azmuth/.volare/volare/volare/sky130/versions/0fe599b2afb6708d281543108caf8310912f54af/sky130A/libs.tech/openlane/rules.openrcx.sky130A.nom.calibre'…
[INFO RCX-0431] Defined process_corner CURRENT_CORNER with ext_model_index 0
[INFO RCX-0029] Defined extraction corner CURRENT_CORNER
[INFO RCX-0435] Reading extraction model file /home/azmuth/.volare/volare/volare/sky130/versions/0fe599b2afb6708d281543108caf8310912f54af/sky130A/libs.tech/openlane/rules.openrcx.sky130A.nom.calibre ...
[INFO RCX-0436] RC segment generation ahb_apb_bridge_top (max_merge_res 50.0) ...
[INFO RCX-0040] Final 1295 rc segments
[INFO RCX-0439] Coupling Cap extraction ahb_apb_bridge_top ...
[INFO RCX-0440] Coupling threshhold is 0.1000 fF, coupling capacitance less than 0.1000 fF will be grounded.
[INFO RCX-0442] 82% of 5933 wires extracted
[INFO RCX-0442] 100% of 5933 wires extracted
[INFO RCX-0045] Extract 549 nets, 1842 rsegs, 1842 caps, 2018 ccs
Setting global connections for newly added cells…
[INFO] Setting global connections...
Updating metrics…
Cell type report:                       Count       Area
  Fill cell                             52888  598137.41
  Tap cell                               8784   10990.54
  Antenna cell                             13      32.53
  Standard cell                           448    4540.60
  Total                                 62133  613701.09
Writing extracted parasitics to '/home/azmuth/ASIC_PROJECTS/ahb-lite-apb4-bridge-ip/runs/RUN_2026-07-24_22-11-59/53-openroad-rcx/nom/ahb_apb_bridge_top.nom.spef'…
[INFO RCX-0443] 549 nets finished
