
===========================================================================
report_checks -unconstrained
===========================================================================
======================= min_ss_100C_1v60 Corner ===================================

Startpoint: HRESETn (input port clocked by HCLK)
Endpoint: _158_ (recovery check against rising-edge clock HCLK)
Path Group: asynchronous
Path Type: max

Fanout         Cap        Slew       Delay        Time   Description
---------------------------------------------------------------------------------------------
                                  0.000000    0.000000   clock HCLK (rise edge)
                                  0.000000    0.000000   clock network delay (propagated)
                                  2.000000    2.000000 ^ input external delay
     1    0.002826    0.032431    0.015909    2.015909 ^ HRESETn (in)
                                                         HRESETn (net)
                      0.032431    0.000000    2.015909 ^ input34/A (sky130_fd_sc_hd__buf_1)
     1    0.010611    0.212147    0.235229    2.251137 ^ input34/X (sky130_fd_sc_hd__buf_1)
                                                         net34 (net)
                      0.212148    0.000269    2.251407 ^ fanout192/A (sky130_fd_sc_hd__buf_8)
     6    0.125411    0.320211    0.407226    2.658633 ^ fanout192/X (sky130_fd_sc_hd__buf_8)
                                                         net192 (net)
                      0.323796    0.027306    2.685939 ^ fanout187/A (sky130_fd_sc_hd__buf_8)
     6    0.139866    0.354611    0.476725    3.162663 ^ fanout187/X (sky130_fd_sc_hd__buf_8)
                                                         net187 (net)
                      0.357424    0.025518    3.188181 ^ fanout185/A (sky130_fd_sc_hd__buf_8)
    11    0.123618    0.314622    0.459254    3.647436 ^ fanout185/X (sky130_fd_sc_hd__buf_8)
                                                         net185 (net)
                      0.320294    0.033640    3.681076 ^ fanout184/A (sky130_fd_sc_hd__clkbuf_4)
    10    0.041523    0.211963    0.465298    4.146374 ^ fanout184/X (sky130_fd_sc_hd__clkbuf_4)
                                                         net184 (net)
                      0.211966    0.001180    4.147554 ^ _158_/RESET_B (sky130_fd_sc_hd__dfrtp_1)
                                              4.147554   data arrival time

                                 10.000000   10.000000   clock HCLK (rise edge)
                                  0.000000   10.000000   clock source latency
     1    0.055926    0.400392    0.285213   10.285213 ^ HCLK (in)
                                                         HCLK (net)
                      0.400771    0.000000   10.285213 ^ clkbuf_0_HCLK/A (sky130_fd_sc_hd__clkbuf_16)
     5    0.123339    0.211476    0.480759   10.765971 ^ clkbuf_0_HCLK/X (sky130_fd_sc_hd__clkbuf_16)
                                                         clknet_0_HCLK (net)
                      0.212249    0.009402   10.775373 ^ clkbuf_2_1_0_HCLK/A (sky130_fd_sc_hd__clkbuf_8)
     2    0.035260    0.118308    0.333368   11.108742 ^ clkbuf_2_1_0_HCLK/X (sky130_fd_sc_hd__clkbuf_8)
                                                         clknet_2_1_0_HCLK (net)
                      0.118400    0.002980   11.111722 ^ clkbuf_3_3__f_HCLK/A (sky130_fd_sc_hd__clkbuf_16)
    10    0.025390    0.074233    0.251449   11.363171 ^ clkbuf_3_3__f_HCLK/X (sky130_fd_sc_hd__clkbuf_16)
                                                         clknet_3_3__leaf_HCLK (net)
                      0.074233    0.000252   11.363422 ^ _158_/CLK (sky130_fd_sc_hd__dfrtp_1)
                                 -0.250000   11.113422   clock uncertainty
                                  0.000000   11.113422   clock reconvergence pessimism
                                  0.411417   11.524839   library recovery time
                                             11.524839   data required time
---------------------------------------------------------------------------------------------
                                             11.524839   data required time
                                             -4.147554   data arrival time
---------------------------------------------------------------------------------------------
                                              7.377285   slack (MET)


Startpoint: _216_ (rising edge-triggered flip-flop clocked by HCLK)
Endpoint: PSEL[0] (output port clocked by HCLK)
Path Group: HCLK
Path Type: max

Fanout         Cap        Slew       Delay        Time   Description
---------------------------------------------------------------------------------------------
                                  0.000000    0.000000   clock HCLK (rise edge)
                                  0.000000    0.000000   clock source latency
     1    0.055926    0.400392    0.285213    0.285213 ^ HCLK (in)
                                                         HCLK (net)
                      0.400771    0.000000    0.285213 ^ clkbuf_0_HCLK/A (sky130_fd_sc_hd__clkbuf_16)
     5    0.123339    0.211476    0.480758    0.765971 ^ clkbuf_0_HCLK/X (sky130_fd_sc_hd__clkbuf_16)
                                                         clknet_0_HCLK (net)
                      0.212058    0.007919    0.773889 ^ clkbuf_2_3_0_HCLK/A (sky130_fd_sc_hd__clkbuf_8)
     2    0.037340    0.123358    0.337926    1.111816 ^ clkbuf_2_3_0_HCLK/X (sky130_fd_sc_hd__clkbuf_8)
                                                         clknet_2_3_0_HCLK (net)
                      0.123358    0.000709    1.112525 ^ clkbuf_3_7__f_HCLK/A (sky130_fd_sc_hd__clkbuf_16)
     7    0.046837    0.102523    0.281109    1.393633 ^ clkbuf_3_7__f_HCLK/X (sky130_fd_sc_hd__clkbuf_16)
                                                         clknet_3_7__leaf_HCLK (net)
                      0.103357    0.005435    1.399068 ^ _216_/CLK (sky130_fd_sc_hd__dfrtp_2)
     5    0.019743    0.150278    0.917710    2.316778 v _216_/Q (sky130_fd_sc_hd__dfrtp_2)
                                                         u_bridge_fsm.state[0] (net)
                      0.150278    0.000137    2.316915 v _076_/A (sky130_fd_sc_hd__xor2_2)
     6    0.016352    0.362493    0.427677    2.744592 ^ _076_/X (sky130_fd_sc_hd__xor2_2)
                                                         _070_ (net)
                      0.362493    0.000203    2.744795 ^ _077_/C_N (sky130_fd_sc_hd__nor3b_1)
     1    0.002108    0.242413    0.388078    3.132873 ^ _077_/Y (sky130_fd_sc_hd__nor3b_1)
                                                         net138 (net)
                      0.242413    0.000019    3.132892 ^ output138/A (sky130_fd_sc_hd__buf_2)
     1    0.034286    0.272567    0.423137    3.556028 ^ output138/X (sky130_fd_sc_hd__buf_2)
                                                         PSEL[0] (net)
                      0.272567    0.000263    3.556292 ^ PSEL[0] (out)
                                              3.556292   data arrival time

                                 10.000000   10.000000   clock HCLK (rise edge)
                                  0.000000   10.000000   clock network delay (propagated)
                                 -0.250000    9.750000   clock uncertainty
                                  0.000000    9.750000   clock reconvergence pessimism
                                 -2.000000    7.750000   output external delay
                                              7.750000   data required time
---------------------------------------------------------------------------------------------
                                              7.750000   data required time
                                             -3.556292   data arrival time
---------------------------------------------------------------------------------------------
                                              4.193708   slack (MET)




===========================================================================
report_checks --slack_max -0.01
============================================================================
======================= min_ss_100C_1v60 Corner ===================================

No paths found.


===========================================================================
 report_check_types -max_slew -max_cap -max_fanout -violators
============================================================================
======================= min_ss_100C_1v60 Corner ===================================

max fanout

Pin                                   Limit Fanout  Slack
---------------------------------------------------------
fanout190/X                              10     13     -3 (VIOLATED)
fanout176/X                              10     12     -2 (VIOLATED)
clkbuf_3_4__f_HCLK/X                     10     11        (VIOLATED)
clkbuf_3_5__f_HCLK/X                     10     11        (VIOLATED)
fanout185/X                              10     11        (VIOLATED)



===========================================================================
report_parasitic_annotation -report_unannotated
============================================================================
Found 4 unannotated drivers.
 HTRANS[0]
 clkload0/X
 clkload1/X
 clkload2/Y
Found 0 partially unannotated drivers.

===========================================================================
max slew violation count 0
max fanout violation count 5
max cap violation count 0
============================================================================

===========================================================================
check_setup -verbose -unconstrained_endpoints -multiple_clock -no_clock -no_input_delay -loops -generated_clocks
===========================================================================
