Clock: HCLK
Sources: HCLK 
Generated: no
Virtual: yes
Propagated: no
Period: 10.000000

===========================================================================
report_clock_properties
============================================================================
Clock                   Period          Waveform
----------------------------------------------------
HCLK                 10.000000    0.000000  5.000000

===========================================================================
report_clock_latency
============================================================================
Clock HCLK
rise -> rise
    min     max
0.000000 0.000000 source latency
1.363292         network latency _205_/CLK
        1.449977 network latency _207_/CLK
---------------
1.363292 1.449977 latency
        0.086685 skew

fall -> fall
    min     max
0.000000 0.000000 source latency
1.202413         network latency _205_/CLK
        1.269962 network latency _207_/CLK
---------------
1.202413 1.269962 latency
        0.067549 skew



===========================================================================
report_clock_min_period
============================================================================
HCLK period_min = 3.25 fmax = 308.08
