
===========================================================================
 report_power
============================================================================
======================= min_ss_100C_1v60 Corner ===================================

Group                    Internal    Switching      Leakage        Total
                            Power        Power        Power        Power (Watts)
------------------------------------------------------------------------
Sequential           2.452800e-04 2.343065e-05 1.268536e-06 2.699792e-04  30.6%
Combinational        1.108692e-04 1.704341e-04 2.054824e-06 2.833581e-04  32.1%
Clock                1.670772e-04 1.613109e-04 2.628831e-07 3.286510e-04  37.3%
Macro                0.000000e+00 0.000000e+00 0.000000e+00 0.000000e+00   0.0%
Pad                  0.000000e+00 0.000000e+00 0.000000e+00 0.000000e+00   0.0%
------------------------------------------------------------------------
Total                5.232268e-04 3.551756e-04 3.586251e-06 8.819886e-04 100.0%
                            59.3%        40.3%         0.4%

