Reading OpenROAD database at '/home/azmuth/ASIC_PROJECTS/ahb-lite-apb4-bridge-ip/runs/RUN_2026-07-24_22-11-59/24-openroad-ioplacement/ahb_apb_bridge_top.odb'…
Reading library file at '/home/azmuth/.volare/volare/volare/sky130/versions/0fe599b2afb6708d281543108caf8310912f54af/sky130A/libs.ref/sky130_fd_sc_hd/lib/sky130_fd_sc_hd__tt_025C_1v80.lib'…
Reading design constraints file at '/nix/store/h0ldzjka94yryiq8yxbxmwargpnmwhx6-python3-3.11.9-env/lib/python3.11/site-packages/openlane/scripts/base.sdc'…
[INFO] Using clock HCLK…
[INFO] Setting output delay to: 2
[INFO] Setting input delay to: 2
[INFO] Setting load to: 0.033442
[INFO] Setting clock uncertainty to: 0.25
[INFO] Setting clock transition to: 0.1499999999999999944488848768742172978818416595458984375
[INFO] Setting timing derate to: 5%
[INFO] Setting RC values…
[INFO] Setting signal min routing layer to: met1 and clock min routing layer to met1. 
[INFO] Setting signal max routing layer to: met5 and clock max routing layer to met5. 
+ global_placement -density 0.55 -timing_driven -routability_driven -pad_right 0 -pad_left 0 -init_wirelength_coef 0.25
[INFO GPL-0002] DBU: 1000
[INFO GPL-0003] SiteSize: (  0.460  2.720 ) um
[INFO GPL-0004] CoreBBox: (  5.520 10.880 ) ( 794.420 788.800 ) um
[INFO GPL-0006] NumInstances:              9534
[INFO GPL-0007] NumPlaceInstances:          178
[INFO GPL-0008] NumFixedInstances:         9356
[INFO GPL-0009] NumDummyInstances:            0
[INFO GPL-0010] NumNets:                    282
[INFO GPL-0011] NumPins:                    850
[INFO GPL-0012] DieBBox:  (  0.000  0.000 ) ( 800.000 800.000 ) um
[INFO GPL-0013] CoreBBox: (  5.520 10.880 ) ( 794.420 788.800 ) um
[INFO GPL-0016] CoreArea:            613701.088 um^2
[INFO GPL-0017] NonPlaceInstsArea:    13137.600 um^2
[INFO GPL-0018] PlaceInstsArea:        2775.162 um^2
[INFO GPL-0019] Util:                     0.462 %
[INFO GPL-0020] StdInstsArea:          2775.162 um^2
[INFO GPL-0021] MacroInstsArea:           0.000 um^2
[InitialPlace]  Iter: 1 CG residual: 0.00000011 HPWL: 83569699
[InitialPlace]  Iter: 2 CG residual: 0.00000011 HPWL: 59173084
[InitialPlace]  Iter: 3 CG residual: 0.00000006 HPWL: 28993625
[InitialPlace]  Iter: 4 CG residual: 0.00000007 HPWL: 14630161
[InitialPlace]  Iter: 5 CG residual: 0.00000007 HPWL: 11960723
[INFO GPL-0031] FillerInit:NumGCells:     21263
[INFO GPL-0032] FillerInit:NumGNets:        282
[INFO GPL-0033] FillerInit:NumGPins:        850
[INFO GPL-0023] TargetDensity:            0.550
[INFO GPL-0024] AvrgPlaceInstArea:       15.591 um^2
[INFO GPL-0025] IdealBinArea:            28.347 um^2
[INFO GPL-0026] IdealBinCnt:              21649
[INFO GPL-0027] TotalBinArea:        613701.088 um^2
[INFO GPL-0028] BinCnt:       128    128
[INFO GPL-0029] BinSize: (  6.164  6.078 )
[INFO GPL-0030] NumBins: 16384
[NesterovSolve] Iter:    1 overflow: 0.246 HPWL: 11365083
[INFO GPL-0100] Timing-driven: executing resizer for reweighting nets.
[INFO GPL-0101] Timing-driven: worst slack 5.41e-09
[INFO GPL-0103] Timing-driven: weighted 28 nets.
[NesterovSolve] Snapshot saved at iter = 0
[INFO GPL-0075] Routability numCall: 1 inflationIterCnt: 1 bloatIterCnt: 0
[INFO GPL-0036] TileBBox: (    0    0 ) ( 6900 6900 ) DBU
[INFO GPL-0038] TileCnt:     115  115
[INFO GPL-0040] NumTiles: 13225
[INFO GPL-0081] TotalRouteOverflow: 0
[INFO GPL-0082] OverflowTileCnt: 0
[INFO GPL-0083] 0.5%RC: 0.5522190955147814
[INFO GPL-0084] 1.0%RC: 0.5306040546051541
[INFO GPL-0085] 2.0%RC: 0.508292092467254
[INFO GPL-0086] 5.0%RC: 0.4790130687984455
[INFO GPL-0087] FinalRC: 0.5414116
[INFO GPL-0077] FinalRC lower than targetRC(1.01), routability not needed.
[NesterovSolve] Iter:   10 overflow: 0.258 HPWL: 11335744
[NesterovSolve] Iter:   20 overflow: 0.263 HPWL: 11331235
[NesterovSolve] Iter:   30 overflow: 0.260 HPWL: 11330750
[NesterovSolve] Iter:   40 overflow: 0.260 HPWL: 11326658
[NesterovSolve] Iter:   50 overflow: 0.261 HPWL: 11327690
[NesterovSolve] Iter:   60 overflow: 0.260 HPWL: 11327767
[NesterovSolve] Iter:   70 overflow: 0.260 HPWL: 11327420
[NesterovSolve] Iter:   80 overflow: 0.260 HPWL: 11327633
[NesterovSolve] Iter:   90 overflow: 0.260 HPWL: 11327595
[NesterovSolve] Iter:  100 overflow: 0.260 HPWL: 11327585
[NesterovSolve] Iter:  110 overflow: 0.260 HPWL: 11327743
[NesterovSolve] Iter:  120 overflow: 0.260 HPWL: 11327918
[NesterovSolve] Iter:  130 overflow: 0.260 HPWL: 11328387
[NesterovSolve] Iter:  140 overflow: 0.260 HPWL: 11329478
[NesterovSolve] Iter:  150 overflow: 0.260 HPWL: 11331250
[NesterovSolve] Iter:  160 overflow: 0.260 HPWL: 11334249
[NesterovSolve] Iter:  170 overflow: 0.259 HPWL: 11338957
[NesterovSolve] Iter:  180 overflow: 0.259 HPWL: 11346235
[NesterovSolve] Iter:  190 overflow: 0.258 HPWL: 11355021
[NesterovSolve] Iter:  200 overflow: 0.257 HPWL: 11361797
[NesterovSolve] Iter:  210 overflow: 0.257 HPWL: 11360835
[NesterovSolve] Iter:  220 overflow: 0.258 HPWL: 11347494
[NesterovSolve] Iter:  230 overflow: 0.259 HPWL: 11337161
[NesterovSolve] Iter:  240 overflow: 0.256 HPWL: 11358339
[NesterovSolve] Iter:  250 overflow: 0.255 HPWL: 11351519
[NesterovSolve] Iter:  260 overflow: 0.255 HPWL: 11347400
[NesterovSolve] Iter:  270 overflow: 0.253 HPWL: 11347423
[NesterovSolve] Iter:  280 overflow: 0.250 HPWL: 11350789
[NesterovSolve] Iter:  290 overflow: 0.247 HPWL: 11344220
[NesterovSolve] Iter:  300 overflow: 0.243 HPWL: 11341116
[NesterovSolve] Iter:  310 overflow: 0.235 HPWL: 11340992
[NesterovSolve] Iter:  320 overflow: 0.225 HPWL: 11342474
[NesterovSolve] Iter:  330 overflow: 0.215 HPWL: 11351092
[INFO GPL-0100] Timing-driven: executing resizer for reweighting nets.
[INFO GPL-0101] Timing-driven: worst slack 5.42e-09
[INFO GPL-0103] Timing-driven: weighted 28 nets.
[NesterovSolve] Iter:  340 overflow: 0.203 HPWL: 11365184
[NesterovSolve] Iter:  350 overflow: 0.180 HPWL: 11387338
[NesterovSolve] Iter:  360 overflow: 0.165 HPWL: 11451896
[NesterovSolve] Iter:  370 overflow: 0.147 HPWL: 11499497
[INFO GPL-0100] Timing-driven: executing resizer for reweighting nets.
[INFO GPL-0101] Timing-driven: worst slack 5.42e-09
[INFO GPL-0103] Timing-driven: weighted 28 nets.
[NesterovSolve] Iter:  380 overflow: 0.123 HPWL: 11549642
[NesterovSolve] Iter:  390 overflow: 0.103 HPWL: 11481223
[NesterovSolve] Finished with Overflow: 0.099614
[INFO] Setting RC values…
Setting global connections for newly added cells…
[INFO] Setting global connections...
Updating metrics…
Cell type report:                       Count       Area
  Fill cell                               572    2147.06
  Tap cell                               8784   10990.54
  Buffer                                   32     160.15
  Inverter                                  2       7.51
  Sequential cell                          67    1760.44
  Multi-Input combinational cell           77     847.06
  Total                                  9534   15912.76
Writing OpenROAD database to '/home/azmuth/ASIC_PROJECTS/ahb-lite-apb4-bridge-ip/runs/RUN_2026-07-24_22-11-59/27-openroad-globalplacement/ahb_apb_bridge_top.odb'…
Writing netlist to '/home/azmuth/ASIC_PROJECTS/ahb-lite-apb4-bridge-ip/runs/RUN_2026-07-24_22-11-59/27-openroad-globalplacement/ahb_apb_bridge_top.nl.v'…
Writing powered netlist to '/home/azmuth/ASIC_PROJECTS/ahb-lite-apb4-bridge-ip/runs/RUN_2026-07-24_22-11-59/27-openroad-globalplacement/ahb_apb_bridge_top.pnl.v'…
Writing layout to '/home/azmuth/ASIC_PROJECTS/ahb-lite-apb4-bridge-ip/runs/RUN_2026-07-24_22-11-59/27-openroad-globalplacement/ahb_apb_bridge_top.def'…
Writing timing constraints to '/home/azmuth/ASIC_PROJECTS/ahb-lite-apb4-bridge-ip/runs/RUN_2026-07-24_22-11-59/27-openroad-globalplacement/ahb_apb_bridge_top.sdc'…
