121. Printing statistics.

=== ahb_apb_bridge_top ===

   Number of wires:                 37
   Number of wire bits:            229
   Number of public wires:          21
   Number of public wire bits:     213
   Number of ports:                 18
   Number of port bits:            208
   Number of memories:               0
   Number of memory bits:            0
   Number of processes:              0
   Number of cells:                 93
     $_ANDNOT_                      11
     $_AND_                          2
     $_DFFE_PN0P_                   67
     $_MUX_                          1
     $_NAND_                         1
     $_NOR_                          3
     $_ORNOT_                        3
     $_OR_                           5

   Area for cell type $_AND_ is unknown!
   Area for cell type $_NAND_ is unknown!
   Area for cell type $_OR_ is unknown!
   Area for cell type $_NOR_ is unknown!
   Area for cell type $_ANDNOT_ is unknown!
   Area for cell type $_ORNOT_ is unknown!
   Area for cell type $_MUX_ is unknown!
   Area for cell type $_DFFE_PN0P_ is unknown!

