135. Printing statistics.

=== ahb_apb_bridge_top ===

   Number of wires:                 92
   Number of wire bits:            282
   Number of public wires:          20
   Number of public wire bits:     210
   Number of ports:                 18
   Number of port bits:            208
   Number of memories:               0
   Number of memory bits:            0
   Number of processes:              0
   Number of cells:                178
     sky130_fd_sc_hd__a32o_2         1
     sky130_fd_sc_hd__and2_2         1
     sky130_fd_sc_hd__and2b_2        1
     sky130_fd_sc_hd__and3_2         1
     sky130_fd_sc_hd__and3b_2        2
     sky130_fd_sc_hd__buf_2         32
     sky130_fd_sc_hd__dfrtp_2       67
     sky130_fd_sc_hd__inv_2          2
     sky130_fd_sc_hd__mux2_1        65
     sky130_fd_sc_hd__nand2_2        1
     sky130_fd_sc_hd__nor2_2         1
     sky130_fd_sc_hd__nor3b_2        1
     sky130_fd_sc_hd__o21ai_2        1
     sky130_fd_sc_hd__o31a_2         1
     sky130_fd_sc_hd__xor2_2         1

   Chip area for module '\ahb_apb_bridge_top': 2775.161600
     of which used for sequential elements: 1760.438400 (63.44%)

