Reading OpenROAD database at '/home/azmuth/ASIC_PROJECTS/ahb-lite-apb4-bridge-ip/runs/RUN_2026-07-24_22-11-59/38-openroad-globalrouting/ahb_apb_bridge_top.odb'…
Reading library file at '/home/azmuth/.volare/volare/volare/sky130/versions/0fe599b2afb6708d281543108caf8310912f54af/sky130A/libs.ref/sky130_fd_sc_hd/lib/sky130_fd_sc_hd__tt_025C_1v80.lib'…
Reading design constraints file at '/nix/store/h0ldzjka94yryiq8yxbxmwargpnmwhx6-python3-3.11.9-env/lib/python3.11/site-packages/openlane/scripts/base.sdc'…
[INFO] Using clock HCLK…
[INFO] Setting output delay to: 2
[INFO] Setting input delay to: 2
[INFO] Setting load to: 0.033442
[INFO] Setting clock uncertainty to: 0.25
[INFO] Setting clock transition to: 0.1499999999999999944488848768742172978818416595458984375
[INFO] Setting timing derate to: 5%
[INFO] Setting signal min routing layer to: met1 and clock min routing layer to met1. 
[INFO] Setting signal max routing layer to: met5 and clock max routing layer to met5. 
-congestion_iterations 50 -verbose
[INFO GRT-0020] Min routing layer: met1
[INFO GRT-0021] Max routing layer: met5
[INFO GRT-0022] Global adjustment: 30%
[INFO GRT-0023] Grid origin: (0, 0)
[INFO GRT-0043] No OR_DEFAULT vias defined.
[INFO GRT-0088] Layer li1     Track-Pitch = 0.4600  line-2-Via Pitch: 0.3400
[INFO GRT-0088] Layer met1    Track-Pitch = 0.3400  line-2-Via Pitch: 0.3400
[INFO GRT-0088] Layer met2    Track-Pitch = 0.4600  line-2-Via Pitch: 0.3500
[INFO GRT-0088] Layer met3    Track-Pitch = 0.6800  line-2-Via Pitch: 0.6150
[INFO GRT-0088] Layer met4    Track-Pitch = 0.9200  line-2-Via Pitch: 1.0400
[INFO GRT-0088] Layer met5    Track-Pitch = 3.4000  line-2-Via Pitch: 3.1100
[INFO GRT-0019] Found 14 clock nets.
[INFO GRT-0001] Minimum degree: 2
[INFO GRT-0002] Maximum degree: 12
[INFO GRT-0003] Macros: 0
[INFO GRT-0043] No OR_DEFAULT vias defined.
[INFO GRT-0004] Blockages: 943

[INFO GRT-0053] Routing resources analysis:
          Routing      Original      Derated      Resource
Layer     Direction    Resources     Resources    Reduction (%)
---------------------------------------------------------------
li1        Vertical            0             0          0.00%
met1       Horizontal     266685        131249          50.79%
met2       Vertical       199985        131952          34.02%
met3       Horizontal     133285         92153          30.86%
met4       Vertical        80270         50750          36.78%
met5       Horizontal      26565         12768          51.94%
---------------------------------------------------------------

[INFO GRT-0197] Via related to pin nodes: 2025
[INFO GRT-0198] Via related Steiner nodes: 19
[INFO GRT-0199] Via filling finished.
[INFO GRT-0111] Final number of vias: 2598
[INFO GRT-0112] Final usage 3D: 10562

[INFO GRT-0096] Final congestion report:
Layer         Resource        Demand        Usage (%)    Max H / Max V / Total Overflow
---------------------------------------------------------------------------------------
li1                  0             0            0.00%             0 /  0 /  0
met1            131249          1098            0.84%             0 /  0 /  0
met2            131952          1622            1.23%             0 /  0 /  0
met3             92153            48            0.05%             0 /  0 /  0
met4             50750             0            0.00%             0 /  0 /  0
met5             12768             0            0.00%             0 /  0 /  0
---------------------------------------------------------------------------------------
Total           418872          2768            0.66%             0 /  0 /  0

[INFO GRT-0018] Total wirelength: 24536 um
[INFO GRT-0014] Routed nets: 548
[INFO GRT-0006] Repairing antennas, iteration 1.
[INFO GRT-0043] No OR_DEFAULT vias defined.
[INFO GRT-0012] Found 8 antenna violations.
[INFO GRT-0015] Inserted 8 diodes.
[INFO GRT-0009] rerouting 108 nets.
[INFO GRT-0001] Minimum degree: 2
[INFO GRT-0002] Maximum degree: 12
[INFO GRT-0006] Repairing antennas, iteration 2.
[INFO GRT-0043] No OR_DEFAULT vias defined.
[INFO GRT-0012] Found 4 antenna violations.
[INFO GRT-0015] Inserted 4 diodes.
[INFO GRT-0009] rerouting 6 nets.
[INFO GRT-0001] Minimum degree: 3
[INFO GRT-0002] Maximum degree: 13
[INFO GRT-0006] Repairing antennas, iteration 3.
[INFO GRT-0043] No OR_DEFAULT vias defined.
[INFO GRT-0012] Found 1 antenna violations.
[INFO GRT-0015] Inserted 1 diodes.
[INFO GRT-0009] rerouting 1 nets.
[INFO GRT-0001] Minimum degree: 14
[INFO GRT-0002] Maximum degree: 14
Placement Analysis
---------------------------------
total displacement          0.0 u
average displacement        0.0 u
max displacement            0.0 u
original HPWL           20329.2 u
legalized HPWL          20329.2 u
delta HPWL                    0 %

[INFO DPL-0020] Mirrored 192 instances
[INFO DPL-0021] HPWL before           20329.2 u
[INFO DPL-0022] HPWL after            19975.0 u
[INFO DPL-0023] HPWL delta               -1.7 %
-congestion_iterations 50 -verbose
[INFO GRT-0020] Min routing layer: met1
[INFO GRT-0021] Max routing layer: met5
[INFO GRT-0022] Global adjustment: 30%
[INFO GRT-0023] Grid origin: (0, 0)
[INFO GRT-0043] No OR_DEFAULT vias defined.
[INFO GRT-0088] Layer li1     Track-Pitch = 0.4600  line-2-Via Pitch: 0.3400
[INFO GRT-0088] Layer met1    Track-Pitch = 0.3400  line-2-Via Pitch: 0.3400
[INFO GRT-0088] Layer met2    Track-Pitch = 0.4600  line-2-Via Pitch: 0.3500
[INFO GRT-0088] Layer met3    Track-Pitch = 0.6800  line-2-Via Pitch: 0.6150
[INFO GRT-0088] Layer met4    Track-Pitch = 0.9200  line-2-Via Pitch: 1.0400
[INFO GRT-0088] Layer met5    Track-Pitch = 3.4000  line-2-Via Pitch: 3.1100
[INFO GRT-0019] Found 14 clock nets.
[INFO GRT-0001] Minimum degree: 2
[INFO GRT-0002] Maximum degree: 14
[INFO GRT-0003] Macros: 0
[INFO GRT-0043] No OR_DEFAULT vias defined.
[INFO GRT-0004] Blockages: 943

[INFO GRT-0053] Routing resources analysis:
          Routing      Original      Derated      Resource
Layer     Direction    Resources     Resources    Reduction (%)
---------------------------------------------------------------
li1        Vertical            0             0          0.00%
met1       Horizontal     266685        131250          50.78%
met2       Vertical       199985        131952          34.02%
met3       Horizontal     133285         92153          30.86%
met4       Vertical        80270         50750          36.78%
met5       Horizontal      26565         12768          51.94%
---------------------------------------------------------------

[INFO GRT-0197] Via related to pin nodes: 2038
[INFO GRT-0198] Via related Steiner nodes: 18
[INFO GRT-0199] Via filling finished.
[INFO GRT-0111] Final number of vias: 2611
[INFO GRT-0112] Final usage 3D: 10602

[INFO GRT-0096] Final congestion report:
Layer         Resource        Demand        Usage (%)    Max H / Max V / Total Overflow
---------------------------------------------------------------------------------------
li1                  0             0            0.00%             0 /  0 /  0
met1            131250          1099            0.84%             0 /  0 /  0
met2            131952          1622            1.23%             0 /  0 /  0
met3             92153            48            0.05%             0 /  0 /  0
met4             50750             0            0.00%             0 /  0 /  0
met5             12768             0            0.00%             0 /  0 /  0
---------------------------------------------------------------------------------------
Total           418873          2769            0.66%             0 /  0 /  0

[INFO GRT-0018] Total wirelength: 24570 um
[INFO GRT-0014] Routed nets: 548
[INFO] Setting RC values…
Setting global connections for newly added cells…
[INFO] Setting global connections...
Updating metrics…
Cell type report:                       Count       Area
  Fill cell                               572    2147.06
  Tap cell                               8784   10990.54
  Antenna cell                             13      32.53
  Buffer                                   32     120.12
  Clock buffer                             15     295.28
  Timing Repair Buffer                    254    1601.54
  Inverter                                  2       7.51
  Clock inverter                            1       5.00
  Sequential cell                          67    1686.62
  Multi-Input combinational cell           77     824.54
  Total                                  9817   17710.74
Writing OpenROAD database to '/home/azmuth/ASIC_PROJECTS/ahb-lite-apb4-bridge-ip/runs/RUN_2026-07-24_22-11-59/41-openroad-repairantennas/1-diodeinsertion/ahb_apb_bridge_top.odb'…
Writing layout to '/home/azmuth/ASIC_PROJECTS/ahb-lite-apb4-bridge-ip/runs/RUN_2026-07-24_22-11-59/41-openroad-repairantennas/1-diodeinsertion/ahb_apb_bridge_top.def'…
