Clock: HCLK
Sources: HCLK 
Generated: no
Virtual: yes
Propagated: no
Period: 10.000000

===========================================================================
report_clock_properties
============================================================================
Clock                   Period          Waveform
----------------------------------------------------
HCLK                 10.000000    0.000000  5.000000

===========================================================================
report_clock_latency
============================================================================
Clock HCLK
rise -> rise
    min     max
0.000000 0.000000 source latency
0.849027         network latency _192_/CLK
        0.914812 network latency _207_/CLK
---------------
0.849027 0.914812 latency
        0.065785 skew

fall -> fall
    min     max
0.000000 0.000000 source latency
0.717371         network latency _192_/CLK
        0.767576 network latency _207_/CLK
---------------
0.717371 0.767576 latency
        0.050205 skew



===========================================================================
report_clock_min_period
============================================================================
HCLK period_min = 1.67 fmax = 598.98
