
===========================================================================
 report_power
============================================================================
======================= max_tt_025C_1v80 Corner ===================================

Group                    Internal    Switching      Leakage        Total
                            Power        Power        Power        Power (Watts)
------------------------------------------------------------------------
Sequential           3.172509e-04 3.292404e-05 7.794276e-10 3.501757e-04  30.6%
Combinational        1.370097e-04 2.243150e-04 1.225972e-09 3.613259e-04  31.6%
Clock                2.049114e-04 2.282978e-04 3.107939e-08 4.332402e-04  37.8%
Macro                0.000000e+00 0.000000e+00 0.000000e+00 0.000000e+00   0.0%
Pad                  0.000000e+00 0.000000e+00 0.000000e+00 0.000000e+00   0.0%
------------------------------------------------------------------------
Total                6.591713e-04 4.855368e-04 3.308467e-08 1.144741e-03 100.0%
                            57.6%        42.4%         0.0%

