Clock: HCLK
Sources: HCLK 
Generated: no
Virtual: no
Propagated: no
Period: 10.000000

===========================================================================
report_clock_properties
============================================================================
Clock                   Period          Waveform
----------------------------------------------------
HCLK                 10.000000    0.000000  5.000000

===========================================================================
report_clock_latency
============================================================================
Clock HCLK
rise -> rise
    min     max
0.000000 0.000000 source latency
0.389101         network latency _151_/CLK
        0.389101 network latency _151_/CLK
---------------
0.389101 0.389101 latency
        0.000000 skew

fall -> fall
    min     max
0.000000 0.000000 source latency
0.185926         network latency _151_/CLK
        0.185926 network latency _151_/CLK
---------------
0.185926 0.185926 latency
        0.000000 skew



===========================================================================
report_clock_min_period
============================================================================
HCLK period_min = 1.33 fmax = 754.43
