
===========================================================================
 report_power
============================================================================
======================= nom_tt_025C_1v80 Corner ===================================

Group                    Internal    Switching      Leakage        Total
                            Power        Power        Power        Power (Watts)
------------------------------------------------------------------------
Sequential           3.252257e-04 1.181556e-04 7.163155e-10 4.433820e-04  80.5%
Combinational        4.514594e-05 6.229104e-05 4.532686e-10 1.074374e-04  19.5%
Clock                0.000000e+00 0.000000e+00 0.000000e+00 0.000000e+00   0.0%
Macro                0.000000e+00 0.000000e+00 0.000000e+00 0.000000e+00   0.0%
Pad                  0.000000e+00 0.000000e+00 0.000000e+00 0.000000e+00   0.0%
------------------------------------------------------------------------
Total                3.703711e-04 1.804464e-04 1.169585e-09 5.508187e-04 100.0%
                            67.2%        32.8%         0.0%

