Clock: HCLK
Sources: HCLK 
Generated: no
Virtual: yes
Propagated: no
Period: 10.000000

===========================================================================
report_clock_properties
============================================================================
Clock                   Period          Waveform
----------------------------------------------------
HCLK                 10.000000    0.000000  5.000000

===========================================================================
report_clock_latency
============================================================================
Clock HCLK
rise -> rise
    min     max
0.000000 0.000000 source latency
1.419542         network latency _205_/CLK
        1.515060 network latency _207_/CLK
---------------
1.419542 1.515060 latency
        0.095518 skew

fall -> fall
    min     max
0.000000 0.000000 source latency
1.243599         network latency _205_/CLK
        1.317706 network latency _207_/CLK
---------------
1.243599 1.317706 latency
        0.074106 skew



===========================================================================
report_clock_min_period
============================================================================
HCLK period_min = 3.26 fmax = 306.72
