Reading OpenROAD database at '/home/azmuth/ASIC_PROJECTS/ahb-lite-apb4-bridge-ip/runs/RUN_2026-07-24_22-11-59/41-openroad-repairantennas/1-diodeinsertion/ahb_apb_bridge_top.odb'…
Reading library file at '/home/azmuth/.volare/volare/volare/sky130/versions/0fe599b2afb6708d281543108caf8310912f54af/sky130A/libs.ref/sky130_fd_sc_hd/lib/sky130_fd_sc_hd__tt_025C_1v80.lib'…
Reading design constraints file at '/nix/store/h0ldzjka94yryiq8yxbxmwargpnmwhx6-python3-3.11.9-env/lib/python3.11/site-packages/openlane/scripts/base.sdc'…
[INFO] Using clock HCLK…
[INFO] Setting output delay to: 2
[INFO] Setting input delay to: 2
[INFO] Setting load to: 0.033442
[INFO] Setting clock uncertainty to: 0.25
[INFO] Setting clock transition to: 0.1499999999999999944488848768742172978818416595458984375
[INFO] Setting timing derate to: 5%
[INFO ORD-0030] Using 4 thread(s).
[INFO DRT-0149] Reading tech and libs.
[WARNING DRT-0349] LEF58_ENCLOSURE with no CUTCLASS is not supported. Skipping for layer mcon
[WARNING DRT-0349] LEF58_ENCLOSURE with no CUTCLASS is not supported. Skipping for layer mcon
[WARNING DRT-0349] LEF58_ENCLOSURE with no CUTCLASS is not supported. Skipping for layer via
[WARNING DRT-0349] LEF58_ENCLOSURE with no CUTCLASS is not supported. Skipping for layer via
[WARNING DRT-0349] LEF58_ENCLOSURE with no CUTCLASS is not supported. Skipping for layer via2
[WARNING DRT-0349] LEF58_ENCLOSURE with no CUTCLASS is not supported. Skipping for layer via2
[WARNING DRT-0349] LEF58_ENCLOSURE with no CUTCLASS is not supported. Skipping for layer via3
[WARNING DRT-0349] LEF58_ENCLOSURE with no CUTCLASS is not supported. Skipping for layer via3
[WARNING DRT-0349] LEF58_ENCLOSURE with no CUTCLASS is not supported. Skipping for layer via4
[WARNING DRT-0349] LEF58_ENCLOSURE with no CUTCLASS is not supported. Skipping for layer via4

Units:                1000
Number of layers:     13
Number of macros:     441
Number of vias:       29
Number of viarulegen: 25

[INFO DRT-0150] Reading design.

Design:                   ahb_apb_bridge_top
Die area:                 ( 0 0 ) ( 800000 800000 )
Number of track patterns: 12
Number of DEF vias:       0
Number of components:     9817
Number of terminals:      210
Number of snets:          2
Number of nets:           549

[INFO DRT-0167] List of default vias:
  Layer via
    default via: M1M2_PR
  Layer via2
    default via: M2M3_PR
  Layer via3
    default via: M3M4_PR
  Layer via4
    default via: M4M5_PR
[INFO DRT-0162] Library cell analysis.
[INFO DRT-0163] Instance analysis.
[INFO DRT-0164] Number of unique instances = 64.
[INFO DRT-0168] Init region query.
[INFO DRT-0024]   Complete FR_MASTERSLICE.
[INFO DRT-0024]   Complete licon.
[INFO DRT-0024]   Complete li1.
[INFO DRT-0024]   Complete mcon.
[INFO DRT-0024]   Complete met1.
[INFO DRT-0024]   Complete via.
[INFO DRT-0024]   Complete met2.
[INFO DRT-0024]   Complete via2.
[INFO DRT-0024]   Complete met3.
[INFO DRT-0024]   Complete via3.
[INFO DRT-0024]   Complete met4.
[INFO DRT-0024]   Complete via4.
[INFO DRT-0024]   Complete met5.
[INFO DRT-0033] FR_MASTERSLICE shape region query size = 0.
[INFO DRT-0033] licon shape region query size = 0.
[INFO DRT-0033] li1 shape region query size = 51933.
[INFO DRT-0033] mcon shape region query size = 0.
[INFO DRT-0033] met1 shape region query size = 22589.
[INFO DRT-0033] via shape region query size = 8610.
[INFO DRT-0033] met2 shape region query size = 5235.
[INFO DRT-0033] via2 shape region query size = 6888.
[INFO DRT-0033] met3 shape region query size = 5305.
[INFO DRT-0033] via3 shape region query size = 6888.
[INFO DRT-0033] met4 shape region query size = 1806.
[INFO DRT-0033] via4 shape region query size = 60.
[INFO DRT-0033] met5 shape region query size = 80.
[INFO DRT-0165] Start pin access.
[INFO DRT-0078]   Complete 155 pins.
[INFO DRT-0081]   Complete 58 unique inst patterns.
[INFO DRT-0084]   Complete 315 groups.
#scanned instances     = 9817
#unique  instances     = 64
#stdCellGenAp          = 1444
#stdCellValidPlanarAp  = 35
#stdCellValidViaAp     = 934
#stdCellPinNoAp        = 0
#stdCellPinCnt         = 1179
#instTermValidViaApCnt = 0
#macroGenAp            = 0
#macroValidPlanarAp    = 0
#macroValidViaAp       = 0
#macroNoAp             = 0
[INFO DRT-0166] Complete pin access.
[INFO DRT-0267] cpu time = 00:00:04, elapsed time = 00:00:01, memory = 157.36 (MB), peak = 156.78 (MB)

[INFO DRT-0157] Number of guides:     3174

[INFO DRT-0169] Post process guides.
[INFO DRT-0176] GCELLGRID X 0 DO 115 STEP 6900 ;
[INFO DRT-0177] GCELLGRID Y 0 DO 115 STEP 6900 ;
[INFO DRT-0028]   Complete FR_MASTERSLICE.
[INFO DRT-0028]   Complete licon.
[INFO DRT-0028]   Complete li1.
[INFO DRT-0028]   Complete mcon.
[INFO DRT-0028]   Complete met1.
[INFO DRT-0028]   Complete via.
[INFO DRT-0028]   Complete met2.
[INFO DRT-0028]   Complete via2.
[INFO DRT-0028]   Complete met3.
[INFO DRT-0028]   Complete via3.
[INFO DRT-0028]   Complete met4.
[INFO DRT-0028]   Complete via4.
[INFO DRT-0028]   Complete met5.
[INFO DRT-0178] Init guide query.
[INFO DRT-0035]   Complete FR_MASTERSLICE (guide).
[INFO DRT-0035]   Complete licon (guide).
[INFO DRT-0035]   Complete li1 (guide).
[INFO DRT-0035]   Complete mcon (guide).
[INFO DRT-0035]   Complete met1 (guide).
[INFO DRT-0035]   Complete via (guide).
[INFO DRT-0035]   Complete met2 (guide).
[INFO DRT-0035]   Complete via2 (guide).
[INFO DRT-0035]   Complete met3 (guide).
[INFO DRT-0035]   Complete via3 (guide).
[INFO DRT-0035]   Complete met4 (guide).
[INFO DRT-0035]   Complete via4 (guide).
[INFO DRT-0035]   Complete met5 (guide).
[INFO DRT-0036] FR_MASTERSLICE guide region query size = 0.
[INFO DRT-0036] licon guide region query size = 0.
[INFO DRT-0036] li1 guide region query size = 927.
[INFO DRT-0036] mcon guide region query size = 0.
[INFO DRT-0036] met1 guide region query size = 825.
[INFO DRT-0036] via guide region query size = 0.
[INFO DRT-0036] met2 guide region query size = 556.
[INFO DRT-0036] via2 guide region query size = 0.
[INFO DRT-0036] met3 guide region query size = 139.
[INFO DRT-0036] via3 guide region query size = 0.
[INFO DRT-0036] met4 guide region query size = 0.
[INFO DRT-0036] via4 guide region query size = 0.
[INFO DRT-0036] met5 guide region query size = 0.
[INFO DRT-0179] Init gr pin query.
[INFO DRT-0245] skipped writing guide updates to database.
[INFO DRT-0185] Post process initialize RPin region query.
[INFO DRT-0181] Start track assignment.
[INFO DRT-0184] Done with 1483 vertical wires in 3 frboxes and 964 horizontal wires in 3 frboxes.
[INFO DRT-0186] Done with 126 vertical wires in 3 frboxes and 123 horizontal wires in 3 frboxes.
[INFO DRT-0182] Complete track assignment.
[INFO DRT-0267] cpu time = 00:00:00, elapsed time = 00:00:00, memory = 163.73 (MB), peak = 174.82 (MB)
[INFO DRT-0187] Start routing data preparation.
[INFO DRT-0267] cpu time = 00:00:00, elapsed time = 00:00:00, memory = 163.79 (MB), peak = 174.82 (MB)
[INFO DRT-0194] Start detail routing.
[INFO DRT-0195] Start 0th optimization iteration.
    Completing 10% with 0 violations.
    elapsed time = 00:00:00, memory = 179.70 (MB).
    Completing 20% with 0 violations.
    elapsed time = 00:00:00, memory = 202.68 (MB).
    Completing 30% with 47 violations.
    elapsed time = 00:00:00, memory = 210.22 (MB).
    Completing 40% with 47 violations.
    elapsed time = 00:00:00, memory = 219.91 (MB).
    Completing 50% with 47 violations.
    elapsed time = 00:00:00, memory = 225.51 (MB).
    Completing 60% with 66 violations.
    elapsed time = 00:00:00, memory = 219.27 (MB).
    Completing 70% with 66 violations.
    elapsed time = 00:00:00, memory = 224.93 (MB).
    Completing 80% with 69 violations.
    elapsed time = 00:00:00, memory = 219.32 (MB).
    Completing 90% with 69 violations.
    elapsed time = 00:00:00, memory = 219.32 (MB).
    Completing 100% with 69 violations.
    elapsed time = 00:00:00, memory = 219.32 (MB).
[INFO DRT-0199]   Number of violations = 72.
Viol/Layer        met1   met2   met3
Metal Spacing        7      6     30
Min Hole             1      0      0
Recheck              1      2      0
Short               12     13      0
[INFO DRT-0267] cpu time = 00:00:03, elapsed time = 00:00:00, memory = 554.39 (MB), peak = 565.92 (MB)
Total wire length = 20275 um.
Total wire length on LAYER li1 = 0 um.
Total wire length on LAYER met1 = 8340 um.
Total wire length on LAYER met2 = 11256 um.
Total wire length on LAYER met3 = 678 um.
Total wire length on LAYER met4 = 0 um.
Total wire length on LAYER met5 = 0 um.
Total number of vias = 2460.
Up-via summary (total 2460):

-----------------------
 FR_MASTERSLICE       0
            li1    1124
           met1    1195
           met2     141
           met3       0
           met4       0
-----------------------
                   2460


[INFO DRT-0195] Start 1st optimization iteration.
    Completing 10% with 72 violations.
    elapsed time = 00:00:00, memory = 555.45 (MB).
    Completing 20% with 72 violations.
    elapsed time = 00:00:00, memory = 555.55 (MB).
    Completing 30% with 44 violations.
    elapsed time = 00:00:00, memory = 558.69 (MB).
    Completing 40% with 44 violations.
    elapsed time = 00:00:00, memory = 559.84 (MB).
    Completing 50% with 44 violations.
    elapsed time = 00:00:00, memory = 566.57 (MB).
    Completing 60% with 18 violations.
    elapsed time = 00:00:00, memory = 559.84 (MB).
    Completing 70% with 18 violations.
    elapsed time = 00:00:00, memory = 559.84 (MB).
    Completing 80% with 10 violations.
    elapsed time = 00:00:00, memory = 559.84 (MB).
    Completing 90% with 10 violations.
    elapsed time = 00:00:00, memory = 559.84 (MB).
    Completing 100% with 10 violations.
    elapsed time = 00:00:00, memory = 559.84 (MB).
[INFO DRT-0199]   Number of violations = 10.
Viol/Layer        met1   met2   met3
Metal Spacing        1      1      3
Short                4      1      0
[INFO DRT-0267] cpu time = 00:00:02, elapsed time = 00:00:00, memory = 559.95 (MB), peak = 574.34 (MB)
Total wire length = 20215 um.
Total wire length on LAYER li1 = 0 um.
Total wire length on LAYER met1 = 8282 um.
Total wire length on LAYER met2 = 11242 um.
Total wire length on LAYER met3 = 690 um.
Total wire length on LAYER met4 = 0 um.
Total wire length on LAYER met5 = 0 um.
Total number of vias = 2448.
Up-via summary (total 2448):

-----------------------
 FR_MASTERSLICE       0
            li1    1124
           met1    1183
           met2     141
           met3       0
           met4       0
-----------------------
                   2448


[INFO DRT-0195] Start 2nd optimization iteration.
    Completing 10% with 10 violations.
    elapsed time = 00:00:00, memory = 559.95 (MB).
    Completing 20% with 10 violations.
    elapsed time = 00:00:00, memory = 559.95 (MB).
    Completing 30% with 10 violations.
    elapsed time = 00:00:00, memory = 559.95 (MB).
    Completing 40% with 10 violations.
    elapsed time = 00:00:00, memory = 559.95 (MB).
    Completing 50% with 10 violations.
    elapsed time = 00:00:00, memory = 559.95 (MB).
    Completing 60% with 10 violations.
    elapsed time = 00:00:00, memory = 559.95 (MB).
    Completing 70% with 10 violations.
    elapsed time = 00:00:00, memory = 559.95 (MB).
    Completing 80% with 4 violations.
    elapsed time = 00:00:00, memory = 559.95 (MB).
    Completing 90% with 4 violations.
    elapsed time = 00:00:00, memory = 559.95 (MB).
    Completing 100% with 3 violations.
    elapsed time = 00:00:00, memory = 559.95 (MB).
[INFO DRT-0199]   Number of violations = 3.
Viol/Layer        met3
Metal Spacing        3
[INFO DRT-0267] cpu time = 00:00:01, elapsed time = 00:00:00, memory = 571.95 (MB), peak = 574.34 (MB)
Total wire length = 20220 um.
Total wire length on LAYER li1 = 0 um.
Total wire length on LAYER met1 = 8293 um.
Total wire length on LAYER met2 = 11235 um.
Total wire length on LAYER met3 = 692 um.
Total wire length on LAYER met4 = 0 um.
Total wire length on LAYER met5 = 0 um.
Total number of vias = 2443.
Up-via summary (total 2443):

-----------------------
 FR_MASTERSLICE       0
            li1    1124
           met1    1180
           met2     139
           met3       0
           met4       0
-----------------------
                   2443


[INFO DRT-0195] Start 3rd optimization iteration.
    Completing 10% with 3 violations.
    elapsed time = 00:00:00, memory = 571.95 (MB).
    Completing 20% with 3 violations.
    elapsed time = 00:00:00, memory = 571.95 (MB).
    Completing 30% with 3 violations.
    elapsed time = 00:00:00, memory = 571.95 (MB).
    Completing 40% with 3 violations.
    elapsed time = 00:00:00, memory = 571.95 (MB).
    Completing 50% with 3 violations.
    elapsed time = 00:00:00, memory = 571.95 (MB).
    Completing 60% with 0 violations.
    elapsed time = 00:00:00, memory = 571.95 (MB).
    Completing 70% with 0 violations.
    elapsed time = 00:00:00, memory = 571.95 (MB).
    Completing 80% with 0 violations.
    elapsed time = 00:00:00, memory = 571.95 (MB).
    Completing 90% with 0 violations.
    elapsed time = 00:00:00, memory = 571.95 (MB).
    Completing 100% with 0 violations.
    elapsed time = 00:00:00, memory = 571.95 (MB).
[INFO DRT-0199]   Number of violations = 0.
[INFO DRT-0267] cpu time = 00:00:00, elapsed time = 00:00:00, memory = 571.95 (MB), peak = 574.34 (MB)
Total wire length = 20219 um.
Total wire length on LAYER li1 = 0 um.
Total wire length on LAYER met1 = 8293 um.
Total wire length on LAYER met2 = 11216 um.
Total wire length on LAYER met3 = 691 um.
Total wire length on LAYER met4 = 18 um.
Total wire length on LAYER met5 = 0 um.
Total number of vias = 2445.
Up-via summary (total 2445):

-----------------------
 FR_MASTERSLICE       0
            li1    1124
           met1    1180
           met2     139
           met3       2
           met4       0
-----------------------
                   2445


[INFO DRT-0198] Complete detail routing.
Total wire length = 20219 um.
Total wire length on LAYER li1 = 0 um.
Total wire length on LAYER met1 = 8293 um.
Total wire length on LAYER met2 = 11216 um.
Total wire length on LAYER met3 = 691 um.
Total wire length on LAYER met4 = 18 um.
Total wire length on LAYER met5 = 0 um.
Total number of vias = 2445.
Up-via summary (total 2445):

-----------------------
 FR_MASTERSLICE       0
            li1    1124
           met1    1180
           met2     139
           met3       2
           met4       0
-----------------------
                   2445


[INFO DRT-0267] cpu time = 00:00:07, elapsed time = 00:00:02, memory = 571.95 (MB), peak = 574.34 (MB)

[INFO DRT-0180] Post processing.
Setting global connections for newly added cells…
[INFO] Setting global connections...
Updating metrics…
Cell type report:                       Count       Area
  Fill cell                               572    2147.06
  Tap cell                               8784   10990.54
  Antenna cell                             13      32.53
  Buffer                                   32     120.12
  Clock buffer                             15     295.28
  Timing Repair Buffer                    254    1601.54
  Inverter                                  2       7.51
  Clock inverter                            1       5.00
  Sequential cell                          67    1686.62
  Multi-Input combinational cell           77     824.54
  Total                                  9817   17710.74
Writing OpenROAD database to '/home/azmuth/ASIC_PROJECTS/ahb-lite-apb4-bridge-ip/runs/RUN_2026-07-24_22-11-59/43-openroad-detailedrouting/ahb_apb_bridge_top.odb'…
Writing netlist to '/home/azmuth/ASIC_PROJECTS/ahb-lite-apb4-bridge-ip/runs/RUN_2026-07-24_22-11-59/43-openroad-detailedrouting/ahb_apb_bridge_top.nl.v'…
Writing powered netlist to '/home/azmuth/ASIC_PROJECTS/ahb-lite-apb4-bridge-ip/runs/RUN_2026-07-24_22-11-59/43-openroad-detailedrouting/ahb_apb_bridge_top.pnl.v'…
Writing layout to '/home/azmuth/ASIC_PROJECTS/ahb-lite-apb4-bridge-ip/runs/RUN_2026-07-24_22-11-59/43-openroad-detailedrouting/ahb_apb_bridge_top.def'…
Writing timing constraints to '/home/azmuth/ASIC_PROJECTS/ahb-lite-apb4-bridge-ip/runs/RUN_2026-07-24_22-11-59/43-openroad-detailedrouting/ahb_apb_bridge_top.sdc'…
