Reading timing models for corner nom_tt_025C_1v80…
Reading timing library for the 'nom_tt_025C_1v80' corner at '/home/azmuth/.volare/volare/volare/sky130/versions/0fe599b2afb6708d281543108caf8310912f54af/sky130A/libs.ref/sky130_fd_sc_hd/lib/sky130_fd_sc_hd__tt_025C_1v80.lib'…
Reading timing models for corner nom_ff_n40C_1v95…
Reading timing library for the 'nom_ff_n40C_1v95' corner at '/home/azmuth/.volare/volare/volare/sky130/versions/0fe599b2afb6708d281543108caf8310912f54af/sky130A/libs.ref/sky130_fd_sc_hd/lib/sky130_fd_sc_hd__ff_n40C_1v95.lib'…
Reading timing models for corner nom_ss_100C_1v60…
Reading timing library for the 'nom_ss_100C_1v60' corner at '/home/azmuth/.volare/volare/volare/sky130/versions/0fe599b2afb6708d281543108caf8310912f54af/sky130A/libs.ref/sky130_fd_sc_hd/lib/sky130_fd_sc_hd__ss_100C_1v60.lib'…
Reading OpenROAD database at '/home/azmuth/ASIC_PROJECTS/ahb-lite-apb4-bridge-ip/runs/RUN_2026-07-24_22-11-59/27-openroad-globalplacement/ahb_apb_bridge_top.odb'…
Reading design constraints file at '/nix/store/h0ldzjka94yryiq8yxbxmwargpnmwhx6-python3-3.11.9-env/lib/python3.11/site-packages/openlane/scripts/base.sdc'…
[INFO] Using clock HCLK…
[INFO] Setting output delay to: 2
[INFO] Setting input delay to: 2
[INFO] Setting load to: 0.033442
[INFO] Setting clock uncertainty to: 0.25
[INFO] Setting clock transition to: 0.1499999999999999944488848768742172978818416595458984375
[INFO] Setting timing derate to: 5%
[INFO] Setting RC values…
[INFO RSZ-0027] Inserted 70 input buffers.
[INFO RSZ-0028] Inserted 104 output buffers.
[INFO RSZ-0058] Using max wire length 6335um.
Iteration | Resized | Buffers | Nets repaired | Remaining
---------------------------------------------------------
        0 |       0 |       0 |             0 |       456
       10 |       9 |       0 |             0 |       446
       20 |      14 |       0 |             0 |       436
       30 |      14 |       0 |             0 |       426
       40 |      14 |       0 |             0 |       416
       50 |      14 |       0 |             0 |       406
       60 |      14 |       0 |             0 |       396
       70 |      14 |       0 |             0 |       386
       80 |      14 |       0 |             0 |       376
       90 |      22 |       0 |             0 |       366
      100 |      32 |       0 |             0 |       356
      110 |      42 |       0 |             0 |       346
      120 |      52 |       0 |             0 |       336
      130 |      62 |       0 |             0 |       326
      140 |      72 |       0 |             0 |       316
      150 |      82 |       0 |             0 |       306
      160 |      92 |       0 |             0 |       296
      170 |     102 |       0 |             0 |       286
      180 |     112 |       0 |             0 |       276
      190 |     122 |       0 |             0 |       266
      200 |     132 |       0 |             0 |       256
      210 |     142 |       0 |             0 |       246
      220 |     150 |       0 |             0 |       236
      230 |     160 |       0 |             0 |       226
      240 |     170 |       0 |             0 |       216
      250 |     180 |       0 |             0 |       206
      260 |     190 |       0 |             0 |       196
      270 |     200 |       0 |             0 |       186
      280 |     210 |       0 |             0 |       176
      290 |     226 |       9 |             1 |       166
      300 |     236 |       9 |             1 |       156
      310 |     246 |       9 |             1 |       146
      320 |     256 |       9 |             1 |       136
      330 |     272 |      18 |             2 |       126
      340 |     281 |      18 |             2 |       116
      350 |     291 |      18 |             2 |       106
      360 |     292 |      18 |             2 |        96
      370 |     292 |      18 |             2 |        86
      380 |     292 |      18 |             2 |        76
      390 |     292 |      18 |             2 |        66
      400 |     292 |      18 |             2 |        56
      410 |     292 |      18 |             2 |        46
      420 |     292 |      18 |             2 |        36
      430 |     292 |      18 |             2 |        26
      440 |     292 |      18 |             2 |        16
      450 |     292 |      18 |             2 |         6
    final |     292 |      18 |             2 |         0
---------------------------------------------------------
[INFO RSZ-0035] Found 2 fanout violations.
[INFO RSZ-0038] Inserted 18 buffers in 2 nets.
[INFO RSZ-0039] Resized 292 instances.
Placement Analysis
---------------------------------
total displacement       1128.3 u
average displacement        0.1 u
max displacement           11.1 u
original HPWL           16303.8 u
legalized HPWL          17026.2 u
delta HPWL                    4 %

[INFO DPL-0020] Mirrored 120 instances
[INFO DPL-0021] HPWL before           17026.2 u
[INFO DPL-0022] HPWL after            16860.8 u
[INFO DPL-0023] HPWL delta               -1.0 %
[INFO] Setting RC values…
Setting global connections for newly added cells…
[INFO] Setting global connections...
Updating metrics…
Cell type report:                       Count       Area
  Fill cell                               572    2147.06
  Tap cell                               8784   10990.54
  Buffer                                   32     120.12
  Timing Repair Buffer                    192     980.94
  Inverter                                  2       7.51
  Sequential cell                          67    1686.62
  Multi-Input combinational cell           77     824.54
  Total                                  9726   16757.32
Writing OpenROAD database to '/home/azmuth/ASIC_PROJECTS/ahb-lite-apb4-bridge-ip/runs/RUN_2026-07-24_22-11-59/31-openroad-repairdesignpostgpl/ahb_apb_bridge_top.odb'…
Writing netlist to '/home/azmuth/ASIC_PROJECTS/ahb-lite-apb4-bridge-ip/runs/RUN_2026-07-24_22-11-59/31-openroad-repairdesignpostgpl/ahb_apb_bridge_top.nl.v'…
Writing powered netlist to '/home/azmuth/ASIC_PROJECTS/ahb-lite-apb4-bridge-ip/runs/RUN_2026-07-24_22-11-59/31-openroad-repairdesignpostgpl/ahb_apb_bridge_top.pnl.v'…
Writing layout to '/home/azmuth/ASIC_PROJECTS/ahb-lite-apb4-bridge-ip/runs/RUN_2026-07-24_22-11-59/31-openroad-repairdesignpostgpl/ahb_apb_bridge_top.def'…
Writing timing constraints to '/home/azmuth/ASIC_PROJECTS/ahb-lite-apb4-bridge-ip/runs/RUN_2026-07-24_22-11-59/31-openroad-repairdesignpostgpl/ahb_apb_bridge_top.sdc'…
